168.138.174.77 - - [10/Apr/2023:22:59:10 +0700] "ST / HTTP/2.0" 405 166 "-" "Opera/8.01 (Windows NT 5.1; U; de)"
168.138.174.77 - - [10/Apr/2023:22:59:10 +0700] "ST / HTTP/2.0" 405 166 "-" "Opera/8.01 (Windows NT 5.1; U; de)"
168.138.174.77 - - [10/Apr/2023:22:59:10 +0700] "ST / HTTP/2.0" 405 166 "-" "Opera/8.01 (Windows NT 5.1; U; de)"
168.138.174.77 - - [10/Apr/2023:22:59:10 +0700] "ST / HTTP/2.0" 405 166 "-" "Opera/8.01 (Windows NT 5.1; U; de)"
172.104.121.252 - - [10/Apr/2023:22:59:10 +0700] "ST / HTTP/2.0" 405 568 "-" "Mozilla/5.0 (Windows NT 6.1; WOW64) AppleWebKit/537.36 (KHTML, like Gecko) Chrome/56.0.2924.87 Safari/537.36 OPR/43.0.2442.1144"
168.138.174.77 - - [10/Apr/2023:22:59:10 +0700] "ST / HTTP/2.0" 405 166 "-" "Opera/8.01 (Windows NT 5.1; U; de)"
168.138.174.77 - - [10/Apr/2023:22:59:10 +0700] "ST / HTTP/2.0" 405 166 "-" "Opera/8.01 (Windows NT 5.1; U; de)"
168.138.174.77 - - [10/Apr/2023:22:59:10 +0700] "ST / HTTP/2.0" 405 166 "-" "Opera/8.01 (Windows NT 5.1; U; de)"
168.138.174.77 - - [10/Apr/2023:22:59:10 +0700] "ST / HTTP/2.0" 405 166 "-" "Opera/8.01 (Windows NT 5.1; U; de)"
168.138.174.77 - - [10/Apr/2023:22:59:10 +0700] "ST / HTTP/2.0" 405 166 "-" "Opera/8.01 (Windows NT 5.1; U; de)"
172.104.121.252 - - [10/Apr/2023:22:59:10 +0700] "ST / HTTP/2.0" 405 568 "-" "Mozilla/5.0 (Windows NT 6.1; WOW64) AppleWebKit/537.36 (KHTML, like Gecko) Chrome/56.0.2924.87 Safari/537.36 OPR/43.0.2442.1144"
168.138.174.77 - - [10/Apr/2023:22:59:10 +0700] "ST / HTTP/2.0" 405 166 "-" "Opera/8.01 (Windows NT 5.1; U; de)"
168.138.174.77 - - [10/Apr/2023:22:59:10 +0700] "ST / HTTP/2.0" 405 166 "-" "Opera/8.01 (Windows NT 5.1; U; de)"
168.138.174.77 - - [10/Apr/2023:22:59:10 +0700] "ST / HTTP/2.0" 405 166 "-" "Opera/8.01 (Windows NT 5.1; U; de)"
168.138.174.77 - - [10/Apr/2023:22:59:10 +0700] "ST / HTTP/2.0" 405 166 "-" "Opera/8.01 (Windows NT 5.1; U; de)"
172.104.121.252 - - [10/Apr/2023:22:59:10 +0700] "ST / HTTP/2.0" 405 166 "-" "Mozilla/5.0 (X11; U; Linux x86_64; us; rv:1.9.1.19) Gecko/20110430 shadowfox/7.0 (like Firefox/7.0"
168.138.174.77 - - [10/Apr/2023:22:59:10 +0700] "ST / HTTP/2.0" 405 166 "-" "Opera/8.01 (Windows NT 5.1; U; de)"
168.138.174.77 - - [10/Apr/2023:22:59:10 +0700] "ST / HTTP/2.0" 405 166 "-" "Opera/8.01 (Windows NT 5.1; U; de)"
172.104.121.252 - - [10/Apr/2023:22:59:10 +0700] "ST / HTTP/2.0" 405 568 "-" "Mozilla/5.0 (Windows NT 6.1; WOW64) AppleWebKit/537.36 (KHTML, like Gecko) Chrome/56.0.2924.87 Safari/537.36 OPR/43.0.2442.1144"
172.104.121.252 - - [10/Apr/2023:22:59:10 +0700] "ST / HTTP/2.0" 405 568 "-" "Mozilla/5.0 (Windows NT 6.1; WOW64) AppleWebKit/537.36 (KHTML, like Gecko) Chrome/56.0.2924.87 Safari/537.36 OPR/43.0.2442.1144"
172.104.121.252 - - [10/Apr/2023:22:59:10 +0700] "ST / HTTP/2.0" 405 568 "-" "Mozilla/5.0 (Windows NT 6.1; WOW64) AppleWebKit/537.36 (KHTML, like Gecko) Chrome/56.0.2924.87 Safari/537.36 OPR/43.0.2442.1144"
172.104.121.252 - - [10/Apr/2023:22:59:10 +0700] "ST / HTTP/2.0" 405 568 "-" "Mozilla/5.0 (Windows NT 6.1; WOW64) AppleWebKit/537.36 (KHTML, like Gecko) Chrome/56.0.2924.87 Safari/537.36 OPR/43.0.2442.1144"
172.104.121.252 - - [10/Apr/2023:22:59:10 +0700] "ST / HTTP/2.0" 405 568 "-" "Mozilla/5.0 (Windows NT 6.1; WOW64) AppleWebKit/537.36 (KHTML, like Gecko) Chrome/56.0.2924.87 Safari/537.36 OPR/43.0.2442.1144"
172.104.121.252 - - [10/Apr/2023:22:59:11 +0700] "ST / HTTP/2.0" 405 568 "-" "Mozilla/5.0 (Windows NT 6.1; WOW64) AppleWebKit/537.36 (KHTML, like Gecko) Chrome/56.0.2924.87 Safari/537.36 OPR/43.0.2442.1144"
172.104.121.252 - - [10/Apr/2023:22:59:11 +0700] "ST / HTTP/2.0" 405 568 "-" "Mozilla/5.0 (Windows NT 6.1; WOW64) AppleWebKit/537.36 (KHTML, like Gecko) Chrome/56.0.2924.87 Safari/537.36 OPR/43.0.2442.1144"
172.104.121.252 - - [10/Apr/2023:22:59:11 +0700] "ST / HTTP/2.0" 405 568 "-" "Mozilla/5.0 (Windows NT 6.1; WOW64) AppleWebKit/537.36 (KHTML, like Gecko) Chrome/56.0.2924.87 Safari/537.36 OPR/43.0.2442.1144"
68.71.247.130 - - [10/Apr/2023:22:59:12 +0700] "POST / HTTP/2.0" 200 57540 "-" "Mozilla/5.0 (Windows; U; Windows NT 5.1; de-DE; rv:1.7.6) Gecko/20050321 Firefox/1.0.2"
168.138.174.77 - - [10/Apr/2023:22:59:12 +0700] "ST / HTTP/2.0" 405 166 "-" "Opera/8.01 (Windows NT 5.1; U; de)"
168.138.174.77 - - [10/Apr/2023:22:59:12 +0700] "ST / HTTP/2.0" 405 166 "-" "Opera/8.01 (Windows NT 5.1; U; de)"
168.138.174.77 - - [10/Apr/2023:22:59:12 +0700] "ST / HTTP/2.0" 405 166 "-" "Opera/8.01 (Windows NT 5.1; U; de)"
168.138.174.77 - - [10/Apr/2023:22:59:12 +0700] "ST / HTTP/2.0" 405 166 "-" "Opera/8.01 (Windows NT 5.1; U; de)"
68.71.247.130 - - [10/Apr/2023:22:59:12 +0700] "ST / HTTP/2.0" 405 166 "-" "Mozilla/5.0 (Windows; U; Windows NT 5.1; de-DE; rv:1.7.6) Gecko/20050321 Firefox/1.0.2"
68.71.247.130 - - [10/Apr/2023:22:59:13 +0700] "ST / HTTP/2.0" 405 166 "-" "Mozilla/5.0 (Windows; U; Windows NT 5.1; de-DE; rv:1.7.6) Gecko/20050321 Firefox/1.0.2"
167.172.184.112 - - [10/Apr/2023:22:59:13 +0700] "POST / HTTP/2.0" 200 57540 "-" "Mozilla/5.0 (X11; Linux x86_64) AppleWebKit/537.36 (KHTML, like Gecko) Ubuntu Chromium/77.0.3865.90 Chrome/77.0.3865.90 Safari/537.36"
68.71.247.130 - - [10/Apr/2023:22:59:13 +0700] "ST / HTTP/2.0" 405 166 "-" "Mozilla/5.0 (Windows; U; Windows NT 5.1; de-DE; rv:1.7.6) Gecko/20050321 Firefox/1.0.2"
167.172.184.112 - - [10/Apr/2023:22:59:13 +0700] "POST / HTTP/2.0" 200 57540 "-" "Mozilla/5.0 (Windows NT 6.1; Win64; x64; rv:69.0) Gecko/20100101 Firefox/69.0"
172.104.123.68 - - [10/Apr/2023:22:59:13 +0700] "POST / HTTP/2.0" 200 57540 "-" "Nokia3230/2.0 (5.0614.0) SymbianOS/7.0s Series60/2.1 Profile/MIDP-2.0 Configuration/CLDC-1.0"
68.71.247.130 - - [10/Apr/2023:22:59:13 +0700] "ST / HTTP/2.0" 405 166 "-" "Mozilla/5.0 (Windows; U; Windows NT 5.1; de-DE; rv:1.7.6) Gecko/20050321 Firefox/1.0.2"
172.104.123.68 - - [10/Apr/2023:22:59:13 +0700] "ST / HTTP/2.0" 405 166 "-" "Nokia3230/2.0 (5.0614.0) SymbianOS/7.0s Series60/2.1 Profile/MIDP-2.0 Configuration/CLDC-1.0"
167.172.184.112 - - [10/Apr/2023:22:59:13 +0700] "ST / HTTP/2.0" 405 166 "-" "Mozilla/5.0 (Windows NT 6.1; Win64; x64; rv:69.0) Gecko/20100101 Firefox/69.0"
172.104.123.68 - - [10/Apr/2023:22:59:13 +0700] "ST / HTTP/2.0" 405 166 "-" "Nokia3230/2.0 (5.0614.0) SymbianOS/7.0s Series60/2.1 Profile/MIDP-2.0 Configuration/CLDC-1.0"
172.104.123.68 - - [10/Apr/2023:22:59:13 +0700] "ST / HTTP/2.0" 405 166 "-" "Nokia3230/2.0 (5.0614.0) SymbianOS/7.0s Series60/2.1 Profile/MIDP-2.0 Configuration/CLDC-1.0"
172.104.123.68 - - [10/Apr/2023:22:59:13 +0700] "ST / HTTP/2.0" 405 166 "-" "Nokia3230/2.0 (5.0614.0) SymbianOS/7.0s Series60/2.1 Profile/MIDP-2.0 Configuration/CLDC-1.0"
172.104.123.68 - - [10/Apr/2023:22:59:13 +0700] "ST / HTTP/2.0" 405 166 "-" "Nokia3230/2.0 (5.0614.0) SymbianOS/7.0s Series60/2.1 Profile/MIDP-2.0 Configuration/CLDC-1.0"
172.104.123.68 - - [10/Apr/2023:22:59:13 +0700] "ST / HTTP/2.0" 405 166 "-" "Mozilla/5.0 (Macintosh; U; PPC Mac OS X; de-de) AppleWebKit/418 (KHTML, like Gecko) Shiira/1.2.2 Safari/125"
172.104.121.252 - - [10/Apr/2023:22:59:13 +0700] "POST / HTTP/2.0" 200 57540 "-" "iTunes/9.0.3 (Macintosh; U; Intel Mac OS X 10_6_2; en-ca)"
172.104.123.68 - - [10/Apr/2023:22:59:13 +0700] "ST / HTTP/2.0" 405 166 "-" "Nokia3230/2.0 (5.0614.0) SymbianOS/7.0s Series60/2.1 Profile/MIDP-2.0 Configuration/CLDC-1.0"
172.104.123.68 - - [10/Apr/2023:22:59:13 +0700] "ST / HTTP/2.0" 405 166 "-" "Mozilla/5.0 (Macintosh; U; PPC Mac OS X; de-de) AppleWebKit/418 (KHTML, like Gecko) Shiira/1.2.2 Safari/125"
172.104.121.252 - - [10/Apr/2023:22:59:13 +0700] "ST / HTTP/2.0" 405 166 "-" "iTunes/9.0.3 (Macintosh; U; Intel Mac OS X 10_6_2; en-ca)"
172.104.123.68 - - [10/Apr/2023:22:59:13 +0700] "ST / HTTP/2.0" 405 166 "-" "Nokia3230/2.0 (5.0614.0) SymbianOS/7.0s Series60/2.1 Profile/MIDP-2.0 Configuration/CLDC-1.0"
172.104.123.68 - - [10/Apr/2023:22:59:14 +0700] "ST / HTTP/2.0" 405 166 "-" "Mozilla/5.0 (Macintosh; U; PPC Mac OS X; de-de) AppleWebKit/418 (KHTML, like Gecko) Shiira/1.2.2 Safari/125"
172.104.121.252 - - [10/Apr/2023:22:59:14 +0700] "ST / HTTP/2.0" 405 166 "-" "iTunes/9.0.3 (Macintosh; U; Intel Mac OS X 10_6_2; en-ca)"
172.104.123.68 - - [10/Apr/2023:22:59:14 +0700] "ST / HTTP/2.0" 405 166 "-" "Nokia3230/2.0 (5.0614.0) SymbianOS/7.0s Series60/2.1 Profile/MIDP-2.0 Configuration/CLDC-1.0"
172.104.123.68 - - [10/Apr/2023:22:59:14 +0700] "ST / HTTP/2.0" 405 166 "-" "Mozilla/5.0 (Macintosh; U; PPC Mac OS X; de-de) AppleWebKit/418 (KHTML, like Gecko) Shiira/1.2.2 Safari/125"
172.104.123.68 - - [10/Apr/2023:22:59:14 +0700] "ST / HTTP/2.0" 405 166 "-" "Nokia3230/2.0 (5.0614.0) SymbianOS/7.0s Series60/2.1 Profile/MIDP-2.0 Configuration/CLDC-1.0"
172.104.121.252 - - [10/Apr/2023:22:59:14 +0700] "ST / HTTP/2.0" 405 166 "-" "iTunes/9.0.3 (Macintosh; U; Intel Mac OS X 10_6_2; en-ca)"
172.104.123.68 - - [10/Apr/2023:22:59:14 +0700] "ST / HTTP/2.0" 405 166 "-" "Nokia3230/2.0 (5.0614.0) SymbianOS/7.0s Series60/2.1 Profile/MIDP-2.0 Configuration/CLDC-1.0"
172.104.123.68 - - [10/Apr/2023:22:59:14 +0700] "ST / HTTP/2.0" 405 166 "-" "Nokia3230/2.0 (5.0614.0) SymbianOS/7.0s Series60/2.1 Profile/MIDP-2.0 Configuration/CLDC-1.0"
172.104.123.68 - - [10/Apr/2023:22:59:14 +0700] "ST / HTTP/2.0" 405 166 "-" "Nokia3230/2.0 (5.0614.0) SymbianOS/7.0s Series60/2.1 Profile/MIDP-2.0 Configuration/CLDC-1.0"
172.104.121.252 - - [10/Apr/2023:22:59:14 +0700] "ST / HTTP/2.0" 405 166 "-" "Mozilla/5.0 (X11; U; Linux x86_64; us; rv:1.9.1.19) Gecko/20110430 shadowfox/7.0 (like Firefox/7.0"
172.104.123.68 - - [10/Apr/2023:22:59:14 +0700] "ST / HTTP/2.0" 405 166 "-" "Nokia3230/2.0 (5.0614.0) SymbianOS/7.0s Series60/2.1 Profile/MIDP-2.0 Configuration/CLDC-1.0"
172.104.123.68 - - [10/Apr/2023:22:59:14 +0700] "ST / HTTP/2.0" 405 166 "-" "Nokia3230/2.0 (5.0614.0) SymbianOS/7.0s Series60/2.1 Profile/MIDP-2.0 Configuration/CLDC-1.0"
172.104.123.68 - - [10/Apr/2023:22:59:14 +0700] "ST / HTTP/2.0" 405 166 "-" "Nokia3230/2.0 (5.0614.0) SymbianOS/7.0s Series60/2.1 Profile/MIDP-2.0 Configuration/CLDC-1.0"
172.104.121.252 - - [10/Apr/2023:22:59:14 +0700] "POST / HTTP/2.0" 200 57540 "-" "Mozilla/5.0 (hp-tablet; Linux; hpwOS/3.0.2; U; de-DE) AppleWebKit/534.6 (KHTML, like Gecko) wOSBrowser/234.40.1 Safari/534.6 TouchPad/1.0"
172.104.123.68 - - [10/Apr/2023:22:59:14 +0700] "ST / HTTP/2.0" 405 166 "-" "Nokia3230/2.0 (5.0614.0) SymbianOS/7.0s Series60/2.1 Profile/MIDP-2.0 Configuration/CLDC-1.0"
172.104.123.68 - - [10/Apr/2023:22:59:14 +0700] "ST / HTTP/2.0" 405 166 "-" "Nokia3230/2.0 (5.0614.0) SymbianOS/7.0s Series60/2.1 Profile/MIDP-2.0 Configuration/CLDC-1.0"
172.104.123.68 - - [10/Apr/2023:22:59:14 +0700] "ST / HTTP/2.0" 405 166 "-" "Nokia3230/2.0 (5.0614.0) SymbianOS/7.0s Series60/2.1 Profile/MIDP-2.0 Configuration/CLDC-1.0"
172.104.123.68 - - [10/Apr/2023:22:59:14 +0700] "ST / HTTP/2.0" 405 166 "-" "Nokia3230/2.0 (5.0614.0) SymbianOS/7.0s Series60/2.1 Profile/MIDP-2.0 Configuration/CLDC-1.0"
172.104.123.68 - - [10/Apr/2023:22:59:15 +0700] "ST / HTTP/2.0" 405 166 "-" "Nokia3230/2.0 (5.0614.0) SymbianOS/7.0s Series60/2.1 Profile/MIDP-2.0 Configuration/CLDC-1.0"
172.104.123.68 - - [10/Apr/2023:22:59:15 +0700] "ST / HTTP/2.0" 405 166 "-" "Nokia3230/2.0 (5.0614.0) SymbianOS/7.0s Series60/2.1 Profile/MIDP-2.0 Configuration/CLDC-1.0"
172.104.123.68 - - [10/Apr/2023:22:59:15 +0700] "ST / HTTP/2.0" 405 166 "-" "Nokia3230/2.0 (5.0614.0) SymbianOS/7.0s Series60/2.1 Profile/MIDP-2.0 Configuration/CLDC-1.0"
172.104.121.252 - - [10/Apr/2023:22:59:15 +0700] "ST / HTTP/2.0" 405 166 "-" "Mozilla/5.0 (X11; U; Linux x86_64; us; rv:1.9.1.19) Gecko/20110430 shadowfox/7.0 (like Firefox/7.0"
172.104.123.68 - - [10/Apr/2023:22:59:15 +0700] "ST / HTTP/2.0" 405 166 "-" "Nokia3230/2.0 (5.0614.0) SymbianOS/7.0s Series60/2.1 Profile/MIDP-2.0 Configuration/CLDC-1.0"
167.172.184.112 - - [10/Apr/2023:22:59:15 +0700] "ST / HTTP/2.0" 405 166 "-" "Mozilla/5.0 (Windows NT 6.1; Win64; x64; rv:69.0) Gecko/20100101 Firefox/69.0"
172.104.123.68 - - [10/Apr/2023:22:59:15 +0700] "ST / HTTP/2.0" 405 166 "-" "Nokia3230/2.0 (5.0614.0) SymbianOS/7.0s Series60/2.1 Profile/MIDP-2.0 Configuration/CLDC-1.0"
172.104.121.252 - - [10/Apr/2023:22:59:15 +0700] "POST / HTTP/2.0" 200 57540 "-" "SonyEricssonT68/R201A"
168.138.174.77 - - [10/Apr/2023:22:59:15 +0700] "POST / HTTP/2.0" 200 57540 "-" "Lynx/2.8.5rel.4 libwww-FM/2.14 SSL-MM/1.4.1 OpenSSL/0.9.7d-p1"
172.104.123.68 - - [10/Apr/2023:22:59:15 +0700] "ST / HTTP/2.0" 405 166 "-" "Nokia3230/2.0 (5.0614.0) SymbianOS/7.0s Series60/2.1 Profile/MIDP-2.0 Configuration/CLDC-1.0"
172.104.123.68 - - [10/Apr/2023:22:59:15 +0700] "POST / HTTP/2.0" 200 57540 "-" "Mozilla/5.0 (Android; Linux armv7l; rv:2.0.1) Gecko/20100101 Firefox/4.0.1 Fennec/2.0.1"
172.104.121.252 - - [10/Apr/2023:22:59:15 +0700] "ST / HTTP/2.0" 405 166 "-" "SonyEricssonT68/R201A"
172.104.123.68 - - [10/Apr/2023:22:59:15 +0700] "ST / HTTP/2.0" 405 166 "-" "Nokia3230/2.0 (5.0614.0) SymbianOS/7.0s Series60/2.1 Profile/MIDP-2.0 Configuration/CLDC-1.0"
172.104.123.68 - - [10/Apr/2023:22:59:15 +0700] "ST / HTTP/2.0" 405 166 "-" "Mozilla/5.0 (Android; Linux armv7l; rv:2.0.1) Gecko/20100101 Firefox/4.0.1 Fennec/2.0.1"
172.104.121.252 - - [10/Apr/2023:22:59:15 +0700] "ST / HTTP/2.0" 405 166 "-" "SonyEricssonT68/R201A"
172.104.123.68 - - [10/Apr/2023:22:59:15 +0700] "ST / HTTP/2.0" 405 166 "-" "Nokia3230/2.0 (5.0614.0) SymbianOS/7.0s Series60/2.1 Profile/MIDP-2.0 Configuration/CLDC-1.0"
172.104.123.68 - - [10/Apr/2023:22:59:15 +0700] "ST / HTTP/2.0" 405 166 "-" "Mozilla/5.0 (Android; Linux armv7l; rv:2.0.1) Gecko/20100101 Firefox/4.0.1 Fennec/2.0.1"
172.104.121.252 - - [10/Apr/2023:22:59:15 +0700] "ST / HTTP/2.0" 405 166 "-" "SonyEricssonT68/R201A"
172.104.123.68 - - [10/Apr/2023:22:59:15 +0700] "ST / HTTP/2.0" 405 166 "-" "Nokia3230/2.0 (5.0614.0) SymbianOS/7.0s Series60/2.1 Profile/MIDP-2.0 Configuration/CLDC-1.0"
172.104.123.68 - - [10/Apr/2023:22:59:15 +0700] "ST / HTTP/2.0" 405 166 "-" "Mozilla/5.0 (Android; Linux armv7l; rv:2.0.1) Gecko/20100101 Firefox/4.0.1 Fennec/2.0.1"
172.104.123.68 - - [10/Apr/2023:22:59:15 +0700] "ST / HTTP/2.0" 405 166 "-" "Mozilla/5.0 (Android; Linux armv7l; rv:2.0.1) Gecko/20100101 Firefox/4.0.1 Fennec/2.0.1"
172.104.123.68 - - [10/Apr/2023:22:59:15 +0700] "ST / HTTP/2.0" 405 166 "-" "Mozilla/5.0 (Android; Linux armv7l; rv:2.0.1) Gecko/20100101 Firefox/4.0.1 Fennec/2.0.1"
172.104.123.68 - - [10/Apr/2023:22:59:16 +0700] "ST / HTTP/2.0" 405 166 "-" "Mozilla/5.0 (Android; Linux armv7l; rv:2.0.1) Gecko/20100101 Firefox/4.0.1 Fennec/2.0.1"
168.138.174.77 - - [10/Apr/2023:22:59:16 +0700] "POST / HTTP/2.0" 200 57540 "-" "Mozilla/5.0 (Windows NT 10.0; Win64; x64) AppleWebKit/537.36 (KHTML, like Gecko) Chrome/76.0.3809.132 Safari/537.36"
168.138.174.77 - - [10/Apr/2023:22:59:16 +0700] "ST / HTTP/2.0" 405 568 "-" "Mozilla/5.0 (Windows NT 10.0; Win64; x64) AppleWebKit/537.36 (KHTML, like Gecko) Chrome/76.0.3809.132 Safari/537.36"
168.138.174.77 - - [10/Apr/2023:22:59:16 +0700] "ST / HTTP/2.0" 405 568 "-" "Mozilla/5.0 (Windows NT 10.0; Win64; x64) AppleWebKit/537.36 (KHTML, like Gecko) Chrome/76.0.3809.132 Safari/537.36"
168.138.174.77 - - [10/Apr/2023:22:59:16 +0700] "ST / HTTP/2.0" 405 568 "-" "Mozilla/5.0 (Windows NT 10.0; Win64; x64) AppleWebKit/537.36 (KHTML, like Gecko) Chrome/76.0.3809.132 Safari/537.36"
172.104.123.68 - - [10/Apr/2023:22:59:16 +0700] "ST / HTTP/2.0" 405 166 "-" "Mozilla/5.0 (Android; Linux armv7l; rv:2.0.1) Gecko/20100101 Firefox/4.0.1 Fennec/2.0.1"
168.138.174.77 - - [10/Apr/2023:22:59:16 +0700] "ST / HTTP/2.0" 405 568 "-" "Mozilla/5.0 (Windows NT 10.0; Win64; x64) AppleWebKit/537.36 (KHTML, like Gecko) Chrome/76.0.3809.132 Safari/537.36"
172.104.123.68 - - [10/Apr/2023:22:59:16 +0700] "ST / HTTP/2.0" 405 166 "-" "Mozilla/5.0 (Android; Linux armv7l; rv:2.0.1) Gecko/20100101 Firefox/4.0.1 Fennec/2.0.1"
172.104.123.68 - - [10/Apr/2023:22:59:16 +0700] "ST / HTTP/2.0" 405 166 "-" "Mozilla/5.0 (Android; Linux armv7l; rv:2.0.1) Gecko/20100101 Firefox/4.0.1 Fennec/2.0.1"
172.104.123.68 - - [10/Apr/2023:22:59:16 +0700] "ST / HTTP/2.0" 405 166 "-" "Mozilla/5.0 (Android; Linux armv7l; rv:2.0.1) Gecko/20100101 Firefox/4.0.1 Fennec/2.0.1"
172.104.123.68 - - [10/Apr/2023:22:59:16 +0700] "ST / HTTP/2.0" 405 166 "-" "Mozilla/5.0 (Android; Linux armv7l; rv:2.0.1) Gecko/20100101 Firefox/4.0.1 Fennec/2.0.1"
167.172.184.112 - - [10/Apr/2023:22:59:16 +0700] "POST / HTTP/2.0" 499 0 "-" "WebZIP/3.5 (http://www.spidersoft.com)"
167.172.184.112 - - [10/Apr/2023:22:59:16 +0700] "ST / HTTP/2.0" 405 166 "-" "Mozilla/5.0 (Windows NT 6.1; Win64; x64; rv:69.0) Gecko/20100101 Firefox/69.0"
172.104.123.68 - - [10/Apr/2023:22:59:16 +0700] "ST / HTTP/2.0" 405 166 "-" "Mozilla/5.0 (Android; Linux armv7l; rv:2.0.1) Gecko/20100101 Firefox/4.0.1 Fennec/2.0.1"
172.104.123.68 - - [10/Apr/2023:22:59:16 +0700] "ST / HTTP/2.0" 405 166 "-" "Mozilla/5.0 (Android; Linux armv7l; rv:2.0.1) Gecko/20100101 Firefox/4.0.1 Fennec/2.0.1"
167.172.184.112 - - [10/Apr/2023:22:59:16 +0700] "ST / HTTP/2.0" 405 166 "-" "Mozilla/5.0 (Windows NT 6.1; Win64; x64; rv:69.0) Gecko/20100101 Firefox/69.0"
172.104.123.68 - - [10/Apr/2023:22:59:16 +0700] "ST / HTTP/2.0" 405 166 "-" "Mozilla/5.0 (Android; Linux armv7l; rv:2.0.1) Gecko/20100101 Firefox/4.0.1 Fennec/2.0.1"
172.104.121.252 - - [10/Apr/2023:22:59:16 +0700] "POST / HTTP/2.0" 200 57540 "-" "Mozilla/4.0 (compatible; MSIE 6.0; j2me) ReqwirelessWeb/3.5"
172.104.123.68 - - [10/Apr/2023:22:59:16 +0700] "ST / HTTP/2.0" 405 166 "-" "Mozilla/5.0 (Android; Linux armv7l; rv:2.0.1) Gecko/20100101 Firefox/4.0.1 Fennec/2.0.1"
167.172.184.112 - - [10/Apr/2023:22:59:16 +0700] "ST / HTTP/2.0" 405 166 "-" "Mozilla/5.0 (Windows NT 6.1; Win64; x64; rv:69.0) Gecko/20100101 Firefox/69.0"
172.104.123.68 - - [10/Apr/2023:22:59:16 +0700] "ST / HTTP/2.0" 405 166 "-" "Mozilla/5.0 (Android; Linux armv7l; rv:2.0.1) Gecko/20100101 Firefox/4.0.1 Fennec/2.0.1"
172.104.123.68 - - [10/Apr/2023:22:59:16 +0700] "ST / HTTP/2.0" 405 166 "-" "Mozilla/5.0 (Android; Linux armv7l; rv:2.0.1) Gecko/20100101 Firefox/4.0.1 Fennec/2.0.1"
167.172.184.112 - - [10/Apr/2023:22:59:17 +0700] "ST / HTTP/2.0" 405 166 "-" "Mozilla/5.0 (Windows NT 6.1; Win64; x64; rv:69.0) Gecko/20100101 Firefox/69.0"
172.104.123.68 - - [10/Apr/2023:22:59:17 +0700] "ST / HTTP/2.0" 405 166 "-" "Mozilla/5.0 (Android; Linux armv7l; rv:2.0.1) Gecko/20100101 Firefox/4.0.1 Fennec/2.0.1"
172.104.123.68 - - [10/Apr/2023:22:59:17 +0700] "ST / HTTP/2.0" 405 166 "-" "Mozilla/5.0 (Android; Linux armv7l; rv:2.0.1) Gecko/20100101 Firefox/4.0.1 Fennec/2.0.1"
167.172.184.112 - - [10/Apr/2023:22:59:17 +0700] "ST / HTTP/2.0" 405 166 "-" "Mozilla/5.0 (Windows NT 6.1; Win64; x64; rv:69.0) Gecko/20100101 Firefox/69.0"
172.104.123.68 - - [10/Apr/2023:22:59:17 +0700] "ST / HTTP/2.0" 405 166 "-" "Mozilla/5.0 (Android; Linux armv7l; rv:2.0.1) Gecko/20100101 Firefox/4.0.1 Fennec/2.0.1"
172.104.123.68 - - [10/Apr/2023:22:59:17 +0700] "ST / HTTP/2.0" 405 166 "-" "Mozilla/5.0 (Android; Linux armv7l; rv:2.0.1) Gecko/20100101 Firefox/4.0.1 Fennec/2.0.1"
167.172.184.112 - - [10/Apr/2023:22:59:17 +0700] "ST / HTTP/2.0" 405 166 "-" "Mozilla/5.0 (Windows NT 6.1; Win64; x64; rv:69.0) Gecko/20100101 Firefox/69.0"
172.104.123.68 - - [10/Apr/2023:22:59:17 +0700] "ST / HTTP/2.0" 405 166 "-" "Mozilla/5.0 (Android; Linux armv7l; rv:2.0.1) Gecko/20100101 Firefox/4.0.1 Fennec/2.0.1"
172.104.123.68 - - [10/Apr/2023:22:59:17 +0700] "ST / HTTP/2.0" 405 166 "-" "Mozilla/5.0 (Android; Linux armv7l; rv:2.0.1) Gecko/20100101 Firefox/4.0.1 Fennec/2.0.1"
167.172.184.112 - - [10/Apr/2023:22:59:17 +0700] "ST / HTTP/2.0" 405 166 "-" "Mozilla/5.0 (Windows NT 6.1; Win64; x64; rv:69.0) Gecko/20100101 Firefox/69.0"
172.104.123.68 - - [10/Apr/2023:22:59:17 +0700] "ST / HTTP/2.0" 405 166 "-" "Mozilla/5.0 (Android; Linux armv7l; rv:2.0.1) Gecko/20100101 Firefox/4.0.1 Fennec/2.0.1"
172.104.123.68 - - [10/Apr/2023:22:59:17 +0700] "ST / HTTP/2.0" 405 166 "-" "Mozilla/5.0 (Android; Linux armv7l; rv:2.0.1) Gecko/20100101 Firefox/4.0.1 Fennec/2.0.1"
167.172.184.112 - - [10/Apr/2023:22:59:17 +0700] "ST / HTTP/2.0" 405 166 "-" "Mozilla/5.0 (Windows NT 6.1; Win64; x64; rv:69.0) Gecko/20100101 Firefox/69.0"
172.104.123.68 - - [10/Apr/2023:22:59:17 +0700] "ST / HTTP/2.0" 405 166 "-" "Mozilla/5.0 (Android; Linux armv7l; rv:2.0.1) Gecko/20100101 Firefox/4.0.1 Fennec/2.0.1"
167.172.184.112 - - [10/Apr/2023:22:59:17 +0700] "ST / HTTP/2.0" 405 166 "-" "Mozilla/5.0 (Windows NT 6.1; Win64; x64; rv:69.0) Gecko/20100101 Firefox/69.0"
172.104.123.68 - - [10/Apr/2023:22:59:17 +0700] "ST / HTTP/2.0" 405 166 "-" "Mozilla/5.0 (Android; Linux armv7l; rv:2.0.1) Gecko/20100101 Firefox/4.0.1 Fennec/2.0.1"
172.104.123.68 - - [10/Apr/2023:22:59:17 +0700] "ST / HTTP/2.0" 405 166 "-" "Mozilla/5.0 (Android; Linux armv7l; rv:2.0.1) Gecko/20100101 Firefox/4.0.1 Fennec/2.0.1"
172.104.123.68 - - [10/Apr/2023:22:59:17 +0700] "ST / HTTP/2.0" 405 166 "-" "Mozilla/5.0 (Android; Linux armv7l; rv:2.0.1) Gecko/20100101 Firefox/4.0.1 Fennec/2.0.1"
172.104.123.68 - - [10/Apr/2023:22:59:18 +0700] "ST / HTTP/2.0" 405 166 "-" "Mozilla/5.0 (Android; Linux armv7l; rv:2.0.1) Gecko/20100101 Firefox/4.0.1 Fennec/2.0.1"
172.104.123.68 - - [10/Apr/2023:22:59:18 +0700] "ST / HTTP/2.0" 405 166 "-" "Mozilla/5.0 (Android; Linux armv7l; rv:2.0.1) Gecko/20100101 Firefox/4.0.1 Fennec/2.0.1"
172.104.123.68 - - [10/Apr/2023:22:59:18 +0700] "ST / HTTP/2.0" 405 166 "-" "Mozilla/5.0 (Android; Linux armv7l; rv:2.0.1) Gecko/20100101 Firefox/4.0.1 Fennec/2.0.1"
172.104.123.68 - - [10/Apr/2023:22:59:18 +0700] "ST / HTTP/2.0" 405 166 "-" "Mozilla/5.0 (Android; Linux armv7l; rv:2.0.1) Gecko/20100101 Firefox/4.0.1 Fennec/2.0.1"
172.104.123.68 - - [10/Apr/2023:22:59:18 +0700] "ST / HTTP/2.0" 405 166 "-" "Mozilla/5.0 (Android; Linux armv7l; rv:2.0.1) Gecko/20100101 Firefox/4.0.1 Fennec/2.0.1"
172.104.123.68 - - [10/Apr/2023:22:59:18 +0700] "ST / HTTP/2.0" 405 166 "-" "Mozilla/5.0 (Android; Linux armv7l; rv:2.0.1) Gecko/20100101 Firefox/4.0.1 Fennec/2.0.1"
172.104.123.68 - - [10/Apr/2023:22:59:18 +0700] "ST / HTTP/2.0" 405 166 "-" "Mozilla/5.0 (Android; Linux armv7l; rv:2.0.1) Gecko/20100101 Firefox/4.0.1 Fennec/2.0.1"
172.104.123.68 - - [10/Apr/2023:22:59:18 +0700] "ST / HTTP/2.0" 405 166 "-" "Mozilla/5.0 (Android; Linux armv7l; rv:2.0.1) Gecko/20100101 Firefox/4.0.1 Fennec/2.0.1"
172.104.123.68 - - [10/Apr/2023:22:59:18 +0700] "ST / HTTP/2.0" 405 166 "-" "Mozilla/5.0 (Android; Linux armv7l; rv:2.0.1) Gecko/20100101 Firefox/4.0.1 Fennec/2.0.1"
172.104.123.68 - - [10/Apr/2023:22:59:18 +0700] "ST / HTTP/2.0" 405 166 "-" "Mozilla/5.0 (Android; Linux armv7l; rv:2.0.1) Gecko/20100101 Firefox/4.0.1 Fennec/2.0.1"
172.104.121.252 - - [10/Apr/2023:22:59:18 +0700] "POST / HTTP/2.0" 200 57540 "-" "Mozilla/5.0 (compatible; bingbot/2.0 http://www.bing.com/bingbot.htm)"
172.104.123.68 - - [10/Apr/2023:22:59:18 +0700] "ST / HTTP/2.0" 405 166 "-" "Mozilla/5.0 (Android; Linux armv7l; rv:2.0.1) Gecko/20100101 Firefox/4.0.1 Fennec/2.0.1"
172.104.121.252 - - [10/Apr/2023:22:59:18 +0700] "ST / HTTP/2.0" 405 166 "-" "Mozilla/5.0 (compatible; bingbot/2.0 http://www.bing.com/bingbot.htm)"
172.104.123.68 - - [10/Apr/2023:22:59:18 +0700] "ST / HTTP/2.0" 405 166 "-" "Mozilla/5.0 (Android; Linux armv7l; rv:2.0.1) Gecko/20100101 Firefox/4.0.1 Fennec/2.0.1"
172.104.121.252 - - [10/Apr/2023:22:59:19 +0700] "ST / HTTP/2.0" 405 166 "-" "Mozilla/5.0 (compatible; bingbot/2.0 http://www.bing.com/bingbot.htm)"
172.104.123.68 - - [10/Apr/2023:22:59:19 +0700] "ST / HTTP/2.0" 405 166 "-" "Mozilla/5.0 (Android; Linux armv7l; rv:2.0.1) Gecko/20100101 Firefox/4.0.1 Fennec/2.0.1"
172.104.121.252 - - [10/Apr/2023:22:59:19 +0700] "ST / HTTP/2.0" 405 166 "-" "Mozilla/5.0 (compatible; bingbot/2.0 http://www.bing.com/bingbot.htm)"
172.104.123.68 - - [10/Apr/2023:22:59:19 +0700] "ST / HTTP/2.0" 405 166 "-" "Mozilla/5.0 (Android; Linux armv7l; rv:2.0.1) Gecko/20100101 Firefox/4.0.1 Fennec/2.0.1"
172.104.121.252 - - [10/Apr/2023:22:59:19 +0700] "ST / HTTP/2.0" 405 166 "-" "Mozilla/5.0 (compatible; bingbot/2.0 http://www.bing.com/bingbot.htm)"
172.104.123.68 - - [10/Apr/2023:22:59:19 +0700] "ST / HTTP/2.0" 405 166 "-" "Mozilla/5.0 (Android; Linux armv7l; rv:2.0.1) Gecko/20100101 Firefox/4.0.1 Fennec/2.0.1"
172.104.121.252 - - [10/Apr/2023:22:59:19 +0700] "ST / HTTP/2.0" 405 166 "-" "Mozilla/5.0 (compatible; bingbot/2.0 http://www.bing.com/bingbot.htm)"
172.104.123.68 - - [10/Apr/2023:22:59:19 +0700] "ST / HTTP/2.0" 405 166 "-" "Mozilla/5.0 (Android; Linux armv7l; rv:2.0.1) Gecko/20100101 Firefox/4.0.1 Fennec/2.0.1"
172.104.123.68 - - [10/Apr/2023:22:59:19 +0700] "ST / HTTP/2.0" 405 166 "-" "Mozilla/5.0 (Android; Linux armv7l; rv:2.0.1) Gecko/20100101 Firefox/4.0.1 Fennec/2.0.1"
172.104.121.252 - - [10/Apr/2023:22:59:19 +0700] "ST / HTTP/2.0" 405 166 "-" "Mozilla/5.0 (compatible; bingbot/2.0 http://www.bing.com/bingbot.htm)"
172.104.121.252 - - [10/Apr/2023:22:59:19 +0700] "ST / HTTP/2.0" 405 166 "-" "Mozilla/5.0 (compatible; bingbot/2.0 http://www.bing.com/bingbot.htm)"
172.104.123.68 - - [10/Apr/2023:22:59:19 +0700] "ST / HTTP/2.0" 405 166 "-" "Mozilla/5.0 (Android; Linux armv7l; rv:2.0.1) Gecko/20100101 Firefox/4.0.1 Fennec/2.0.1"
172.104.121.252 - - [10/Apr/2023:22:59:19 +0700] "ST / HTTP/2.0" 405 166 "-" "Mozilla/5.0 (compatible; bingbot/2.0 http://www.bing.com/bingbot.htm)"
172.104.123.68 - - [10/Apr/2023:22:59:19 +0700] "ST / HTTP/2.0" 405 166 "-" "Mozilla/5.0 (Android; Linux armv7l; rv:2.0.1) Gecko/20100101 Firefox/4.0.1 Fennec/2.0.1"
172.104.121.252 - - [10/Apr/2023:22:59:19 +0700] "ST / HTTP/2.0" 405 166 "-" "Mozilla/5.0 (compatible; bingbot/2.0 http://www.bing.com/bingbot.htm)"
172.104.123.68 - - [10/Apr/2023:22:59:19 +0700] "ST / HTTP/2.0" 405 166 "-" "Mozilla/5.0 (Android; Linux armv7l; rv:2.0.1) Gecko/20100101 Firefox/4.0.1 Fennec/2.0.1"
172.104.121.252 - - [10/Apr/2023:22:59:19 +0700] "ST / HTTP/2.0" 405 166 "-" "Mozilla/5.0 (compatible; bingbot/2.0 http://www.bing.com/bingbot.htm)"
172.104.123.68 - - [10/Apr/2023:22:59:19 +0700] "ST / HTTP/2.0" 405 166 "-" "Mozilla/5.0 (Android; Linux armv7l; rv:2.0.1) Gecko/20100101 Firefox/4.0.1 Fennec/2.0.1"
172.104.121.252 - - [10/Apr/2023:22:59:19 +0700] "ST / HTTP/2.0" 405 166 "-" "Mozilla/5.0 (compatible; bingbot/2.0 http://www.bing.com/bingbot.htm)"
172.104.123.68 - - [10/Apr/2023:22:59:19 +0700] "ST / HTTP/2.0" 405 166 "-" "Mozilla/5.0 (Android; Linux armv7l; rv:2.0.1) Gecko/20100101 Firefox/4.0.1 Fennec/2.0.1"
172.104.121.252 - - [10/Apr/2023:22:59:19 +0700] "ST / HTTP/2.0" 405 166 "-" "Mozilla/5.0 (compatible; bingbot/2.0 http://www.bing.com/bingbot.htm)"
172.104.123.68 - - [10/Apr/2023:22:59:19 +0700] "ST / HTTP/2.0" 405 166 "-" "Mozilla/5.0 (Android; Linux armv7l; rv:2.0.1) Gecko/20100101 Firefox/4.0.1 Fennec/2.0.1"
172.104.121.252 - - [10/Apr/2023:22:59:20 +0700] "ST / HTTP/2.0" 405 166 "-" "Mozilla/5.0 (compatible; bingbot/2.0 http://www.bing.com/bingbot.htm)"
172.104.123.68 - - [10/Apr/2023:22:59:20 +0700] "ST / HTTP/2.0" 405 166 "-" "Mozilla/5.0 (Android; Linux armv7l; rv:2.0.1) Gecko/20100101 Firefox/4.0.1 Fennec/2.0.1"
172.104.121.252 - - [10/Apr/2023:22:59:20 +0700] "ST / HTTP/2.0" 405 166 "-" "Mozilla/5.0 (compatible; bingbot/2.0 http://www.bing.com/bingbot.htm)"
172.104.123.68 - - [10/Apr/2023:22:59:20 +0700] "ST / HTTP/2.0" 405 166 "-" "Mozilla/5.0 (Android; Linux armv7l; rv:2.0.1) Gecko/20100101 Firefox/4.0.1 Fennec/2.0.1"
172.104.123.68 - - [10/Apr/2023:22:59:20 +0700] "ST / HTTP/2.0" 405 166 "-" "Mozilla/5.0 (Android; Linux armv7l; rv:2.0.1) Gecko/20100101 Firefox/4.0.1 Fennec/2.0.1"
172.104.123.68 - - [10/Apr/2023:22:59:20 +0700] "ST / HTTP/2.0" 405 166 "-" "Mozilla/5.0 (Android; Linux armv7l; rv:2.0.1) Gecko/20100101 Firefox/4.0.1 Fennec/2.0.1"
172.104.123.68 - - [10/Apr/2023:22:59:20 +0700] "ST / HTTP/2.0" 405 166 "-" "Mozilla/5.0 (Android; Linux armv7l; rv:2.0.1) Gecko/20100101 Firefox/4.0.1 Fennec/2.0.1"
172.104.123.68 - - [10/Apr/2023:22:59:20 +0700] "ST / HTTP/2.0" 405 166 "-" "Mozilla/5.0 (Android; Linux armv7l; rv:2.0.1) Gecko/20100101 Firefox/4.0.1 Fennec/2.0.1"
172.104.123.68 - - [10/Apr/2023:22:59:20 +0700] "ST / HTTP/2.0" 405 166 "-" "Mozilla/5.0 (Android; Linux armv7l; rv:2.0.1) Gecko/20100101 Firefox/4.0.1 Fennec/2.0.1"
172.104.123.68 - - [10/Apr/2023:22:59:22 +0700] "POST / HTTP/2.0" 200 57540 "-" "Mozilla/5.0 (Windows; U; Win 9x 4.90; en-US; rv:1.7.5)"
172.104.123.68 - - [10/Apr/2023:22:59:22 +0700] "ST / HTTP/2.0" 405 166 "-" "Mozilla/5.0 (Windows; U; Win 9x 4.90; en-US; rv:1.7.5)"
172.104.123.68 - - [10/Apr/2023:22:59:22 +0700] "ST / HTTP/2.0" 405 166 "-" "Mozilla/5.0 (Windows; U; Win 9x 4.90; en-US; rv:1.7.5)"
172.104.123.68 - - [10/Apr/2023:22:59:22 +0700] "ST / HTTP/2.0" 405 166 "-" "Mozilla/5.0 (Windows; U; Win 9x 4.90; en-US; rv:1.7.5)"
172.104.123.68 - - [10/Apr/2023:22:59:22 +0700] "ST / HTTP/2.0" 405 166 "-" "Mozilla/5.0 (Windows; U; Win 9x 4.90; en-US; rv:1.7.5)"
172.104.123.68 - - [10/Apr/2023:22:59:22 +0700] "ST / HTTP/2.0" 405 166 "-" "Mozilla/5.0 (Windows; U; Win 9x 4.90; en-US; rv:1.7.5)"
172.104.123.68 - - [10/Apr/2023:22:59:22 +0700] "ST / HTTP/2.0" 405 166 "-" "Mozilla/5.0 (Windows; U; Win 9x 4.90; en-US; rv:1.7.5)"
172.104.123.68 - - [10/Apr/2023:22:59:22 +0700] "ST / HTTP/2.0" 405 166 "-" "Mozilla/5.0 (Windows; U; Win 9x 4.90; en-US; rv:1.7.5)"
172.104.123.68 - - [10/Apr/2023:22:59:22 +0700] "ST / HTTP/2.0" 405 166 "-" "Mozilla/5.0 (Windows; U; Win 9x 4.90; en-US; rv:1.7.5)"
172.104.123.68 - - [10/Apr/2023:22:59:23 +0700] "ST / HTTP/2.0" 405 166 "-" "Mozilla/5.0 (Windows; U; Win 9x 4.90; en-US; rv:1.7.5)"
172.104.123.68 - - [10/Apr/2023:22:59:23 +0700] "ST / HTTP/2.0" 405 166 "-" "Mozilla/5.0 (Windows; U; Win 9x 4.90; en-US; rv:1.7.5)"
172.104.121.252 - - [10/Apr/2023:22:59:23 +0700] "ST / HTTP/2.0" 405 166 "-" "Mozilla/5.0 (compatible; bingbot/2.0 http://www.bing.com/bingbot.htm)"
172.104.121.252 - - [10/Apr/2023:22:59:23 +0700] "ST / HTTP/2.0" 405 166 "-" "Mozilla/5.0 (compatible; bingbot/2.0 http://www.bing.com/bingbot.htm)"
172.104.121.252 - - [10/Apr/2023:22:59:23 +0700] "ST / HTTP/2.0" 405 166 "-" "Mozilla/5.0 (compatible; bingbot/2.0 http://www.bing.com/bingbot.htm)"
172.104.121.252 - - [10/Apr/2023:22:59:24 +0700] "ST / HTTP/2.0" 405 166 "-" "Mozilla/5.0 (compatible; bingbot/2.0 http://www.bing.com/bingbot.htm)"
172.104.123.68 - - [10/Apr/2023:22:59:24 +0700] "POST / HTTP/2.0" 200 57540 "-" "Mozilla/5.0 (Linux; Android 6.0; HTC One X10 Build/MRA58K; wv) AppleWebKit/537.36 (KHTML, like Gecko) Version/4.0 Chrome/61.0.3163.98 Mobile Safari/537.36"
172.104.121.252 - - [10/Apr/2023:22:59:24 +0700] "ST / HTTP/2.0" 405 166 "-" "Mozilla/5.0 (compatible; bingbot/2.0 http://www.bing.com/bingbot.htm)"
172.104.123.68 - - [10/Apr/2023:22:59:24 +0700] "ST / HTTP/2.0" 405 568 "-" "Mozilla/5.0 (Linux; Android 6.0; HTC One X10 Build/MRA58K; wv) AppleWebKit/537.36 (KHTML, like Gecko) Version/4.0 Chrome/61.0.3163.98 Mobile Safari/537.36"
172.104.121.252 - - [10/Apr/2023:22:59:24 +0700] "ST / HTTP/2.0" 405 166 "-" "Mozilla/5.0 (compatible; bingbot/2.0 http://www.bing.com/bingbot.htm)"
172.104.123.68 - - [10/Apr/2023:22:59:24 +0700] "ST / HTTP/2.0" 405 568 "-" "Mozilla/5.0 (Linux; Android 6.0; HTC One X10 Build/MRA58K; wv) AppleWebKit/537.36 (KHTML, like Gecko) Version/4.0 Chrome/61.0.3163.98 Mobile Safari/537.36"
172.104.123.68 - - [10/Apr/2023:22:59:24 +0700] "ST / HTTP/2.0" 405 568 "-" "Mozilla/5.0 (Linux; Android 6.0; HTC One X10 Build/MRA58K; wv) AppleWebKit/537.36 (KHTML, like Gecko) Version/4.0 Chrome/61.0.3163.98 Mobile Safari/537.36"
172.104.123.68 - - [10/Apr/2023:22:59:24 +0700] "ST / HTTP/2.0" 405 568 "-" "Mozilla/5.0 (Linux; Android 6.0; HTC One X10 Build/MRA58K; wv) AppleWebKit/537.36 (KHTML, like Gecko) Version/4.0 Chrome/61.0.3163.98 Mobile Safari/537.36"
172.104.121.252 - - [10/Apr/2023:22:59:24 +0700] "ST / HTTP/2.0" 405 166 "-" "Mozilla/5.0 (X11; U; Linux x86_64; us; rv:1.9.1.19) Gecko/20110430 shadowfox/7.0 (like Firefox/7.0"
172.104.123.68 - - [10/Apr/2023:22:59:24 +0700] "ST / HTTP/2.0" 405 568 "-" "Mozilla/5.0 (Linux; Android 6.0; HTC One X10 Build/MRA58K; wv) AppleWebKit/537.36 (KHTML, like Gecko) Version/4.0 Chrome/61.0.3163.98 Mobile Safari/537.36"
172.104.123.68 - - [10/Apr/2023:22:59:24 +0700] "ST / HTTP/2.0" 405 568 "-" "Mozilla/5.0 (Linux; Android 6.0; HTC One X10 Build/MRA58K; wv) AppleWebKit/537.36 (KHTML, like Gecko) Version/4.0 Chrome/61.0.3163.98 Mobile Safari/537.36"
172.104.123.68 - - [10/Apr/2023:22:59:24 +0700] "ST / HTTP/2.0" 405 568 "-" "Mozilla/5.0 (Linux; Android 6.0; HTC One X10 Build/MRA58K; wv) AppleWebKit/537.36 (KHTML, like Gecko) Version/4.0 Chrome/61.0.3163.98 Mobile Safari/537.36"
172.104.123.68 - - [10/Apr/2023:22:59:24 +0700] "ST / HTTP/2.0" 405 568 "-" "Mozilla/5.0 (Linux; Android 6.0; HTC One X10 Build/MRA58K; wv) AppleWebKit/537.36 (KHTML, like Gecko) Version/4.0 Chrome/61.0.3163.98 Mobile Safari/537.36"
167.172.184.112 - - [10/Apr/2023:22:59:24 +0700] "POST / HTTP/2.0" 200 57540 "-" "Mozilla/5.0 (X11; Linux i686) AppleWebKit/535.1 (KHTML, like Gecko) Ubuntu/11.04 Chromium/14.0.825.0 Chrome/14.0.825.0 Safari/535.1"
172.104.123.68 - - [10/Apr/2023:22:59:24 +0700] "ST / HTTP/2.0" 405 568 "-" "Mozilla/5.0 (Linux; Android 6.0; HTC One X10 Build/MRA58K; wv) AppleWebKit/537.36 (KHTML, like Gecko) Version/4.0 Chrome/61.0.3163.98 Mobile Safari/537.36"
2001:448a:4043:465b:13c:20ff:1a8b:7e6 - - [10/Apr/2023:22:59:24 +0700] "GET / HTTP/2.0" 200 13636 "-" "Mozilla/5.0 (Windows NT 10.0; Win64; x64) AppleWebKit/537.36 (KHTML, like Gecko) Chrome/111.0.0.0 Safari/537.36"
172.104.123.68 - - [10/Apr/2023:22:59:24 +0700] "ST / HTTP/2.0" 405 568 "-" "Mozilla/5.0 (Linux; Android 6.0; HTC One X10 Build/MRA58K; wv) AppleWebKit/537.36 (KHTML, like Gecko) Version/4.0 Chrome/61.0.3163.98 Mobile Safari/537.36"
172.104.123.68 - - [10/Apr/2023:22:59:25 +0700] "ST / HTTP/2.0" 405 568 "-" "Mozilla/5.0 (Linux; Android 6.0; HTC One X10 Build/MRA58K; wv) AppleWebKit/537.36 (KHTML, like Gecko) Version/4.0 Chrome/61.0.3163.98 Mobile Safari/537.36"
172.104.123.68 - - [10/Apr/2023:22:59:25 +0700] "ST / HTTP/2.0" 405 568 "-" "Mozilla/5.0 (Linux; Android 6.0; HTC One X10 Build/MRA58K; wv) AppleWebKit/537.36 (KHTML, like Gecko) Version/4.0 Chrome/61.0.3163.98 Mobile Safari/537.36"
172.104.123.68 - - [10/Apr/2023:22:59:25 +0700] "ST / HTTP/2.0" 405 568 "-" "Mozilla/5.0 (Linux; Android 6.0; HTC One X10 Build/MRA58K; wv) AppleWebKit/537.36 (KHTML, like Gecko) Version/4.0 Chrome/61.0.3163.98 Mobile Safari/537.36"
172.104.123.68 - - [10/Apr/2023:22:59:25 +0700] "ST / HTTP/2.0" 405 166 "-" "Mozilla/5.0 (Windows; U; Win 9x 4.90; en-US; rv:1.7.5)"
2001:448a:4043:465b:13c:20ff:1a8b:7e6 - - [10/Apr/2023:22:59:25 +0700] "GET /wp-includes/css/dist/block-library/style.min.css?ver=6.2 HTTP/2.0" 200 97517 "https://tokoyafi.my.id/" "Mozilla/5.0 (Windows NT 10.0; Win64; x64) AppleWebKit/537.36 (KHTML, like Gecko) Chrome/111.0.0.0 Safari/537.36"
2001:448a:4043:465b:13c:20ff:1a8b:7e6 - - [10/Apr/2023:22:59:25 +0700] "GET /wp-includes/js/mediaelement/wp-mediaelement.min.css?ver=6.2 HTTP/2.0" 200 4186 "https://tokoyafi.my.id/" "Mozilla/5.0 (Windows NT 10.0; Win64; x64) AppleWebKit/537.36 (KHTML, like Gecko) Chrome/111.0.0.0 Safari/537.36"
2001:448a:4043:465b:13c:20ff:1a8b:7e6 - - [10/Apr/2023:22:59:25 +0700] "GET /wp-includes/js/mediaelement/mediaelementplayer-legacy.min.css?ver=4.2.17 HTTP/2.0" 200 11256 "https://tokoyafi.my.id/" "Mozilla/5.0 (Windows NT 10.0; Win64; x64) AppleWebKit/537.36 (KHTML, like Gecko) Chrome/111.0.0.0 Safari/537.36"
172.104.123.68 - - [10/Apr/2023:22:59:25 +0700] "ST / HTTP/2.0" 405 166 "-" "Mozilla/5.0 (Windows; U; Win 9x 4.90; en-US; rv:1.7.5)"
2001:448a:4043:465b:13c:20ff:1a8b:7e6 - - [10/Apr/2023:22:59:25 +0700] "GET /wp-content/plugins/cleantalk-spam-protect/js/apbct-public-bundle.min.js?ver=6.5 HTTP/2.0" 200 56145 "https://tokoyafi.my.id/" "Mozilla/5.0 (Windows NT 10.0; Win64; x64) AppleWebKit/537.36 (KHTML, like Gecko) Chrome/111.0.0.0 Safari/537.36"
2001:448a:4043:465b:13c:20ff:1a8b:7e6 - - [10/Apr/2023:22:59:25 +0700] "GET /wp-content/plugins/woocommerce/packages/woocommerce-blocks/build/wc-blocks-vendors-style.css?ver=9.4.4 HTTP/2.0" 200 10435 "https://tokoyafi.my.id/" "Mozilla/5.0 (Windows NT 10.0; Win64; x64) AppleWebKit/537.36 (KHTML, like Gecko) Chrome/111.0.0.0 Safari/537.36"
2001:448a:4043:465b:13c:20ff:1a8b:7e6 - - [10/Apr/2023:22:59:25 +0700] "GET /wp-content/themes/storefront/assets/css/base/gutenberg-blocks.css?ver=4.2.0 HTTP/2.0" 200 42947 "https://tokoyafi.my.id/" "Mozilla/5.0 (Windows NT 10.0; Win64; x64) AppleWebKit/537.36 (KHTML, like Gecko) Chrome/111.0.0.0 Safari/537.36"
2001:448a:4043:465b:13c:20ff:1a8b:7e6 - - [10/Apr/2023:22:59:25 +0700] "GET /wp-content/themes/storefront/style.css?ver=4.2.0 HTTP/2.0" 200 40498 "https://tokoyafi.my.id/" "Mozilla/5.0 (Windows NT 10.0; Win64; x64) AppleWebKit/537.36 (KHTML, like Gecko) Chrome/111.0.0.0 Safari/537.36"
2001:448a:4043:465b:13c:20ff:1a8b:7e6 - - [10/Apr/2023:22:59:25 +0700] "GET /wp-content/plugins/woocommerce/packages/woocommerce-blocks/build/wc-blocks-style.css?ver=9.4.4 HTTP/2.0" 200 255142 "https://tokoyafi.my.id/" "Mozilla/5.0 (Windows NT 10.0; Win64; x64) AppleWebKit/537.36 (KHTML, like Gecko) Chrome/111.0.0.0 Safari/537.36"
2001:448a:4043:465b:13c:20ff:1a8b:7e6 - - [10/Apr/2023:22:59:25 +0700] "GET /wp-content/plugins/jetpack/css/jetpack.css?ver=11.8.4 HTTP/2.0" 200 89315 "https://tokoyafi.my.id/" "Mozilla/5.0 (Windows NT 10.0; Win64; x64) AppleWebKit/537.36 (KHTML, like Gecko) Chrome/111.0.0.0 Safari/537.36"
2001:448a:4043:465b:13c:20ff:1a8b:7e6 - - [10/Apr/2023:22:59:25 +0700] "GET /wp-content/themes/storefront/assets/css/base/icons.css?ver=4.2.0 HTTP/2.0" 200 80267 "https://tokoyafi.my.id/" "Mozilla/5.0 (Windows NT 10.0; Win64; x64) AppleWebKit/537.36 (KHTML, like Gecko) Chrome/111.0.0.0 Safari/537.36"
2001:448a:4043:465b:13c:20ff:1a8b:7e6 - - [10/Apr/2023:22:59:25 +0700] "GET /wp-content/themes/storefront/assets/css/jetpack/widgets.css?ver=4.2.0 HTTP/2.0" 200 225 "https://tokoyafi.my.id/" "Mozilla/5.0 (Windows NT 10.0; Win64; x64) AppleWebKit/537.36 (KHTML, like Gecko) Chrome/111.0.0.0 Safari/537.36"
2001:448a:4043:465b:13c:20ff:1a8b:7e6 - - [10/Apr/2023:22:59:25 +0700] "GET /wp-content/themes/storefront/assets/css/woocommerce/woocommerce.css?ver=4.2.0 HTTP/2.0" 200 58521 "https://tokoyafi.my.id/" "Mozilla/5.0 (Windows NT 10.0; Win64; x64) AppleWebKit/537.36 (KHTML, like Gecko) Chrome/111.0.0.0 Safari/537.36"
2001:448a:4043:465b:13c:20ff:1a8b:7e6 - - [10/Apr/2023:22:59:25 +0700] "GET /wp-includes/js/jquery/jquery-migrate.min.js?ver=3.4.0 HTTP/2.0" 200 13424 "https://tokoyafi.my.id/" "Mozilla/5.0 (Windows NT 10.0; Win64; x64) AppleWebKit/537.36 (KHTML, like Gecko) Chrome/111.0.0.0 Safari/537.36"
2001:448a:4043:465b:13c:20ff:1a8b:7e6 - - [10/Apr/2023:22:59:25 +0700] "GET /wp-content/plugins/cleantalk-spam-protect/css/cleantalk-public.min.css?ver=6.5 HTTP/2.0" 200 1268 "https://tokoyafi.my.id/" "Mozilla/5.0 (Windows NT 10.0; Win64; x64) AppleWebKit/537.36 (KHTML, like Gecko) Chrome/111.0.0.0 Safari/537.36"
2001:448a:4043:465b:13c:20ff:1a8b:7e6 - - [10/Apr/2023:22:59:25 +0700] "GET /wp-includes/css/classic-themes.min.css?ver=6.2 HTTP/2.0" 200 291 "https://tokoyafi.my.id/" "Mozilla/5.0 (Windows NT 10.0; Win64; x64) AppleWebKit/537.36 (KHTML, like Gecko) Chrome/111.0.0.0 Safari/537.36"
2001:448a:4043:465b:13c:20ff:1a8b:7e6 - - [10/Apr/2023:22:59:25 +0700] "GET /wp-includes/js/jquery/jquery.min.js?ver=3.6.3 HTTP/2.0" 200 89815 "https://tokoyafi.my.id/" "Mozilla/5.0 (Windows NT 10.0; Win64; x64) AppleWebKit/537.36 (KHTML, like Gecko) Chrome/111.0.0.0 Safari/537.36"
172.104.123.68 - - [10/Apr/2023:22:59:25 +0700] "ST / HTTP/2.0" 405 166 "-" "Mozilla/5.0 (Windows; U; Win 9x 4.90; en-US; rv:1.7.5)"
172.104.123.68 - - [10/Apr/2023:22:59:25 +0700] "ST / HTTP/2.0" 405 166 "-" "Mozilla/5.0 (Windows; U; Win 9x 4.90; en-US; rv:1.7.5)"
172.104.123.68 - - [10/Apr/2023:22:59:25 +0700] "ST / HTTP/2.0" 405 166 "-" "Mozilla/5.0 (Windows; U; Win 9x 4.90; en-US; rv:1.7.5)"
2001:448a:4043:465b:13c:20ff:1a8b:7e6 - - [10/Apr/2023:22:59:25 +0700] "GET /wp-content/plugins/jetpack/modules/contact-form/js/form-styles.js?ver=11.8.4 HTTP/2.0" 304 0 "https://tokoyafi.my.id/" "Mozilla/5.0 (Windows NT 10.0; Win64; x64) AppleWebKit/537.36 (KHTML, like Gecko) Chrome/111.0.0.0 Safari/537.36"
172.104.121.252 - - [10/Apr/2023:22:59:25 +0700] "POST / HTTP/2.0" 200 57540 "-" "Mozilla/5.0 (Linux; U; Android 0.5; en-us) AppleWebKit/522 (KHTML, like Gecko) Safari/419.3"
2001:448a:4043:465b:13c:20ff:1a8b:7e6 - - [10/Apr/2023:22:59:25 +0700] "GET /wp-content/plugins/woocommerce/assets/js/jquery-blockui/jquery.blockUI.min.js?ver=2.7.0-wc.7.4.1 HTTP/2.0" 304 0 "https://tokoyafi.my.id/" "Mozilla/5.0 (Windows NT 10.0; Win64; x64) AppleWebKit/537.36 (KHTML, like Gecko) Chrome/111.0.0.0 Safari/537.36"
2001:448a:4043:465b:13c:20ff:1a8b:7e6 - - [10/Apr/2023:22:59:25 +0700] "GET /wp-content/plugins/woocommerce/assets/js/js-cookie/js.cookie.min.js?ver=2.1.4-wc.7.4.1 HTTP/2.0" 304 0 "https://tokoyafi.my.id/" "Mozilla/5.0 (Windows NT 10.0; Win64; x64) AppleWebKit/537.36 (KHTML, like Gecko) Chrome/111.0.0.0 Safari/537.36"
2001:448a:4043:465b:13c:20ff:1a8b:7e6 - - [10/Apr/2023:22:59:25 +0700] "GET /wp-content/plugins/woocommerce/assets/js/frontend/add-to-cart.min.js?ver=7.4.1 HTTP/2.0" 304 0 "https://tokoyafi.my.id/" "Mozilla/5.0 (Windows NT 10.0; Win64; x64) AppleWebKit/537.36 (KHTML, like Gecko) Chrome/111.0.0.0 Safari/537.36"
2001:448a:4043:465b:13c:20ff:1a8b:7e6 - - [10/Apr/2023:22:59:25 +0700] "GET /wp-content/plugins/woocommerce/assets/js/frontend/woocommerce.min.js?ver=7.4.1 HTTP/2.0" 304 0 "https://tokoyafi.my.id/" "Mozilla/5.0 (Windows NT 10.0; Win64; x64) AppleWebKit/537.36 (KHTML, like Gecko) Chrome/111.0.0.0 Safari/537.36"
172.104.123.68 - - [10/Apr/2023:22:59:25 +0700] "ST / HTTP/2.0" 405 166 "-" "Mozilla/5.0 (Windows; U; Win 9x 4.90; en-US; rv:1.7.5)"
2001:448a:4043:465b:13c:20ff:1a8b:7e6 - - [10/Apr/2023:22:59:25 +0700] "GET /wp-content/plugins/woocommerce/assets/js/frontend/cart-fragments.min.js?ver=7.4.1 HTTP/2.0" 304 0 "https://tokoyafi.my.id/" "Mozilla/5.0 (Windows NT 10.0; Win64; x64) AppleWebKit/537.36 (KHTML, like Gecko) Chrome/111.0.0.0 Safari/537.36"
2001:448a:4043:465b:13c:20ff:1a8b:7e6 - - [10/Apr/2023:22:59:25 +0700] "GET /wp-content/themes/storefront/assets/js/woocommerce/header-cart.min.js?ver=4.2.0 HTTP/2.0" 304 0 "https://tokoyafi.my.id/" "Mozilla/5.0 (Windows NT 10.0; Win64; x64) AppleWebKit/537.36 (KHTML, like Gecko) Chrome/111.0.0.0 Safari/537.36"
2001:448a:4043:465b:13c:20ff:1a8b:7e6 - - [10/Apr/2023:22:59:25 +0700] "GET /wp-content/themes/storefront/assets/js/footer.min.js?ver=4.2.0 HTTP/2.0" 304 0 "https://tokoyafi.my.id/" "Mozilla/5.0 (Windows NT 10.0; Win64; x64) AppleWebKit/537.36 (KHTML, like Gecko) Chrome/111.0.0.0 Safari/537.36"
2001:448a:4043:465b:13c:20ff:1a8b:7e6 - - [10/Apr/2023:22:59:25 +0700] "GET /wp-content/uploads/2023/03/logotokoyafi.png HTTP/2.0" 304 0 "https://tokoyafi.my.id/" "Mozilla/5.0 (Windows NT 10.0; Win64; x64) AppleWebKit/537.36 (KHTML, like Gecko) Chrome/111.0.0.0 Safari/537.36"
2001:448a:4043:465b:13c:20ff:1a8b:7e6 - - [10/Apr/2023:22:59:25 +0700] "GET /wp-content/uploads/2023/03/other-small-1536x1024.jpg HTTP/2.0" 304 0 "https://tokoyafi.my.id/" "Mozilla/5.0 (Windows NT 10.0; Win64; x64) AppleWebKit/537.36 (KHTML, like Gecko) Chrome/111.0.0.0 Safari/537.36"
2001:448a:4043:465b:13c:20ff:1a8b:7e6 - - [10/Apr/2023:22:59:25 +0700] "GET /wp-content/uploads/2023/03/369b3288-9e1f-4e29-949e-4e3048c6d6ad-324x324.jpg HTTP/2.0" 304 0 "https://tokoyafi.my.id/" "Mozilla/5.0 (Windows NT 10.0; Win64; x64) AppleWebKit/537.36 (KHTML, like Gecko) Chrome/111.0.0.0 Safari/537.36"
2001:448a:4043:465b:13c:20ff:1a8b:7e6 - - [10/Apr/2023:22:59:25 +0700] "GET /wp-content/themes/storefront/assets/js/navigation.min.js?ver=4.2.0 HTTP/2.0" 304 0 "https://tokoyafi.my.id/" "Mozilla/5.0 (Windows NT 10.0; Win64; x64) AppleWebKit/537.36 (KHTML, like Gecko) Chrome/111.0.0.0 Safari/537.36"
2001:448a:4043:465b:13c:20ff:1a8b:7e6 - - [10/Apr/2023:22:59:25 +0700] "GET /wp-includes/js/wp-emoji-release.min.js?ver=6.2 HTTP/2.0" 304 0 "https://tokoyafi.my.id/" "Mozilla/5.0 (Windows NT 10.0; Win64; x64) AppleWebKit/537.36 (KHTML, like Gecko) Chrome/111.0.0.0 Safari/537.36"
172.104.123.68 - - [10/Apr/2023:22:59:25 +0700] "ST / HTTP/2.0" 405 166 "-" "Mozilla/5.0 (Windows; U; Win 9x 4.90; en-US; rv:1.7.5)"
2001:448a:4043:465b:13c:20ff:1a8b:7e6 - - [10/Apr/2023:22:59:25 +0700] "GET /wp-content/uploads/2023/03/other-small.jpg HTTP/2.0" 304 0 "https://tokoyafi.my.id/" "Mozilla/5.0 (Windows NT 10.0; Win64; x64) AppleWebKit/537.36 (KHTML, like Gecko) Chrome/111.0.0.0 Safari/537.36"
172.104.123.68 - - [10/Apr/2023:22:59:25 +0700] "ST / HTTP/2.0" 405 166 "-" "Mozilla/5.0 (Windows; U; Win 9x 4.90; en-US; rv:1.7.5)"
172.104.123.68 - - [10/Apr/2023:22:59:26 +0700] "ST / HTTP/2.0" 405 166 "-" "Mozilla/5.0 (Windows; U; Win 9x 4.90; en-US; rv:1.7.5)"
2001:448a:4043:465b:13c:20ff:1a8b:7e6 - - [10/Apr/2023:22:59:26 +0700] "GET /wp-content/themes/storefront/assets/fonts/fa-solid-900.woff2 HTTP/2.0" 200 79444 "https://tokoyafi.my.id/wp-content/themes/storefront/assets/css/base/icons.css?ver=4.2.0" "Mozilla/5.0 (Windows NT 10.0; Win64; x64) AppleWebKit/537.36 (KHTML, like Gecko) Chrome/111.0.0.0 Safari/537.36"
172.104.123.68 - - [10/Apr/2023:22:59:26 +0700] "ST / HTTP/2.0" 405 166 "-" "Mozilla/5.0 (Windows; U; Win 9x 4.90; en-US; rv:1.7.5)"
172.104.123.68 - - [10/Apr/2023:22:59:26 +0700] "POST / HTTP/2.0" 200 57540 "-" "SEC-SGHX820/1.0 NetFront/3.2 Profile/MIDP-2.0 Configuration/CLDC-1.1"
172.104.123.68 - - [10/Apr/2023:22:59:26 +0700] "ST / HTTP/2.0" 405 166 "-" "Mozilla/5.0 (Windows; U; Win 9x 4.90; en-US; rv:1.7.5)"
172.104.123.68 - - [10/Apr/2023:22:59:26 +0700] "ST / HTTP/2.0" 405 166 "-" "SEC-SGHX820/1.0 NetFront/3.2 Profile/MIDP-2.0 Configuration/CLDC-1.1"
172.104.123.68 - - [10/Apr/2023:22:59:26 +0700] "ST / HTTP/2.0" 405 166 "-" "Mozilla/5.0 (Windows; U; Win 9x 4.90; en-US; rv:1.7.5)"
172.104.123.68 - - [10/Apr/2023:22:59:26 +0700] "ST / HTTP/2.0" 405 568 "-" "Mozilla/5.0 (Linux; Android 6.0; HTC One X10 Build/MRA58K; wv) AppleWebKit/537.36 (KHTML, like Gecko) Version/4.0 Chrome/61.0.3163.98 Mobile Safari/537.36"
172.104.123.68 - - [10/Apr/2023:22:59:26 +0700] "ST / HTTP/2.0" 405 166 "-" "SEC-SGHX820/1.0 NetFront/3.2 Profile/MIDP-2.0 Configuration/CLDC-1.1"
172.104.123.68 - - [10/Apr/2023:22:59:26 +0700] "ST / HTTP/2.0" 405 568 "-" "Mozilla/5.0 (Linux; Android 6.0; HTC One X10 Build/MRA58K; wv) AppleWebKit/537.36 (KHTML, like Gecko) Version/4.0 Chrome/61.0.3163.98 Mobile Safari/537.36"
172.104.123.68 - - [10/Apr/2023:22:59:26 +0700] "ST / HTTP/2.0" 405 166 "-" "Mozilla/5.0 (Windows; U; Win 9x 4.90; en-US; rv:1.7.5)"
172.104.123.68 - - [10/Apr/2023:22:59:26 +0700] "ST / HTTP/2.0" 405 166 "-" "SEC-SGHX820/1.0 NetFront/3.2 Profile/MIDP-2.0 Configuration/CLDC-1.1"
172.104.123.68 - - [10/Apr/2023:22:59:26 +0700] "ST / HTTP/2.0" 405 568 "-" "Mozilla/5.0 (Linux; Android 6.0; HTC One X10 Build/MRA58K; wv) AppleWebKit/537.36 (KHTML, like Gecko) Version/4.0 Chrome/61.0.3163.98 Mobile Safari/537.36"
172.104.123.68 - - [10/Apr/2023:22:59:26 +0700] "ST / HTTP/2.0" 405 166 "-" "Mozilla/5.0 (Windows; U; Win 9x 4.90; en-US; rv:1.7.5)"
172.104.123.68 - - [10/Apr/2023:22:59:26 +0700] "ST / HTTP/2.0" 405 166 "-" "SEC-SGHX820/1.0 NetFront/3.2 Profile/MIDP-2.0 Configuration/CLDC-1.1"
172.104.123.68 - - [10/Apr/2023:22:59:26 +0700] "ST / HTTP/2.0" 405 568 "-" "Mozilla/5.0 (Linux; Android 6.0; HTC One X10 Build/MRA58K; wv) AppleWebKit/537.36 (KHTML, like Gecko) Version/4.0 Chrome/61.0.3163.98 Mobile Safari/537.36"
2001:448a:4043:465b:13c:20ff:1a8b:7e6 - - [10/Apr/2023:22:59:26 +0700] "POST /?wc-ajax=get_refreshed_fragments HTTP/2.0" 200 703 "https://tokoyafi.my.id/" "Mozilla/5.0 (Windows NT 10.0; Win64; x64) AppleWebKit/537.36 (KHTML, like Gecko) Chrome/111.0.0.0 Safari/537.36"
172.104.123.68 - - [10/Apr/2023:22:59:26 +0700] "ST / HTTP/2.0" 405 166 "-" "Mozilla/5.0 (Windows; U; Win 9x 4.90; en-US; rv:1.7.5)"
172.104.123.68 - - [10/Apr/2023:22:59:26 +0700] "ST / HTTP/2.0" 405 166 "-" "SEC-SGHX820/1.0 NetFront/3.2 Profile/MIDP-2.0 Configuration/CLDC-1.1"
172.104.123.68 - - [10/Apr/2023:22:59:26 +0700] "ST / HTTP/2.0" 405 568 "-" "Mozilla/5.0 (Linux; Android 6.0; HTC One X10 Build/MRA58K; wv) AppleWebKit/537.36 (KHTML, like Gecko) Version/4.0 Chrome/61.0.3163.98 Mobile Safari/537.36"
172.104.123.68 - - [10/Apr/2023:22:59:26 +0700] "ST / HTTP/2.0" 405 166 "-" "SEC-SGHX820/1.0 NetFront/3.2 Profile/MIDP-2.0 Configuration/CLDC-1.1"
172.104.123.68 - - [10/Apr/2023:22:59:26 +0700] "ST / HTTP/2.0" 405 166 "-" "Mozilla/5.0 (Windows; U; Win 9x 4.90; en-US; rv:1.7.5)"
172.104.123.68 - - [10/Apr/2023:22:59:26 +0700] "ST / HTTP/2.0" 405 568 "-" "Mozilla/5.0 (Linux; Android 6.0; HTC One X10 Build/MRA58K; wv) AppleWebKit/537.36 (KHTML, like Gecko) Version/4.0 Chrome/61.0.3163.98 Mobile Safari/537.36"
172.104.123.68 - - [10/Apr/2023:22:59:26 +0700] "ST / HTTP/2.0" 405 166 "-" "SEC-SGHX820/1.0 NetFront/3.2 Profile/MIDP-2.0 Configuration/CLDC-1.1"
172.104.123.68 - - [10/Apr/2023:22:59:26 +0700] "ST / HTTP/2.0" 405 166 "-" "Mozilla/5.0 (Windows; U; Win 9x 4.90; en-US; rv:1.7.5)"
172.104.123.68 - - [10/Apr/2023:22:59:26 +0700] "ST / HTTP/2.0" 405 568 "-" "Mozilla/5.0 (Linux; Android 6.0; HTC One X10 Build/MRA58K; wv) AppleWebKit/537.36 (KHTML, like Gecko) Version/4.0 Chrome/61.0.3163.98 Mobile Safari/537.36"
172.104.123.68 - - [10/Apr/2023:22:59:26 +0700] "ST / HTTP/2.0" 405 166 "-" "SEC-SGHX820/1.0 NetFront/3.2 Profile/MIDP-2.0 Configuration/CLDC-1.1"
172.104.123.68 - - [10/Apr/2023:22:59:27 +0700] "ST / HTTP/2.0" 405 568 "-" "Mozilla/5.0 (Linux; Android 6.0; HTC One X10 Build/MRA58K; wv) AppleWebKit/537.36 (KHTML, like Gecko) Version/4.0 Chrome/61.0.3163.98 Mobile Safari/537.36"
172.104.123.68 - - [10/Apr/2023:22:59:27 +0700] "ST / HTTP/2.0" 405 166 "-" "Mozilla/5.0 (Windows; U; Win 9x 4.90; en-US; rv:1.7.5)"
