172.104.123.68 - - [10/Apr/2023:22:59:27 +0700] "ST / HTTP/2.0" 405 166 "-" "SEC-SGHX820/1.0 NetFront/3.2 Profile/MIDP-2.0 Configuration/CLDC-1.1"
172.104.123.68 - - [10/Apr/2023:22:59:27 +0700] "ST / HTTP/2.0" 405 568 "-" "Mozilla/5.0 (Linux; Android 6.0; HTC One X10 Build/MRA58K; wv) AppleWebKit/537.36 (KHTML, like Gecko) Version/4.0 Chrome/61.0.3163.98 Mobile Safari/537.36"
172.104.123.68 - - [10/Apr/2023:22:59:27 +0700] "ST / HTTP/2.0" 405 166 "-" "Mozilla/5.0 (Windows; U; Win 9x 4.90; en-US; rv:1.7.5)"
172.104.123.68 - - [10/Apr/2023:22:59:27 +0700] "ST / HTTP/2.0" 405 166 "-" "SEC-SGHX820/1.0 NetFront/3.2 Profile/MIDP-2.0 Configuration/CLDC-1.1"
172.104.123.68 - - [10/Apr/2023:22:59:27 +0700] "ST / HTTP/2.0" 405 568 "-" "Mozilla/5.0 (Linux; Android 6.0; HTC One X10 Build/MRA58K; wv) AppleWebKit/537.36 (KHTML, like Gecko) Version/4.0 Chrome/61.0.3163.98 Mobile Safari/537.36"
2001:448a:4043:465b:13c:20ff:1a8b:7e6 - - [10/Apr/2023:22:59:27 +0700] "GET /favicon.ico HTTP/2.0" 302 0 "https://tokoyafi.my.id/" "Mozilla/5.0 (Windows NT 10.0; Win64; x64) AppleWebKit/537.36 (KHTML, like Gecko) Chrome/111.0.0.0 Safari/537.36"
172.104.123.68 - - [10/Apr/2023:22:59:27 +0700] "ST / HTTP/2.0" 405 166 "-" "SEC-SGHX820/1.0 NetFront/3.2 Profile/MIDP-2.0 Configuration/CLDC-1.1"
172.104.123.68 - - [10/Apr/2023:22:59:27 +0700] "ST / HTTP/2.0" 405 568 "-" "Mozilla/5.0 (Linux; Android 6.0; HTC One X10 Build/MRA58K; wv) AppleWebKit/537.36 (KHTML, like Gecko) Version/4.0 Chrome/61.0.3163.98 Mobile Safari/537.36"
172.104.123.68 - - [10/Apr/2023:22:59:27 +0700] "ST / HTTP/2.0" 405 166 "-" "SEC-SGHX820/1.0 NetFront/3.2 Profile/MIDP-2.0 Configuration/CLDC-1.1"
172.104.123.68 - - [10/Apr/2023:22:59:27 +0700] "ST / HTTP/2.0" 405 568 "-" "Mozilla/5.0 (Linux; Android 6.0; HTC One X10 Build/MRA58K; wv) AppleWebKit/537.36 (KHTML, like Gecko) Version/4.0 Chrome/61.0.3163.98 Mobile Safari/537.36"
172.104.123.68 - - [10/Apr/2023:22:59:27 +0700] "ST / HTTP/2.0" 405 166 "-" "SEC-SGHX820/1.0 NetFront/3.2 Profile/MIDP-2.0 Configuration/CLDC-1.1"
172.104.123.68 - - [10/Apr/2023:22:59:27 +0700] "ST / HTTP/2.0" 405 568 "-" "Mozilla/5.0 (Linux; Android 6.0; HTC One X10 Build/MRA58K; wv) AppleWebKit/537.36 (KHTML, like Gecko) Version/4.0 Chrome/61.0.3163.98 Mobile Safari/537.36"
172.104.123.68 - - [10/Apr/2023:22:59:27 +0700] "ST / HTTP/2.0" 405 166 "-" "SEC-SGHX820/1.0 NetFront/3.2 Profile/MIDP-2.0 Configuration/CLDC-1.1"
172.104.123.68 - - [10/Apr/2023:22:59:27 +0700] "ST / HTTP/2.0" 405 568 "-" "Mozilla/5.0 (Linux; Android 6.0; HTC One X10 Build/MRA58K; wv) AppleWebKit/537.36 (KHTML, like Gecko) Version/4.0 Chrome/61.0.3163.98 Mobile Safari/537.36"
172.104.123.68 - - [10/Apr/2023:22:59:27 +0700] "ST / HTTP/2.0" 405 166 "-" "SEC-SGHX820/1.0 NetFront/3.2 Profile/MIDP-2.0 Configuration/CLDC-1.1"
172.104.123.68 - - [10/Apr/2023:22:59:27 +0700] "ST / HTTP/2.0" 405 568 "-" "Mozilla/5.0 (Linux; Android 6.0; HTC One X10 Build/MRA58K; wv) AppleWebKit/537.36 (KHTML, like Gecko) Version/4.0 Chrome/61.0.3163.98 Mobile Safari/537.36"
172.104.123.68 - - [10/Apr/2023:22:59:27 +0700] "ST / HTTP/2.0" 405 166 "-" "SEC-SGHX820/1.0 NetFront/3.2 Profile/MIDP-2.0 Configuration/CLDC-1.1"
172.104.123.68 - - [10/Apr/2023:22:59:27 +0700] "ST / HTTP/2.0" 405 568 "-" "Mozilla/5.0 (Linux; Android 6.0; HTC One X10 Build/MRA58K; wv) AppleWebKit/537.36 (KHTML, like Gecko) Version/4.0 Chrome/61.0.3163.98 Mobile Safari/537.36"
172.104.123.68 - - [10/Apr/2023:22:59:27 +0700] "ST / HTTP/2.0" 405 166 "-" "SEC-SGHX820/1.0 NetFront/3.2 Profile/MIDP-2.0 Configuration/CLDC-1.1"
172.104.123.68 - - [10/Apr/2023:22:59:27 +0700] "ST / HTTP/2.0" 405 568 "-" "Mozilla/5.0 (Linux; Android 6.0; HTC One X10 Build/MRA58K; wv) AppleWebKit/537.36 (KHTML, like Gecko) Version/4.0 Chrome/61.0.3163.98 Mobile Safari/537.36"
172.104.123.68 - - [10/Apr/2023:22:59:27 +0700] "ST / HTTP/2.0" 405 568 "-" "Mozilla/5.0 (Linux; Android 6.0; HTC One X10 Build/MRA58K; wv) AppleWebKit/537.36 (KHTML, like Gecko) Version/4.0 Chrome/61.0.3163.98 Mobile Safari/537.36"
172.104.121.252 - - [10/Apr/2023:22:59:27 +0700] "POST / HTTP/2.0" 200 57540 "-" "iTunes/4.2 (Macintosh; U; PPC Mac OS X 10.2)"
172.104.123.68 - - [10/Apr/2023:22:59:27 +0700] "ST / HTTP/2.0" 405 568 "-" "Mozilla/5.0 (Linux; Android 6.0; HTC One X10 Build/MRA58K; wv) AppleWebKit/537.36 (KHTML, like Gecko) Version/4.0 Chrome/61.0.3163.98 Mobile Safari/537.36"
172.104.121.252 - - [10/Apr/2023:22:59:27 +0700] "ST / HTTP/2.0" 405 166 "-" "Mozilla/5.0 (compatible; bingbot/2.0 http://www.bing.com/bingbot.htm)"
172.104.123.68 - - [10/Apr/2023:22:59:28 +0700] "ST / HTTP/2.0" 405 568 "-" "Mozilla/5.0 (Linux; Android 6.0; HTC One X10 Build/MRA58K; wv) AppleWebKit/537.36 (KHTML, like Gecko) Version/4.0 Chrome/61.0.3163.98 Mobile Safari/537.36"
172.104.121.252 - - [10/Apr/2023:22:59:28 +0700] "ST / HTTP/2.0" 405 166 "-" "Mozilla/5.0 (compatible; bingbot/2.0 http://www.bing.com/bingbot.htm)"
172.104.121.252 - - [10/Apr/2023:22:59:28 +0700] "ST / HTTP/2.0" 405 166 "-" "iTunes/4.2 (Macintosh; U; PPC Mac OS X 10.2)"
172.104.123.68 - - [10/Apr/2023:22:59:28 +0700] "ST / HTTP/2.0" 405 568 "-" "Mozilla/5.0 (Linux; Android 6.0; HTC One X10 Build/MRA58K; wv) AppleWebKit/537.36 (KHTML, like Gecko) Version/4.0 Chrome/61.0.3163.98 Mobile Safari/537.36"
172.104.121.252 - - [10/Apr/2023:22:59:28 +0700] "ST / HTTP/2.0" 405 166 "-" "Mozilla/5.0 (compatible; bingbot/2.0 http://www.bing.com/bingbot.htm)"
172.104.123.68 - - [10/Apr/2023:22:59:28 +0700] "ST / HTTP/2.0" 405 166 "-" "Mozilla/5.0 (Windows; U; Win 9x 4.90; en-US; rv:1.7.5)"
172.104.121.252 - - [10/Apr/2023:22:59:28 +0700] "ST / HTTP/2.0" 405 166 "-" "iTunes/4.2 (Macintosh; U; PPC Mac OS X 10.2)"
172.104.121.252 - - [10/Apr/2023:22:59:28 +0700] "ST / HTTP/2.0" 405 166 "-" "Mozilla/5.0 (compatible; bingbot/2.0 http://www.bing.com/bingbot.htm)"
172.104.123.68 - - [10/Apr/2023:22:59:28 +0700] "ST / HTTP/2.0" 405 568 "-" "Mozilla/5.0 (Linux; Android 6.0; HTC One X10 Build/MRA58K; wv) AppleWebKit/537.36 (KHTML, like Gecko) Version/4.0 Chrome/61.0.3163.98 Mobile Safari/537.36"
172.104.123.68 - - [10/Apr/2023:22:59:28 +0700] "ST / HTTP/2.0" 405 166 "-" "Mozilla/5.0 (Windows; U; Win 9x 4.90; en-US; rv:1.7.5)"
172.104.121.252 - - [10/Apr/2023:22:59:28 +0700] "ST / HTTP/2.0" 405 166 "-" "iTunes/4.2 (Macintosh; U; PPC Mac OS X 10.2)"
172.104.123.68 - - [10/Apr/2023:22:59:28 +0700] "ST / HTTP/2.0" 405 568 "-" "Mozilla/5.0 (Linux; Android 6.0; HTC One X10 Build/MRA58K; wv) AppleWebKit/537.36 (KHTML, like Gecko) Version/4.0 Chrome/61.0.3163.98 Mobile Safari/537.36"
172.104.123.68 - - [10/Apr/2023:22:59:28 +0700] "ST / HTTP/2.0" 405 166 "-" "Mozilla/5.0 (Windows; U; Win 9x 4.90; en-US; rv:1.7.5)"
172.104.123.68 - - [10/Apr/2023:22:59:28 +0700] "ST / HTTP/2.0" 405 568 "-" "Mozilla/5.0 (Linux; Android 6.0; HTC One X10 Build/MRA58K; wv) AppleWebKit/537.36 (KHTML, like Gecko) Version/4.0 Chrome/61.0.3163.98 Mobile Safari/537.36"
172.104.121.252 - - [10/Apr/2023:22:59:28 +0700] "ST / HTTP/2.0" 405 166 "-" "iTunes/4.2 (Macintosh; U; PPC Mac OS X 10.2)"
172.104.123.68 - - [10/Apr/2023:22:59:28 +0700] "ST / HTTP/2.0" 405 166 "-" "Mozilla/5.0 (Windows; U; Win 9x 4.90; en-US; rv:1.7.5)"
172.104.123.68 - - [10/Apr/2023:22:59:28 +0700] "ST / HTTP/2.0" 405 568 "-" "Mozilla/5.0 (Linux; Android 6.0; HTC One X10 Build/MRA58K; wv) AppleWebKit/537.36 (KHTML, like Gecko) Version/4.0 Chrome/61.0.3163.98 Mobile Safari/537.36"
172.104.121.252 - - [10/Apr/2023:22:59:28 +0700] "ST / HTTP/2.0" 405 166 "-" "iTunes/4.2 (Macintosh; U; PPC Mac OS X 10.2)"
172.104.123.68 - - [10/Apr/2023:22:59:28 +0700] "ST / HTTP/2.0" 405 568 "-" "Mozilla/5.0 (Linux; Android 6.0; HTC One X10 Build/MRA58K; wv) AppleWebKit/537.36 (KHTML, like Gecko) Version/4.0 Chrome/61.0.3163.98 Mobile Safari/537.36"
172.104.121.252 - - [10/Apr/2023:22:59:28 +0700] "ST / HTTP/2.0" 405 166 "-" "iTunes/4.2 (Macintosh; U; PPC Mac OS X 10.2)"
172.104.123.68 - - [10/Apr/2023:22:59:28 +0700] "ST / HTTP/2.0" 405 568 "-" "Mozilla/5.0 (Linux; Android 6.0; HTC One X10 Build/MRA58K; wv) AppleWebKit/537.36 (KHTML, like Gecko) Version/4.0 Chrome/61.0.3163.98 Mobile Safari/537.36"
172.104.121.252 - - [10/Apr/2023:22:59:28 +0700] "ST / HTTP/2.0" 405 166 "-" "iTunes/4.2 (Macintosh; U; PPC Mac OS X 10.2)"
172.104.123.68 - - [10/Apr/2023:22:59:28 +0700] "ST / HTTP/2.0" 405 568 "-" "Mozilla/5.0 (Linux; Android 6.0; HTC One X10 Build/MRA58K; wv) AppleWebKit/537.36 (KHTML, like Gecko) Version/4.0 Chrome/61.0.3163.98 Mobile Safari/537.36"
172.104.123.68 - - [10/Apr/2023:22:59:28 +0700] "ST / HTTP/2.0" 405 568 "-" "Mozilla/5.0 (Linux; Android 6.0; HTC One X10 Build/MRA58K; wv) AppleWebKit/537.36 (KHTML, like Gecko) Version/4.0 Chrome/61.0.3163.98 Mobile Safari/537.36"
172.104.123.68 - - [10/Apr/2023:22:59:28 +0700] "ST / HTTP/2.0" 405 568 "-" "Mozilla/5.0 (Linux; Android 6.0; HTC One X10 Build/MRA58K; wv) AppleWebKit/537.36 (KHTML, like Gecko) Version/4.0 Chrome/61.0.3163.98 Mobile Safari/537.36"
172.104.123.68 - - [10/Apr/2023:22:59:28 +0700] "ST / HTTP/2.0" 405 568 "-" "Mozilla/5.0 (Linux; Android 6.0; HTC One X10 Build/MRA58K; wv) AppleWebKit/537.36 (KHTML, like Gecko) Version/4.0 Chrome/61.0.3163.98 Mobile Safari/537.36"
172.104.123.68 - - [10/Apr/2023:22:59:29 +0700] "ST / HTTP/2.0" 405 568 "-" "Mozilla/5.0 (Linux; Android 6.0; HTC One X10 Build/MRA58K; wv) AppleWebKit/537.36 (KHTML, like Gecko) Version/4.0 Chrome/61.0.3163.98 Mobile Safari/537.36"
172.104.123.68 - - [10/Apr/2023:22:59:29 +0700] "ST / HTTP/2.0" 405 568 "-" "Mozilla/5.0 (Linux; Android 6.0; HTC One X10 Build/MRA58K; wv) AppleWebKit/537.36 (KHTML, like Gecko) Version/4.0 Chrome/61.0.3163.98 Mobile Safari/537.36"
172.104.123.68 - - [10/Apr/2023:22:59:29 +0700] "ST / HTTP/2.0" 405 568 "-" "Mozilla/5.0 (Linux; Android 6.0; HTC One X10 Build/MRA58K; wv) AppleWebKit/537.36 (KHTML, like Gecko) Version/4.0 Chrome/61.0.3163.98 Mobile Safari/537.36"
172.104.123.68 - - [10/Apr/2023:22:59:29 +0700] "ST / HTTP/2.0" 405 568 "-" "Mozilla/5.0 (Linux; Android 6.0; HTC One X10 Build/MRA58K; wv) AppleWebKit/537.36 (KHTML, like Gecko) Version/4.0 Chrome/61.0.3163.98 Mobile Safari/537.36"
172.104.123.68 - - [10/Apr/2023:22:59:29 +0700] "ST / HTTP/2.0" 405 568 "-" "Mozilla/5.0 (Linux; Android 6.0; HTC One X10 Build/MRA58K; wv) AppleWebKit/537.36 (KHTML, like Gecko) Version/4.0 Chrome/61.0.3163.98 Mobile Safari/537.36"
172.104.123.68 - - [10/Apr/2023:22:59:29 +0700] "ST / HTTP/2.0" 405 568 "-" "Mozilla/5.0 (Linux; Android 6.0; HTC One X10 Build/MRA58K; wv) AppleWebKit/537.36 (KHTML, like Gecko) Version/4.0 Chrome/61.0.3163.98 Mobile Safari/537.36"
172.104.123.68 - - [10/Apr/2023:22:59:29 +0700] "ST / HTTP/2.0" 405 568 "-" "Mozilla/5.0 (Linux; Android 6.0; HTC One X10 Build/MRA58K; wv) AppleWebKit/537.36 (KHTML, like Gecko) Version/4.0 Chrome/61.0.3163.98 Mobile Safari/537.36"
172.104.121.252 - - [10/Apr/2023:22:59:29 +0700] "ST / HTTP/2.0" 405 166 "-" "Mozilla/5.0 (Linux; U; Android 0.5; en-us) AppleWebKit/522 (KHTML, like Gecko) Safari/419.3"
172.104.121.252 - - [10/Apr/2023:22:59:29 +0700] "POST / HTTP/2.0" 200 57540 "-" "Mozilla/4.0 (compatible; MSIE 6.0; Windows NT 5.1; Q312461; sbcydsl 3.12; YComp 5.0.0.0; YPC 3.2.0; .NET CLR 1.1.4322; yplus 5.1.02b)"
172.104.121.252 - - [10/Apr/2023:22:59:30 +0700] "ST / HTTP/2.0" 405 166 "-" "Mozilla/5.0 (Linux; U; Android 0.5; en-us) AppleWebKit/522 (KHTML, like Gecko) Safari/419.3"
172.104.121.252 - - [10/Apr/2023:22:59:30 +0700] "ST / HTTP/2.0" 405 166 "-" "Mozilla/5.0 (X11; U; Linux x86_64; us; rv:1.9.1.19) Gecko/20110430 shadowfox/7.0 (like Firefox/7.0"
172.104.121.252 - - [10/Apr/2023:22:59:30 +0700] "ST / HTTP/2.0" 405 166 "-" "Mozilla/5.0 (X11; U; Linux x86_64; us; rv:1.9.1.19) Gecko/20110430 shadowfox/7.0 (like Firefox/7.0"
172.104.121.252 - - [10/Apr/2023:22:59:30 +0700] "POST / HTTP/2.0" 200 57540 "-" "Mozilla/5.0 (X11; U; Linux x86_64; en-US; rv:1.9.2.7) Gecko/20100809 Fedora/3.6.7-1.fc14 Firefox/3.6.7"
172.104.121.252 - - [10/Apr/2023:22:59:30 +0700] "ST / HTTP/2.0" 405 166 "-" "Mozilla/5.0 (X11; U; Linux x86_64; us; rv:1.9.1.19) Gecko/20110430 shadowfox/7.0 (like Firefox/7.0"
172.104.121.252 - - [10/Apr/2023:22:59:30 +0700] "ST / HTTP/2.0" 405 166 "-" "Mozilla/5.0 (X11; U; Linux x86_64; us; rv:1.9.1.19) Gecko/20110430 shadowfox/7.0 (like Firefox/7.0"
172.104.123.68 - - [10/Apr/2023:22:59:30 +0700] "POST / HTTP/2.0" 200 57540 "-" "Mozilla/5.0 (Macintosh; Intel Mac OS X 10_14_6) AppleWebKit/537.36 (KHTML, like Gecko) Chrome/77.0.3865.120 Safari/537.36"
172.104.123.68 - - [10/Apr/2023:22:59:30 +0700] "ST / HTTP/2.0" 405 568 "-" "Mozilla/5.0 (Macintosh; Intel Mac OS X 10_14_6) AppleWebKit/537.36 (KHTML, like Gecko) Chrome/77.0.3865.120 Safari/537.36"
172.104.123.68 - - [10/Apr/2023:22:59:31 +0700] "ST / HTTP/2.0" 405 568 "-" "Mozilla/5.0 (Macintosh; Intel Mac OS X 10_14_6) AppleWebKit/537.36 (KHTML, like Gecko) Chrome/77.0.3865.120 Safari/537.36"
172.104.123.68 - - [10/Apr/2023:22:59:31 +0700] "ST / HTTP/2.0" 405 568 "-" "Mozilla/5.0 (Macintosh; Intel Mac OS X 10_14_6) AppleWebKit/537.36 (KHTML, like Gecko) Chrome/77.0.3865.120 Safari/537.36"
172.104.121.252 - - [10/Apr/2023:22:59:31 +0700] "POST / HTTP/2.0" 200 57540 "-" "Mozilla/5.0 (Windows; U; Windows NT 5.1; de-DE; rv:1.7.12) Gecko/20050919 Firefox/1.0.7"
172.104.123.68 - - [10/Apr/2023:22:59:31 +0700] "ST / HTTP/2.0" 405 568 "-" "Mozilla/5.0 (Macintosh; Intel Mac OS X 10_14_6) AppleWebKit/537.36 (KHTML, like Gecko) Chrome/77.0.3865.120 Safari/537.36"
172.104.121.252 - - [10/Apr/2023:22:59:31 +0700] "ST / HTTP/2.0" 405 166 "-" "Mozilla/5.0 (Windows; U; Windows NT 5.1; de-DE; rv:1.7.12) Gecko/20050919 Firefox/1.0.7"
172.104.123.68 - - [10/Apr/2023:22:59:31 +0700] "ST / HTTP/2.0" 405 568 "-" "Mozilla/5.0 (Macintosh; Intel Mac OS X 10_14_6) AppleWebKit/537.36 (KHTML, like Gecko) Chrome/77.0.3865.120 Safari/537.36"
172.104.123.68 - - [10/Apr/2023:22:59:31 +0700] "ST / HTTP/2.0" 405 568 "-" "Mozilla/5.0 (Macintosh; Intel Mac OS X 10_14_6) AppleWebKit/537.36 (KHTML, like Gecko) Chrome/77.0.3865.120 Safari/537.36"
172.104.121.252 - - [10/Apr/2023:22:59:31 +0700] "ST / HTTP/2.0" 405 166 "-" "Mozilla/5.0 (Windows; U; Windows NT 5.1; de-DE; rv:1.7.12) Gecko/20050919 Firefox/1.0.7"
172.104.123.68 - - [10/Apr/2023:22:59:31 +0700] "ST / HTTP/2.0" 405 568 "-" "Mozilla/5.0 (Macintosh; Intel Mac OS X 10_14_6) AppleWebKit/537.36 (KHTML, like Gecko) Chrome/77.0.3865.120 Safari/537.36"
172.104.121.252 - - [10/Apr/2023:22:59:31 +0700] "ST / HTTP/2.0" 405 166 "-" "Mozilla/5.0 (Windows; U; Windows NT 5.1; de-DE; rv:1.7.12) Gecko/20050919 Firefox/1.0.7"
172.104.121.252 - - [10/Apr/2023:22:59:31 +0700] "ST / HTTP/2.0" 405 166 "-" "Mozilla/5.0 (Windows; U; Windows NT 5.1; de-DE; rv:1.7.12) Gecko/20050919 Firefox/1.0.7"
172.104.121.252 - - [10/Apr/2023:22:59:31 +0700] "ST / HTTP/2.0" 405 166 "-" "iTunes/4.2 (Macintosh; U; PPC Mac OS X 10.2)"
172.104.121.252 - - [10/Apr/2023:22:59:31 +0700] "ST / HTTP/2.0" 405 166 "-" "Mozilla/5.0 (Windows; U; Windows NT 5.1; de-DE; rv:1.7.12) Gecko/20050919 Firefox/1.0.7"
172.104.121.252 - - [10/Apr/2023:22:59:31 +0700] "ST / HTTP/2.0" 405 166 "-" "iTunes/4.2 (Macintosh; U; PPC Mac OS X 10.2)"
172.104.121.252 - - [10/Apr/2023:22:59:31 +0700] "ST / HTTP/2.0" 405 166 "-" "Mozilla/5.0 (Windows; U; Windows NT 5.1; de-DE; rv:1.7.12) Gecko/20050919 Firefox/1.0.7"
167.172.184.112 - - [10/Apr/2023:22:59:31 +0700] "POST / HTTP/2.0" 200 57540 "-" "Mozilla/5.0 (Windows NT 6.1; Win64; x64) AppleWebKit/537.36 (KHTML, like Gecko) Chrome/78.0.3904.70 Safari/537.36"
172.104.121.252 - - [10/Apr/2023:22:59:31 +0700] "ST / HTTP/2.0" 405 166 "-" "iTunes/4.2 (Macintosh; U; PPC Mac OS X 10.2)"
172.104.121.252 - - [10/Apr/2023:22:59:31 +0700] "ST / HTTP/2.0" 405 166 "-" "Mozilla/5.0 (Windows; U; Windows NT 5.1; de-DE; rv:1.7.12) Gecko/20050919 Firefox/1.0.7"
172.104.121.252 - - [10/Apr/2023:22:59:31 +0700] "ST / HTTP/2.0" 405 166 "-" "iTunes/4.2 (Macintosh; U; PPC Mac OS X 10.2)"
172.104.121.252 - - [10/Apr/2023:22:59:31 +0700] "ST / HTTP/2.0" 405 166 "-" "Mozilla/5.0 (Windows; U; Windows NT 5.1; de-DE; rv:1.7.12) Gecko/20050919 Firefox/1.0.7"
172.104.121.252 - - [10/Apr/2023:22:59:32 +0700] "ST / HTTP/2.0" 405 166 "-" "Mozilla/5.0 (Windows; U; Windows NT 5.1; de-DE; rv:1.7.12) Gecko/20050919 Firefox/1.0.7"
172.104.121.252 - - [10/Apr/2023:22:59:32 +0700] "ST / HTTP/2.0" 405 166 "-" "Mozilla/5.0 (Windows; U; Windows NT 5.1; de-DE; rv:1.7.12) Gecko/20050919 Firefox/1.0.7"
172.104.123.68 - - [10/Apr/2023:22:59:32 +0700] "ST / HTTP/2.0" 405 568 "-" "Mozilla/5.0 (Linux; Android 6.0; HTC One X10 Build/MRA58K; wv) AppleWebKit/537.36 (KHTML, like Gecko) Version/4.0 Chrome/61.0.3163.98 Mobile Safari/537.36"
167.172.184.112 - - [10/Apr/2023:22:59:32 +0700] "ST / HTTP/2.0" 405 568 "-" "Mozilla/5.0 (Windows NT 6.1; Win64; x64) AppleWebKit/537.36 (KHTML, like Gecko) Chrome/78.0.3904.70 Safari/537.36"
172.104.121.252 - - [10/Apr/2023:22:59:32 +0700] "ST / HTTP/2.0" 405 166 "-" "Mozilla/5.0 (Windows; U; Windows NT 5.1; de-DE; rv:1.7.12) Gecko/20050919 Firefox/1.0.7"
172.104.121.252 - - [10/Apr/2023:22:59:32 +0700] "ST / HTTP/2.0" 405 166 "-" "Mozilla/5.0 (Windows; U; Windows NT 5.1; de-DE; rv:1.7.12) Gecko/20050919 Firefox/1.0.7"
167.172.184.112 - - [10/Apr/2023:22:59:32 +0700] "POST / HTTP/2.0" 499 0 "-" "Mozilla/5.0 (Macintosh; Intel Mac OS X 10.6; rv:2.0b6pre) Gecko/20100907 Firefox/4.0b6pre Camino/2.2a1pre"
167.172.184.112 - - [10/Apr/2023:22:59:32 +0700] "ST / HTTP/2.0" 405 568 "-" "Mozilla/5.0 (Windows NT 6.1; Win64; x64) AppleWebKit/537.36 (KHTML, like Gecko) Chrome/78.0.3904.70 Safari/537.36"
172.104.121.252 - - [10/Apr/2023:22:59:32 +0700] "ST / HTTP/2.0" 405 166 "-" "Mozilla/5.0 (Windows; U; Windows NT 5.1; de-DE; rv:1.7.12) Gecko/20050919 Firefox/1.0.7"
172.104.121.252 - - [10/Apr/2023:22:59:32 +0700] "ST / HTTP/2.0" 405 166 "-" "Mozilla/5.0 (Windows; U; Windows NT 5.1; de-DE; rv:1.7.12) Gecko/20050919 Firefox/1.0.7"
167.172.184.112 - - [10/Apr/2023:22:59:32 +0700] "ST / HTTP/2.0" 405 568 "-" "Mozilla/5.0 (Windows NT 6.1; Win64; x64) AppleWebKit/537.36 (KHTML, like Gecko) Chrome/78.0.3904.70 Safari/537.36"
172.104.121.252 - - [10/Apr/2023:22:59:32 +0700] "ST / HTTP/2.0" 405 166 "-" "Mozilla/5.0 (Windows; U; Windows NT 5.1; de-DE; rv:1.7.12) Gecko/20050919 Firefox/1.0.7"
172.104.121.252 - - [10/Apr/2023:22:59:32 +0700] "ST / HTTP/2.0" 405 166 "-" "Mozilla/5.0 (Windows; U; Windows NT 5.1; de-DE; rv:1.7.12) Gecko/20050919 Firefox/1.0.7"
167.172.184.112 - - [10/Apr/2023:22:59:32 +0700] "ST / HTTP/2.0" 405 568 "-" "Mozilla/5.0 (Windows NT 6.1; Win64; x64) AppleWebKit/537.36 (KHTML, like Gecko) Chrome/78.0.3904.70 Safari/537.36"
167.172.184.112 - - [10/Apr/2023:22:59:32 +0700] "POST / HTTP/2.0" 200 57540 "-" "Mozilla/5.0 (Macintosh; Intel Mac OS X 10.14; rv:70.0) Gecko/20100101 Firefox/70.0"
172.104.121.252 - - [10/Apr/2023:22:59:32 +0700] "ST / HTTP/2.0" 405 166 "-" "Mozilla/5.0 (Windows; U; Windows NT 5.1; de-DE; rv:1.7.12) Gecko/20050919 Firefox/1.0.7"
172.104.121.252 - - [10/Apr/2023:22:59:32 +0700] "ST / HTTP/2.0" 405 166 "-" "Mozilla/5.0 (Windows; U; Windows NT 5.1; de-DE; rv:1.7.12) Gecko/20050919 Firefox/1.0.7"
167.172.184.112 - - [10/Apr/2023:22:59:32 +0700] "ST / HTTP/2.0" 405 568 "-" "Mozilla/5.0 (Windows NT 6.1; Win64; x64) AppleWebKit/537.36 (KHTML, like Gecko) Chrome/78.0.3904.70 Safari/537.36"
172.104.121.252 - - [10/Apr/2023:22:59:33 +0700] "POST / HTTP/2.0" 200 57540 "-" "Wget/1.9 cvs-stable (Red Hat modified)"
172.104.121.252 - - [10/Apr/2023:22:59:33 +0700] "ST / HTTP/2.0" 405 166 "-" "Mozilla/5.0 (Windows; U; Windows NT 5.1; de-DE; rv:1.7.12) Gecko/20050919 Firefox/1.0.7"
172.104.121.252 - - [10/Apr/2023:22:59:33 +0700] "ST / HTTP/2.0" 405 166 "-" "Mozilla/5.0 (Windows; U; Windows NT 5.1; de-DE; rv:1.7.12) Gecko/20050919 Firefox/1.0.7"
167.172.184.112 - - [10/Apr/2023:22:59:33 +0700] "ST / HTTP/2.0" 405 568 "-" "Mozilla/5.0 (Windows NT 6.1; Win64; x64) AppleWebKit/537.36 (KHTML, like Gecko) Chrome/78.0.3904.70 Safari/537.36"
167.172.184.112 - - [10/Apr/2023:22:59:33 +0700] "POST / HTTP/2.0" 200 57540 "-" "Mozilla/5.0 (X11; Linux i686) AppleWebKit/535.2 (KHTML, like Gecko) Ubuntu/11.10 Chromium/15.0.874.120 Chrome/15.0.874.120 Safari/535.2"
172.104.121.252 - - [10/Apr/2023:22:59:33 +0700] "ST / HTTP/2.0" 405 166 "-" "Mozilla/5.0 (Windows; U; Windows NT 5.1; de-DE; rv:1.7.12) Gecko/20050919 Firefox/1.0.7"
172.104.121.252 - - [10/Apr/2023:22:59:33 +0700] "ST / HTTP/2.0" 405 166 "-" "Mozilla/5.0 (Windows; U; Windows NT 5.1; de-DE; rv:1.7.12) Gecko/20050919 Firefox/1.0.7"
172.104.121.252 - - [10/Apr/2023:22:59:33 +0700] "ST / HTTP/2.0" 405 166 "-" "Mozilla/5.0 (Windows; U; Windows NT 5.1; de-DE; rv:1.7.12) Gecko/20050919 Firefox/1.0.7"
172.104.121.252 - - [10/Apr/2023:22:59:33 +0700] "ST / HTTP/2.0" 405 166 "-" "Mozilla/5.0 (Windows; U; Windows NT 5.1; de-DE; rv:1.7.12) Gecko/20050919 Firefox/1.0.7"
172.104.121.252 - - [10/Apr/2023:22:59:33 +0700] "ST / HTTP/2.0" 405 166 "-" "Mozilla/5.0 (Windows; U; Windows NT 5.1; de-DE; rv:1.7.12) Gecko/20050919 Firefox/1.0.7"
172.104.121.252 - - [10/Apr/2023:22:59:33 +0700] "ST / HTTP/2.0" 405 166 "-" "Mozilla/5.0 (Windows; U; Windows NT 5.1; de-DE; rv:1.7.12) Gecko/20050919 Firefox/1.0.7"
172.104.121.252 - - [10/Apr/2023:22:59:33 +0700] "ST / HTTP/2.0" 405 166 "-" "Mozilla/5.0 (Windows; U; Windows NT 5.1; de-DE; rv:1.7.12) Gecko/20050919 Firefox/1.0.7"
167.172.184.112 - - [10/Apr/2023:22:59:33 +0700] "ST / HTTP/2.0" 405 568 "-" "Mozilla/5.0 (X11; Linux i686) AppleWebKit/535.2 (KHTML, like Gecko) Ubuntu/11.10 Chromium/15.0.874.120 Chrome/15.0.874.120 Safari/535.2"
172.104.121.252 - - [10/Apr/2023:22:59:33 +0700] "ST / HTTP/2.0" 405 166 "-" "Mozilla/5.0 (Windows; U; Windows NT 5.1; de-DE; rv:1.7.12) Gecko/20050919 Firefox/1.0.7"
172.104.121.252 - - [10/Apr/2023:22:59:34 +0700] "ST / HTTP/2.0" 405 166 "-" "Mozilla/5.0 (Windows; U; Windows NT 5.1; de-DE; rv:1.7.12) Gecko/20050919 Firefox/1.0.7"
172.104.121.252 - - [10/Apr/2023:22:59:34 +0700] "ST / HTTP/2.0" 405 166 "-" "Mozilla/5.0 (Windows; U; Windows NT 5.1; de-DE; rv:1.7.12) Gecko/20050919 Firefox/1.0.7"
172.104.121.252 - - [10/Apr/2023:22:59:34 +0700] "ST / HTTP/2.0" 405 166 "-" "Mozilla/5.0 (Windows; U; Windows NT 5.1; de-DE; rv:1.7.12) Gecko/20050919 Firefox/1.0.7"
172.104.121.252 - - [10/Apr/2023:22:59:34 +0700] "ST / HTTP/2.0" 405 166 "-" "Mozilla/5.0 (Windows; U; Windows NT 5.1; de-DE; rv:1.7.12) Gecko/20050919 Firefox/1.0.7"
172.104.121.252 - - [10/Apr/2023:22:59:34 +0700] "ST / HTTP/2.0" 405 166 "-" "Mozilla/5.0 (Windows; U; Windows NT 5.1; de-DE; rv:1.7.12) Gecko/20050919 Firefox/1.0.7"
172.104.121.252 - - [10/Apr/2023:22:59:34 +0700] "ST / HTTP/2.0" 405 166 "-" "Mozilla/5.0 (Windows; U; Windows NT 5.1; de-DE; rv:1.7.12) Gecko/20050919 Firefox/1.0.7"
167.172.184.112 - - [10/Apr/2023:22:59:34 +0700] "POST / HTTP/2.0" 200 57540 "-" "Mozilla/5.0 (Linux; U; Android 1.5; de-de; HTC Magic Build/PLAT-RC33) AppleWebKit/528.5 (KHTML, like Gecko) Version/3.1.2 Mobile Safari/525.20.1 FirePHP/0.3"
172.104.121.252 - - [10/Apr/2023:22:59:34 +0700] "ST / HTTP/2.0" 405 166 "-" "Mozilla/5.0 (Windows; U; Windows NT 5.1; de-DE; rv:1.7.12) Gecko/20050919 Firefox/1.0.7"
172.104.121.252 - - [10/Apr/2023:22:59:34 +0700] "ST / HTTP/2.0" 405 166 "-" "Mozilla/5.0 (Windows; U; Windows NT 5.1; de-DE; rv:1.7.12) Gecko/20050919 Firefox/1.0.7"
172.104.121.252 - - [10/Apr/2023:22:59:34 +0700] "ST / HTTP/2.0" 405 166 "-" "Mozilla/5.0 (Windows; U; Windows NT 5.1; de-DE; rv:1.7.12) Gecko/20050919 Firefox/1.0.7"
172.104.121.252 - - [10/Apr/2023:22:59:34 +0700] "ST / HTTP/2.0" 405 166 "-" "Mozilla/5.0 (Windows; U; Windows NT 5.1; de-DE; rv:1.7.12) Gecko/20050919 Firefox/1.0.7"
167.172.184.112 - - [10/Apr/2023:22:59:34 +0700] "ST / HTTP/2.0" 405 166 "-" "Mozilla/5.0 (Linux; U; Android 1.5; de-de; HTC Magic Build/PLAT-RC33) AppleWebKit/528.5 (KHTML, like Gecko) Version/3.1.2 Mobile Safari/525.20.1 FirePHP/0.3"
172.104.121.252 - - [10/Apr/2023:22:59:34 +0700] "ST / HTTP/2.0" 405 166 "-" "Mozilla/5.0 (Windows; U; Windows NT 5.1; de-DE; rv:1.7.12) Gecko/20050919 Firefox/1.0.7"
167.172.184.112 - - [10/Apr/2023:22:59:35 +0700] "ST / HTTP/2.0" 405 166 "-" "Mozilla/5.0 (Linux; U; Android 1.5; de-de; HTC Magic Build/PLAT-RC33) AppleWebKit/528.5 (KHTML, like Gecko) Version/3.1.2 Mobile Safari/525.20.1 FirePHP/0.3"
167.172.184.112 - - [10/Apr/2023:22:59:35 +0700] "ST / HTTP/2.0" 405 166 "-" "Mozilla/5.0 (Linux; U; Android 1.5; de-de; HTC Magic Build/PLAT-RC33) AppleWebKit/528.5 (KHTML, like Gecko) Version/3.1.2 Mobile Safari/525.20.1 FirePHP/0.3"
167.172.184.112 - - [10/Apr/2023:22:59:35 +0700] "ST / HTTP/2.0" 405 166 "-" "Mozilla/5.0 (Linux; U; Android 1.5; de-de; HTC Magic Build/PLAT-RC33) AppleWebKit/528.5 (KHTML, like Gecko) Version/3.1.2 Mobile Safari/525.20.1 FirePHP/0.3"
167.172.184.112 - - [10/Apr/2023:22:59:35 +0700] "ST / HTTP/2.0" 405 166 "-" "Mozilla/5.0 (Linux; U; Android 1.5; de-de; HTC Magic Build/PLAT-RC33) AppleWebKit/528.5 (KHTML, like Gecko) Version/3.1.2 Mobile Safari/525.20.1 FirePHP/0.3"
167.172.184.112 - - [10/Apr/2023:22:59:35 +0700] "ST / HTTP/2.0" 405 166 "-" "Mozilla/5.0 (Linux; U; Android 1.5; de-de; HTC Magic Build/PLAT-RC33) AppleWebKit/528.5 (KHTML, like Gecko) Version/3.1.2 Mobile Safari/525.20.1 FirePHP/0.3"
167.172.184.112 - - [10/Apr/2023:22:59:35 +0700] "ST / HTTP/2.0" 405 166 "-" "Mozilla/5.0 (Linux; U; Android 1.5; de-de; HTC Magic Build/PLAT-RC33) AppleWebKit/528.5 (KHTML, like Gecko) Version/3.1.2 Mobile Safari/525.20.1 FirePHP/0.3"
172.104.123.68 - - [10/Apr/2023:22:59:36 +0700] "ST / HTTP/2.0" 405 568 "-" "Mozilla/5.0 (Macintosh; Intel Mac OS X 10_14_6) AppleWebKit/537.36 (KHTML, like Gecko) Chrome/77.0.3865.120 Safari/537.36"
167.172.184.112 - - [10/Apr/2023:22:59:36 +0700] "ST / HTTP/2.0" 405 568 "-" "Mozilla/5.0 (X11; Linux i686) AppleWebKit/535.2 (KHTML, like Gecko) Ubuntu/11.10 Chromium/15.0.874.120 Chrome/15.0.874.120 Safari/535.2"
167.172.184.112 - - [10/Apr/2023:22:59:36 +0700] "ST / HTTP/2.0" 405 166 "-" "Mozilla/5.0 (Linux; U; Android 1.5; de-de; HTC Magic Build/PLAT-RC33) AppleWebKit/528.5 (KHTML, like Gecko) Version/3.1.2 Mobile Safari/525.20.1 FirePHP/0.3"
172.104.123.68 - - [10/Apr/2023:22:59:36 +0700] "POST / HTTP/2.0" 200 57540 "-" "Opera/9.80 (Macintosh; U; de-de) Presto/2.8.131 Version/11.10"
172.104.123.68 - - [10/Apr/2023:22:59:36 +0700] "ST / HTTP/2.0" 405 568 "-" "Mozilla/5.0 (Macintosh; Intel Mac OS X 10_14_6) AppleWebKit/537.36 (KHTML, like Gecko) Chrome/77.0.3865.120 Safari/537.36"
172.104.123.68 - - [10/Apr/2023:22:59:36 +0700] "ST / HTTP/2.0" 405 568 "-" "Mozilla/5.0 (Macintosh; Intel Mac OS X 10_14_6) AppleWebKit/537.36 (KHTML, like Gecko) Chrome/77.0.3865.120 Safari/537.36"
167.172.184.112 - - [10/Apr/2023:22:59:36 +0700] "ST / HTTP/2.0" 405 166 "-" "Mozilla/5.0 (Linux; U; Android 1.5; de-de; HTC Magic Build/PLAT-RC33) AppleWebKit/528.5 (KHTML, like Gecko) Version/3.1.2 Mobile Safari/525.20.1 FirePHP/0.3"
167.172.184.112 - - [10/Apr/2023:22:59:36 +0700] "ST / HTTP/2.0" 405 568 "-" "Mozilla/5.0 (X11; Linux i686) AppleWebKit/535.2 (KHTML, like Gecko) Ubuntu/11.10 Chromium/15.0.874.120 Chrome/15.0.874.120 Safari/535.2"
172.104.123.68 - - [10/Apr/2023:22:59:36 +0700] "ST / HTTP/2.0" 405 166 "-" "Opera/9.80 (Macintosh; U; de-de) Presto/2.8.131 Version/11.10"
172.104.123.68 - - [10/Apr/2023:22:59:36 +0700] "ST / HTTP/2.0" 405 568 "-" "Mozilla/5.0 (Macintosh; Intel Mac OS X 10_14_6) AppleWebKit/537.36 (KHTML, like Gecko) Chrome/77.0.3865.120 Safari/537.36"
167.172.184.112 - - [10/Apr/2023:22:59:36 +0700] "ST / HTTP/2.0" 405 166 "-" "Mozilla/5.0 (Linux; U; Android 1.5; de-de; HTC Magic Build/PLAT-RC33) AppleWebKit/528.5 (KHTML, like Gecko) Version/3.1.2 Mobile Safari/525.20.1 FirePHP/0.3"
167.172.184.112 - - [10/Apr/2023:22:59:36 +0700] "ST / HTTP/2.0" 405 568 "-" "Mozilla/5.0 (X11; Linux i686) AppleWebKit/535.2 (KHTML, like Gecko) Ubuntu/11.10 Chromium/15.0.874.120 Chrome/15.0.874.120 Safari/535.2"
167.172.184.112 - - [10/Apr/2023:22:59:36 +0700] "ST / HTTP/2.0" 405 166 "-" "Mozilla/5.0 (Linux; U; Android 1.5; de-de; HTC Magic Build/PLAT-RC33) AppleWebKit/528.5 (KHTML, like Gecko) Version/3.1.2 Mobile Safari/525.20.1 FirePHP/0.3"
167.172.184.112 - - [10/Apr/2023:22:59:36 +0700] "ST / HTTP/2.0" 405 568 "-" "Mozilla/5.0 (X11; Linux i686) AppleWebKit/535.2 (KHTML, like Gecko) Ubuntu/11.10 Chromium/15.0.874.120 Chrome/15.0.874.120 Safari/535.2"
167.172.184.112 - - [10/Apr/2023:22:59:36 +0700] "ST / HTTP/2.0" 405 166 "-" "Mozilla/5.0 (Linux; U; Android 1.5; de-de; HTC Magic Build/PLAT-RC33) AppleWebKit/528.5 (KHTML, like Gecko) Version/3.1.2 Mobile Safari/525.20.1 FirePHP/0.3"
167.172.184.112 - - [10/Apr/2023:22:59:36 +0700] "ST / HTTP/2.0" 405 568 "-" "Mozilla/5.0 (Windows NT 6.1; Win64; x64) AppleWebKit/537.36 (KHTML, like Gecko) Chrome/78.0.3904.70 Safari/537.36"
167.172.184.112 - - [10/Apr/2023:22:59:36 +0700] "ST / HTTP/2.0" 405 166 "-" "Mozilla/5.0 (Linux; U; Android 1.5; de-de; HTC Magic Build/PLAT-RC33) AppleWebKit/528.5 (KHTML, like Gecko) Version/3.1.2 Mobile Safari/525.20.1 FirePHP/0.3"
167.172.184.112 - - [10/Apr/2023:22:59:37 +0700] "ST / HTTP/2.0" 405 568 "-" "Mozilla/5.0 (Windows NT 6.1; Win64; x64) AppleWebKit/537.36 (KHTML, like Gecko) Chrome/78.0.3904.70 Safari/537.36"
167.172.184.112 - - [10/Apr/2023:22:59:37 +0700] "ST / HTTP/2.0" 405 166 "-" "Mozilla/5.0 (Linux; U; Android 1.5; de-de; HTC Magic Build/PLAT-RC33) AppleWebKit/528.5 (KHTML, like Gecko) Version/3.1.2 Mobile Safari/525.20.1 FirePHP/0.3"
167.172.184.112 - - [10/Apr/2023:22:59:37 +0700] "ST / HTTP/2.0" 405 166 "-" "Mozilla/5.0 (Linux; U; Android 1.5; de-de; HTC Magic Build/PLAT-RC33) AppleWebKit/528.5 (KHTML, like Gecko) Version/3.1.2 Mobile Safari/525.20.1 FirePHP/0.3"
167.172.184.112 - - [10/Apr/2023:22:59:37 +0700] "ST / HTTP/2.0" 405 568 "-" "Mozilla/5.0 (Windows NT 6.1; Win64; x64) AppleWebKit/537.36 (KHTML, like Gecko) Chrome/78.0.3904.70 Safari/537.36"
172.104.121.252 - - [10/Apr/2023:22:59:37 +0700] "ST / HTTP/2.0" 405 166 "-" "Mozilla/5.0 (Linux; U; Android 0.5; en-us) AppleWebKit/522 (KHTML, like Gecko) Safari/419.3"
167.172.184.112 - - [10/Apr/2023:22:59:37 +0700] "ST / HTTP/2.0" 405 166 "-" "Mozilla/5.0 (Linux; U; Android 1.5; de-de; HTC Magic Build/PLAT-RC33) AppleWebKit/528.5 (KHTML, like Gecko) Version/3.1.2 Mobile Safari/525.20.1 FirePHP/0.3"
167.172.184.112 - - [10/Apr/2023:22:59:37 +0700] "ST / HTTP/2.0" 405 166 "-" "Mozilla/5.0 (Linux; U; Android 1.5; de-de; HTC Magic Build/PLAT-RC33) AppleWebKit/528.5 (KHTML, like Gecko) Version/3.1.2 Mobile Safari/525.20.1 FirePHP/0.3"
167.172.184.112 - - [10/Apr/2023:22:59:37 +0700] "ST / HTTP/2.0" 405 166 "-" "Mozilla/5.0 (Linux; U; Android 1.5; de-de; HTC Magic Build/PLAT-RC33) AppleWebKit/528.5 (KHTML, like Gecko) Version/3.1.2 Mobile Safari/525.20.1 FirePHP/0.3"
167.172.184.112 - - [10/Apr/2023:22:59:37 +0700] "ST / HTTP/2.0" 405 166 "-" "Mozilla/5.0 (Linux; U; Android 1.5; de-de; HTC Magic Build/PLAT-RC33) AppleWebKit/528.5 (KHTML, like Gecko) Version/3.1.2 Mobile Safari/525.20.1 FirePHP/0.3"
168.138.174.77 - - [10/Apr/2023:22:59:37 +0700] "POST / HTTP/2.0" 200 57540 "-" "BlackBerry9700/5.0.0.351 Profile/MIDP-2.1 Configuration/CLDC-1.1 VendorID/123"
168.138.174.77 - - [10/Apr/2023:22:59:37 +0700] "ST / HTTP/2.0" 405 166 "-" "BlackBerry9700/5.0.0.351 Profile/MIDP-2.1 Configuration/CLDC-1.1 VendorID/123"
168.138.174.77 - - [10/Apr/2023:22:59:37 +0700] "ST / HTTP/2.0" 405 166 "-" "BlackBerry9700/5.0.0.351 Profile/MIDP-2.1 Configuration/CLDC-1.1 VendorID/123"
168.138.174.77 - - [10/Apr/2023:22:59:37 +0700] "ST / HTTP/2.0" 405 166 "-" "BlackBerry9700/5.0.0.351 Profile/MIDP-2.1 Configuration/CLDC-1.1 VendorID/123"
168.138.174.77 - - [10/Apr/2023:22:59:37 +0700] "ST / HTTP/2.0" 405 166 "-" "BlackBerry9700/5.0.0.351 Profile/MIDP-2.1 Configuration/CLDC-1.1 VendorID/123"
168.138.174.77 - - [10/Apr/2023:22:59:37 +0700] "ST / HTTP/2.0" 405 166 "-" "BlackBerry9700/5.0.0.351 Profile/MIDP-2.1 Configuration/CLDC-1.1 VendorID/123"
168.138.174.77 - - [10/Apr/2023:22:59:37 +0700] "ST / HTTP/2.0" 405 166 "-" "BlackBerry9700/5.0.0.351 Profile/MIDP-2.1 Configuration/CLDC-1.1 VendorID/123"
168.138.174.77 - - [10/Apr/2023:22:59:37 +0700] "ST / HTTP/2.0" 405 166 "-" "BlackBerry9700/5.0.0.351 Profile/MIDP-2.1 Configuration/CLDC-1.1 VendorID/123"
168.138.174.77 - - [10/Apr/2023:22:59:37 +0700] "ST / HTTP/2.0" 405 166 "-" "BlackBerry9700/5.0.0.351 Profile/MIDP-2.1 Configuration/CLDC-1.1 VendorID/123"
168.138.174.77 - - [10/Apr/2023:22:59:37 +0700] "ST / HTTP/2.0" 405 166 "-" "BlackBerry9700/5.0.0.351 Profile/MIDP-2.1 Configuration/CLDC-1.1 VendorID/123"
168.138.174.77 - - [10/Apr/2023:22:59:37 +0700] "ST / HTTP/2.0" 405 166 "-" "BlackBerry9700/5.0.0.351 Profile/MIDP-2.1 Configuration/CLDC-1.1 VendorID/123"
168.138.174.77 - - [10/Apr/2023:22:59:37 +0700] "ST / HTTP/2.0" 405 166 "-" "BlackBerry9700/5.0.0.351 Profile/MIDP-2.1 Configuration/CLDC-1.1 VendorID/123"
168.138.174.77 - - [10/Apr/2023:22:59:38 +0700] "ST / HTTP/2.0" 405 166 "-" "BlackBerry9700/5.0.0.351 Profile/MIDP-2.1 Configuration/CLDC-1.1 VendorID/123"
167.172.184.112 - - [10/Apr/2023:22:59:38 +0700] "POST / HTTP/2.0" 499 0 "-" "Mozilla/5.0 (Macintosh; U; PPC Mac OS X 10.5; en-US; rv:1.9.2.15) Gecko/20110303 Firefox/3.6.15"
167.172.184.112 - - [10/Apr/2023:22:59:38 +0700] "POST / HTTP/2.0" 200 57540 "-" "ELinks (0.4pre5; Linux 2.6.10-ac7 i686; 80x33)"
172.104.121.252 - - [10/Apr/2023:22:59:38 +0700] "ST / HTTP/2.0" 405 166 "-" "Mozilla/5.0 (Linux; U; Android 0.5; en-us) AppleWebKit/522 (KHTML, like Gecko) Safari/419.3"
167.172.184.112 - - [10/Apr/2023:22:59:38 +0700] "ST / HTTP/2.0" 405 166 "-" "ELinks (0.4pre5; Linux 2.6.10-ac7 i686; 80x33)"
172.104.121.252 - - [10/Apr/2023:22:59:38 +0700] "POST / HTTP/2.0" 200 57540 "-" "HTC_Dream Mozilla/5.0 (Linux; U; Android 1.5; en-ca; Build/CUPCAKE) AppleWebKit/528.5 (KHTML, like Gecko) Version/3.1.2 Mobile Safari/525.20.1"
172.104.121.252 - - [10/Apr/2023:22:59:38 +0700] "POST / HTTP/2.0" 200 57540 "-" "Mozilla/5.0 (Windows; U; Windows NT 5.1; de-DE; rv:1.7.8)"
167.172.184.112 - - [10/Apr/2023:22:59:39 +0700] "POST / HTTP/2.0" 200 57540 "-" "BlackBerry9000/5.0.0.93 Profile/MIDP-2.0 Configuration/CLDC-1.1 VendorID/179"
172.104.121.252 - - [10/Apr/2023:22:59:39 +0700] "ST / HTTP/2.0" 405 166 "-" "Mozilla/5.0 (Windows; U; Windows NT 5.1; de-DE; rv:1.7.8)"
172.104.121.252 - - [10/Apr/2023:22:59:39 +0700] "ST / HTTP/2.0" 405 166 "-" "Mozilla/5.0 (Windows; U; Windows NT 5.1; de-DE; rv:1.7.8)"
172.104.121.252 - - [10/Apr/2023:22:59:39 +0700] "ST / HTTP/2.0" 405 166 "-" "Mozilla/5.0 (Windows; U; Windows NT 5.1; de-DE; rv:1.7.8)"
172.104.121.252 - - [10/Apr/2023:22:59:39 +0700] "ST / HTTP/2.0" 405 166 "-" "Mozilla/5.0 (Windows; U; Windows NT 5.1; de-DE; rv:1.7.8)"
172.104.121.252 - - [10/Apr/2023:22:59:39 +0700] "ST / HTTP/2.0" 405 166 "-" "Mozilla/5.0 (Windows; U; Windows NT 5.1; de-DE; rv:1.7.8)"
172.104.121.252 - - [10/Apr/2023:22:59:40 +0700] "ST / HTTP/2.0" 405 166 "-" "Mozilla/5.0 (Windows; U; Windows NT 5.1; de-DE; rv:1.7.8)"
172.104.121.252 - - [10/Apr/2023:22:59:40 +0700] "POST / HTTP/2.0" 200 57540 "-" "Links (2.1pre20; FreeBSD 4.11-STABLE i386; 80x22)"
172.104.121.252 - - [10/Apr/2023:22:59:40 +0700] "ST / HTTP/2.0" 405 166 "-" "Mozilla/5.0 (Windows; U; Windows NT 5.1; de-DE; rv:1.7.8)"
172.104.121.252 - - [10/Apr/2023:22:59:40 +0700] "ST / HTTP/2.0" 405 166 "-" "Mozilla/5.0 (Windows; U; Windows NT 5.1; de-DE; rv:1.7.8)"
172.104.121.252 - - [10/Apr/2023:22:59:40 +0700] "ST / HTTP/2.0" 405 166 "-" "Mozilla/5.0 (Windows; U; Windows NT 5.1; de-DE; rv:1.7.8)"
172.104.121.252 - - [10/Apr/2023:22:59:40 +0700] "ST / HTTP/2.0" 405 166 "-" "Mozilla/5.0 (Windows; U; Windows NT 5.1; de-DE; rv:1.7.8)"
172.104.121.252 - - [10/Apr/2023:22:59:40 +0700] "ST / HTTP/2.0" 405 166 "-" "Mozilla/5.0 (Windows; U; Windows NT 5.1; de-DE; rv:1.7.8)"
172.104.121.252 - - [10/Apr/2023:22:59:40 +0700] "ST / HTTP/2.0" 405 166 "-" "Mozilla/5.0 (Linux; U; Android 0.5; en-us) AppleWebKit/522 (KHTML, like Gecko) Safari/419.3"
172.104.121.252 - - [10/Apr/2023:22:59:40 +0700] "POST / HTTP/2.0" 200 57540 "-" "Mozilla/4.0 (compatible; MSIE 8.0; Windows NT 6.0; Trident/4.0)"
172.104.121.252 - - [10/Apr/2023:22:59:40 +0700] "ST / HTTP/2.0" 405 166 "-" "Mozilla/5.0 (Linux; U; Android 0.5; en-us) AppleWebKit/522 (KHTML, like Gecko) Safari/419.3"
172.104.121.252 - - [10/Apr/2023:22:59:40 +0700] "ST / HTTP/2.0" 405 166 "-" "Mozilla/5.0 (Linux; U; Android 0.5; en-us) AppleWebKit/522 (KHTML, like Gecko) Safari/419.3"
172.104.121.252 - - [10/Apr/2023:22:59:40 +0700] "ST / HTTP/2.0" 405 568 "-" "Mozilla/4.0 (compatible; MSIE 8.0; Windows NT 6.0; Trident/4.0)"
172.104.121.252 - - [10/Apr/2023:22:59:40 +0700] "ST / HTTP/2.0" 405 166 "-" "Mozilla/5.0 (Linux; U; Android 0.5; en-us) AppleWebKit/522 (KHTML, like Gecko) Safari/419.3"
172.104.121.252 - - [10/Apr/2023:22:59:40 +0700] "ST / HTTP/2.0" 405 568 "-" "Mozilla/4.0 (compatible; MSIE 8.0; Windows NT 6.0; Trident/4.0)"
172.104.121.252 - - [10/Apr/2023:22:59:40 +0700] "ST / HTTP/2.0" 405 166 "-" "Mozilla/5.0 (Linux; U; Android 0.5; en-us) AppleWebKit/522 (KHTML, like Gecko) Safari/419.3"
172.104.123.68 - - [10/Apr/2023:22:59:40 +0700] "ST / HTTP/2.0" 405 568 "-" "Mozilla/5.0 (Linux; Android 6.0; HTC One X10 Build/MRA58K; wv) AppleWebKit/537.36 (KHTML, like Gecko) Version/4.0 Chrome/61.0.3163.98 Mobile Safari/537.36"
172.104.121.252 - - [10/Apr/2023:22:59:41 +0700] "ST / HTTP/2.0" 405 166 "-" "Mozilla/5.0 (Linux; U; Android 0.5; en-us) AppleWebKit/522 (KHTML, like Gecko) Safari/419.3"
172.104.121.252 - - [10/Apr/2023:22:59:41 +0700] "ST / HTTP/2.0" 405 568 "-" "Mozilla/4.0 (compatible; MSIE 8.0; Windows NT 6.0; Trident/4.0)"
172.104.123.68 - - [10/Apr/2023:22:59:41 +0700] "ST / HTTP/2.0" 405 568 "-" "Mozilla/5.0 (Linux; Android 6.0; HTC One X10 Build/MRA58K; wv) AppleWebKit/537.36 (KHTML, like Gecko) Version/4.0 Chrome/61.0.3163.98 Mobile Safari/537.36"
172.104.121.252 - - [10/Apr/2023:22:59:41 +0700] "ST / HTTP/2.0" 405 166 "-" "Mozilla/5.0 (Linux; U; Android 0.5; en-us) AppleWebKit/522 (KHTML, like Gecko) Safari/419.3"
172.104.123.68 - - [10/Apr/2023:22:59:41 +0700] "ST / HTTP/2.0" 405 568 "-" "Mozilla/5.0 (Linux; Android 6.0; HTC One X10 Build/MRA58K; wv) AppleWebKit/537.36 (KHTML, like Gecko) Version/4.0 Chrome/61.0.3163.98 Mobile Safari/537.36"
172.104.123.68 - - [10/Apr/2023:22:59:41 +0700] "ST / HTTP/2.0" 405 568 "-" "Mozilla/5.0 (Linux; Android 6.0; HTC One X10 Build/MRA58K; wv) AppleWebKit/537.36 (KHTML, like Gecko) Version/4.0 Chrome/61.0.3163.98 Mobile Safari/537.36"
172.104.121.252 - - [10/Apr/2023:22:59:41 +0700] "ST / HTTP/2.0" 405 166 "-" "Mozilla/5.0 (Linux; U; Android 0.5; en-us) AppleWebKit/522 (KHTML, like Gecko) Safari/419.3"
172.104.121.252 - - [10/Apr/2023:22:59:41 +0700] "ST / HTTP/2.0" 405 166 "-" "Mozilla/5.0 (Linux; U; Android 0.5; en-us) AppleWebKit/522 (KHTML, like Gecko) Safari/419.3"
172.104.121.252 - - [10/Apr/2023:22:59:41 +0700] "ST / HTTP/2.0" 405 166 "-" "Mozilla/5.0 (Linux; U; Android 0.5; en-us) AppleWebKit/522 (KHTML, like Gecko) Safari/419.3"
172.104.123.68 - - [10/Apr/2023:22:59:41 +0700] "POST / HTTP/2.0" 200 57540 "-" "Mozilla/4.0 (compatible; MSIE 5.0; Windows NT; DigExt)"
172.104.121.252 - - [10/Apr/2023:22:59:41 +0700] "ST / HTTP/2.0" 405 166 "-" "Mozilla/5.0 (Linux; U; Android 0.5; en-us) AppleWebKit/522 (KHTML, like Gecko) Safari/419.3"
172.104.121.252 - - [10/Apr/2023:22:59:41 +0700] "ST / HTTP/2.0" 405 166 "-" "Mozilla/5.0 (Linux; U; Android 0.5; en-us) AppleWebKit/522 (KHTML, like Gecko) Safari/419.3"
172.104.121.252 - - [10/Apr/2023:22:59:41 +0700] "ST / HTTP/2.0" 405 166 "-" "Mozilla/5.0 (Linux; U; Android 0.5; en-us) AppleWebKit/522 (KHTML, like Gecko) Safari/419.3"
172.104.121.252 - - [10/Apr/2023:22:59:41 +0700] "ST / HTTP/2.0" 405 166 "-" "Mozilla/5.0 (Linux; U; Android 0.5; en-us) AppleWebKit/522 (KHTML, like Gecko) Safari/419.3"
172.104.121.252 - - [10/Apr/2023:22:59:41 +0700] "ST / HTTP/2.0" 405 166 "-" "Mozilla/5.0 (Linux; U; Android 0.5; en-us) AppleWebKit/522 (KHTML, like Gecko) Safari/419.3"
172.104.121.252 - - [10/Apr/2023:22:59:41 +0700] "ST / HTTP/2.0" 405 166 "-" "Mozilla/5.0 (Linux; U; Android 0.5; en-us) AppleWebKit/522 (KHTML, like Gecko) Safari/419.3"
172.104.121.252 - - [10/Apr/2023:22:59:42 +0700] "ST / HTTP/2.0" 405 166 "-" "Mozilla/5.0 (Linux; U; Android 0.5; en-us) AppleWebKit/522 (KHTML, like Gecko) Safari/419.3"
172.104.121.252 - - [10/Apr/2023:22:59:42 +0700] "POST / HTTP/2.0" 200 57540 "-" "Mozilla/5.0 (Windows; U; Windows NT 6.0; en-US) AppleWebKit/527 (KHTML, like Gecko, Safari/419.3) Arora/0.6 (Change: )"
172.104.121.252 - - [10/Apr/2023:22:59:42 +0700] "ST / HTTP/2.0" 405 166 "-" "Mozilla/5.0 (Linux; U; Android 0.5; en-us) AppleWebKit/522 (KHTML, like Gecko) Safari/419.3"
172.104.121.252 - - [10/Apr/2023:22:59:42 +0700] "ST / HTTP/2.0" 405 166 "-" "Mozilla/5.0 (Windows; U; Windows NT 6.0; en-US) AppleWebKit/527 (KHTML, like Gecko, Safari/419.3) Arora/0.6 (Change: )"
172.104.123.68 - - [10/Apr/2023:22:59:42 +0700] "POST / HTTP/2.0" 200 57540 "-" "Mozilla/5.0 (Windows; U; Windows NT 5.1; fi; rv:1.8.0.1)"
172.104.121.252 - - [10/Apr/2023:22:59:42 +0700] "ST / HTTP/2.0" 405 166 "-" "Mozilla/5.0 (Linux; U; Android 0.5; en-us) AppleWebKit/522 (KHTML, like Gecko) Safari/419.3"
172.104.121.252 - - [10/Apr/2023:22:59:42 +0700] "ST / HTTP/2.0" 405 166 "-" "Mozilla/5.0 (Windows; U; Windows NT 6.0; en-US) AppleWebKit/527 (KHTML, like Gecko, Safari/419.3) Arora/0.6 (Change: )"
172.104.121.252 - - [10/Apr/2023:22:59:42 +0700] "ST / HTTP/2.0" 405 166 "-" "Mozilla/5.0 (Linux; U; Android 0.5; en-us) AppleWebKit/522 (KHTML, like Gecko) Safari/419.3"
172.104.121.252 - - [10/Apr/2023:22:59:42 +0700] "ST / HTTP/2.0" 405 166 "-" "Mozilla/5.0 (Windows; U; Windows NT 6.0; en-US) AppleWebKit/527 (KHTML, like Gecko, Safari/419.3) Arora/0.6 (Change: )"
172.104.121.252 - - [10/Apr/2023:22:59:42 +0700] "ST / HTTP/2.0" 405 166 "-" "Mozilla/5.0 (Linux; U; Android 0.5; en-us) AppleWebKit/522 (KHTML, like Gecko) Safari/419.3"
172.104.123.68 - - [10/Apr/2023:22:59:42 +0700] "POST / HTTP/2.0" 200 57540 "-" "Mozilla/5.0 (Windows NT 6.1; Win64; x64) AppleWebKit/537.36 (KHTML, like Gecko) Chrome/65.0.3325.181 Safari/537.36 OPR/52.0.2871.99"
172.104.121.252 - - [10/Apr/2023:22:59:42 +0700] "ST / HTTP/2.0" 405 166 "-" "Mozilla/5.0 (Windows; U; Windows NT 6.0; en-US) AppleWebKit/527 (KHTML, like Gecko, Safari/419.3) Arora/0.6 (Change: )"
172.104.121.252 - - [10/Apr/2023:22:59:42 +0700] "ST / HTTP/2.0" 405 166 "-" "Mozilla/5.0 (Linux; U; Android 0.5; en-us) AppleWebKit/522 (KHTML, like Gecko) Safari/419.3"
172.104.123.68 - - [10/Apr/2023:22:59:42 +0700] "ST / HTTP/2.0" 405 568 "-" "Mozilla/5.0 (Windows NT 6.1; Win64; x64) AppleWebKit/537.36 (KHTML, like Gecko) Chrome/65.0.3325.181 Safari/537.36 OPR/52.0.2871.99"
172.104.121.252 - - [10/Apr/2023:22:59:42 +0700] "ST / HTTP/2.0" 405 166 "-" "Mozilla/5.0 (Windows; U; Windows NT 6.0; en-US) AppleWebKit/527 (KHTML, like Gecko, Safari/419.3) Arora/0.6 (Change: )"
172.104.121.252 - - [10/Apr/2023:22:59:42 +0700] "ST / HTTP/2.0" 405 166 "-" "Mozilla/5.0 (Linux; U; Android 0.5; en-us) AppleWebKit/522 (KHTML, like Gecko) Safari/419.3"
172.104.123.68 - - [10/Apr/2023:22:59:42 +0700] "ST / HTTP/2.0" 405 568 "-" "Mozilla/5.0 (Windows NT 6.1; Win64; x64) AppleWebKit/537.36 (KHTML, like Gecko) Chrome/65.0.3325.181 Safari/537.36 OPR/52.0.2871.99"
172.104.121.252 - - [10/Apr/2023:22:59:42 +0700] "ST / HTTP/2.0" 405 166 "-" "Mozilla/5.0 (Windows; U; Windows NT 6.0; en-US) AppleWebKit/527 (KHTML, like Gecko, Safari/419.3) Arora/0.6 (Change: )"
172.104.121.252 - - [10/Apr/2023:22:59:42 +0700] "ST / HTTP/2.0" 405 166 "-" "Mozilla/5.0 (Linux; U; Android 0.5; en-us) AppleWebKit/522 (KHTML, like Gecko) Safari/419.3"
172.104.121.252 - - [10/Apr/2023:22:59:42 +0700] "ST / HTTP/2.0" 405 166 "-" "Mozilla/5.0 (Linux; U; Android 0.5; en-us) AppleWebKit/522 (KHTML, like Gecko) Safari/419.3"
172.104.121.252 - - [10/Apr/2023:22:59:42 +0700] "ST / HTTP/2.0" 405 166 "-" "Mozilla/5.0 (Windows; U; Windows NT 6.0; en-US) AppleWebKit/527 (KHTML, like Gecko, Safari/419.3) Arora/0.6 (Change: )"
172.104.121.252 - - [10/Apr/2023:22:59:42 +0700] "ST / HTTP/2.0" 405 166 "-" "Mozilla/5.0 (Linux; U; Android 0.5; en-us) AppleWebKit/522 (KHTML, like Gecko) Safari/419.3"
172.104.121.252 - - [10/Apr/2023:22:59:42 +0700] "ST / HTTP/2.0" 405 166 "-" "Mozilla/5.0 (Windows; U; Windows NT 6.0; en-US) AppleWebKit/527 (KHTML, like Gecko, Safari/419.3) Arora/0.6 (Change: )"
172.104.121.252 - - [10/Apr/2023:22:59:42 +0700] "ST / HTTP/2.0" 405 166 "-" "Mozilla/5.0 (Windows; U; Windows NT 6.0; en-US) AppleWebKit/527 (KHTML, like Gecko, Safari/419.3) Arora/0.6 (Change: )"
68.71.254.6 - - [10/Apr/2023:22:59:43 +0700] "POST / HTTP/2.0" 200 57540 "-" "Mozilla/5.0 (X11; U; SunOS i86pc; en-US; rv:1.8.1.12) Gecko/20080303 SeaMonkey/1.1.8"
172.104.121.252 - - [10/Apr/2023:22:59:43 +0700] "ST / HTTP/2.0" 405 166 "-" "Mozilla/5.0 (Windows; U; Windows NT 6.0; en-US) AppleWebKit/527 (KHTML, like Gecko, Safari/419.3) Arora/0.6 (Change: )"
172.104.121.252 - - [10/Apr/2023:22:59:43 +0700] "ST / HTTP/2.0" 405 166 "-" "Mozilla/5.0 (Windows; U; Windows NT 6.0; en-US) AppleWebKit/527 (KHTML, like Gecko, Safari/419.3) Arora/0.6 (Change: )"
172.104.121.252 - - [10/Apr/2023:22:59:43 +0700] "ST / HTTP/2.0" 405 166 "-" "Mozilla/5.0 (Windows; U; Windows NT 6.0; en-US) AppleWebKit/527 (KHTML, like Gecko, Safari/419.3) Arora/0.6 (Change: )"
172.104.121.252 - - [10/Apr/2023:22:59:43 +0700] "ST / HTTP/2.0" 405 166 "-" "Mozilla/5.0 (Windows; U; Windows NT 6.0; en-US) AppleWebKit/527 (KHTML, like Gecko, Safari/419.3) Arora/0.6 (Change: )"
167.172.184.112 - - [10/Apr/2023:22:59:43 +0700] "POST / HTTP/2.0" 200 57540 "-" "Mozilla/5.0 (Windows; U; Windows CE 4.21; rv:1.8b4) Gecko/20050720 Minimo/0.007"
168.138.174.77 - - [10/Apr/2023:22:59:44 +0700] "ST / HTTP/2.0" 405 166 "-" "BlackBerry9700/5.0.0.351 Profile/MIDP-2.1 Configuration/CLDC-1.1 VendorID/123"
168.138.174.77 - - [10/Apr/2023:22:59:44 +0700] "ST / HTTP/2.0" 405 166 "-" "BlackBerry9700/5.0.0.351 Profile/MIDP-2.1 Configuration/CLDC-1.1 VendorID/123"
168.138.174.77 - - [10/Apr/2023:22:59:44 +0700] "ST / HTTP/2.0" 405 166 "-" "BlackBerry9700/5.0.0.351 Profile/MIDP-2.1 Configuration/CLDC-1.1 VendorID/123"
168.138.174.77 - - [10/Apr/2023:22:59:44 +0700] "ST / HTTP/2.0" 405 166 "-" "BlackBerry9700/5.0.0.351 Profile/MIDP-2.1 Configuration/CLDC-1.1 VendorID/123"
168.138.174.77 - - [10/Apr/2023:22:59:44 +0700] "ST / HTTP/2.0" 405 166 "-" "BlackBerry9700/5.0.0.351 Profile/MIDP-2.1 Configuration/CLDC-1.1 VendorID/123"
168.138.174.77 - - [10/Apr/2023:22:59:44 +0700] "ST / HTTP/2.0" 405 166 "-" "BlackBerry9700/5.0.0.351 Profile/MIDP-2.1 Configuration/CLDC-1.1 VendorID/123"
168.138.174.77 - - [10/Apr/2023:22:59:44 +0700] "ST / HTTP/2.0" 405 166 "-" "BlackBerry9700/5.0.0.351 Profile/MIDP-2.1 Configuration/CLDC-1.1 VendorID/123"
168.138.174.77 - - [10/Apr/2023:22:59:44 +0700] "ST / HTTP/2.0" 405 166 "-" "BlackBerry9700/5.0.0.351 Profile/MIDP-2.1 Configuration/CLDC-1.1 VendorID/123"
168.138.174.77 - - [10/Apr/2023:22:59:44 +0700] "ST / HTTP/2.0" 405 166 "-" "BlackBerry9700/5.0.0.351 Profile/MIDP-2.1 Configuration/CLDC-1.1 VendorID/123"
168.138.174.77 - - [10/Apr/2023:22:59:44 +0700] "ST / HTTP/2.0" 405 166 "-" "BlackBerry9700/5.0.0.351 Profile/MIDP-2.1 Configuration/CLDC-1.1 VendorID/123"
168.138.174.77 - - [10/Apr/2023:22:59:44 +0700] "ST / HTTP/2.0" 405 166 "-" "BlackBerry9700/5.0.0.351 Profile/MIDP-2.1 Configuration/CLDC-1.1 VendorID/123"
168.138.174.77 - - [10/Apr/2023:22:59:44 +0700] "ST / HTTP/2.0" 405 166 "-" "BlackBerry9700/5.0.0.351 Profile/MIDP-2.1 Configuration/CLDC-1.1 VendorID/123"
168.138.174.77 - - [10/Apr/2023:22:59:44 +0700] "ST / HTTP/2.0" 405 166 "-" "BlackBerry9700/5.0.0.351 Profile/MIDP-2.1 Configuration/CLDC-1.1 VendorID/123"
168.138.174.77 - - [10/Apr/2023:22:59:44 +0700] "ST / HTTP/2.0" 405 166 "-" "BlackBerry9700/5.0.0.351 Profile/MIDP-2.1 Configuration/CLDC-1.1 VendorID/123"
168.138.174.77 - - [10/Apr/2023:22:59:44 +0700] "ST / HTTP/2.0" 405 166 "-" "BlackBerry9700/5.0.0.351 Profile/MIDP-2.1 Configuration/CLDC-1.1 VendorID/123"
168.138.174.77 - - [10/Apr/2023:22:59:44 +0700] "ST / HTTP/2.0" 405 166 "-" "BlackBerry9700/5.0.0.351 Profile/MIDP-2.1 Configuration/CLDC-1.1 VendorID/123"
168.138.174.77 - - [10/Apr/2023:22:59:44 +0700] "ST / HTTP/2.0" 405 166 "-" "BlackBerry9700/5.0.0.351 Profile/MIDP-2.1 Configuration/CLDC-1.1 VendorID/123"
168.138.174.77 - - [10/Apr/2023:22:59:44 +0700] "ST / HTTP/2.0" 405 166 "-" "BlackBerry9700/5.0.0.351 Profile/MIDP-2.1 Configuration/CLDC-1.1 VendorID/123"
168.138.174.77 - - [10/Apr/2023:22:59:44 +0700] "ST / HTTP/2.0" 405 166 "-" "BlackBerry9700/5.0.0.351 Profile/MIDP-2.1 Configuration/CLDC-1.1 VendorID/123"
168.138.174.77 - - [10/Apr/2023:22:59:45 +0700] "ST / HTTP/2.0" 405 166 "-" "BlackBerry9700/5.0.0.351 Profile/MIDP-2.1 Configuration/CLDC-1.1 VendorID/123"
168.138.174.77 - - [10/Apr/2023:22:59:45 +0700] "ST / HTTP/2.0" 405 166 "-" "BlackBerry9700/5.0.0.351 Profile/MIDP-2.1 Configuration/CLDC-1.1 VendorID/123"
168.138.174.77 - - [10/Apr/2023:22:59:45 +0700] "ST / HTTP/2.0" 405 166 "-" "BlackBerry9700/5.0.0.351 Profile/MIDP-2.1 Configuration/CLDC-1.1 VendorID/123"
168.138.174.77 - - [10/Apr/2023:22:59:45 +0700] "ST / HTTP/2.0" 405 166 "-" "BlackBerry9700/5.0.0.351 Profile/MIDP-2.1 Configuration/CLDC-1.1 VendorID/123"
168.138.174.77 - - [10/Apr/2023:22:59:45 +0700] "ST / HTTP/2.0" 405 166 "-" "BlackBerry9700/5.0.0.351 Profile/MIDP-2.1 Configuration/CLDC-1.1 VendorID/123"
168.138.174.77 - - [10/Apr/2023:22:59:45 +0700] "ST / HTTP/2.0" 405 166 "-" "BlackBerry9700/5.0.0.351 Profile/MIDP-2.1 Configuration/CLDC-1.1 VendorID/123"
168.138.174.77 - - [10/Apr/2023:22:59:45 +0700] "ST / HTTP/2.0" 405 166 "-" "BlackBerry9700/5.0.0.351 Profile/MIDP-2.1 Configuration/CLDC-1.1 VendorID/123"
168.138.174.77 - - [10/Apr/2023:22:59:45 +0700] "ST / HTTP/2.0" 405 166 "-" "BlackBerry9700/5.0.0.351 Profile/MIDP-2.1 Configuration/CLDC-1.1 VendorID/123"
