172.104.121.252 - - [10/Apr/2023:23:00:01 +0700] "ST / HTTP/2.0" 405 568 "-" "Mozilla/4.0 (compatible; MSIE 8.0; Windows NT 6.0; Trident/4.0)"
172.104.121.252 - - [10/Apr/2023:23:00:01 +0700] "ST / HTTP/2.0" 405 568 "-" "Mozilla/4.0 (compatible; MSIE 8.0; Windows NT 6.0; Trident/4.0)"
172.104.121.252 - - [10/Apr/2023:23:00:01 +0700] "ST / HTTP/2.0" 405 568 "-" "Mozilla/4.0 (compatible; MSIE 8.0; Windows NT 6.0; Trident/4.0)"
172.104.121.252 - - [10/Apr/2023:23:00:01 +0700] "ST / HTTP/2.0" 405 568 "-" "Mozilla/4.0 (compatible; MSIE 8.0; Windows NT 6.0; Trident/4.0)"
172.104.121.252 - - [10/Apr/2023:23:00:01 +0700] "ST / HTTP/2.0" 405 568 "-" "Mozilla/4.0 (compatible; MSIE 8.0; Windows NT 6.0; Trident/4.0)"
116.1.7.245 - - [10/Apr/2023:23:00:02 +0700] "POST / HTTP/2.0" 200 57540 "-" "Links (2.1pre14; IRIX64 6.5 IP27; 145x54)"
172.104.121.252 - - [10/Apr/2023:23:00:02 +0700] "ST / HTTP/2.0" 405 568 "-" "Mozilla/4.0 (compatible; MSIE 8.0; Windows NT 6.0; Trident/4.0)"
168.138.174.77 - - [10/Apr/2023:23:00:02 +0700] "ST / HTTP/2.0" 405 166 "-" "MOT-V9mm/00.62 UP.Browser/6.2.3.4.c.1.123 (GUI) MMP/2.0"
168.138.174.77 - - [10/Apr/2023:23:00:02 +0700] "ST / HTTP/2.0" 405 166 "-" "MOT-V9mm/00.62 UP.Browser/6.2.3.4.c.1.123 (GUI) MMP/2.0"
168.138.174.77 - - [10/Apr/2023:23:00:02 +0700] "ST / HTTP/2.0" 405 166 "-" "MOT-V9mm/00.62 UP.Browser/6.2.3.4.c.1.123 (GUI) MMP/2.0"
168.138.174.77 - - [10/Apr/2023:23:00:02 +0700] "ST / HTTP/2.0" 405 166 "-" "MOT-V9mm/00.62 UP.Browser/6.2.3.4.c.1.123 (GUI) MMP/2.0"
168.138.174.77 - - [10/Apr/2023:23:00:02 +0700] "ST / HTTP/2.0" 405 166 "-" "MOT-V9mm/00.62 UP.Browser/6.2.3.4.c.1.123 (GUI) MMP/2.0"
168.138.174.77 - - [10/Apr/2023:23:00:02 +0700] "ST / HTTP/2.0" 405 166 "-" "MOT-V9mm/00.62 UP.Browser/6.2.3.4.c.1.123 (GUI) MMP/2.0"
172.104.123.68 - - [10/Apr/2023:23:00:02 +0700] "POST / HTTP/2.0" 200 57540 "-" "Wget/1.9 cvs-stable (Red Hat modified)"
172.104.123.68 - - [10/Apr/2023:23:00:02 +0700] "ST / HTTP/2.0" 405 166 "-" "Wget/1.9 cvs-stable (Red Hat modified)"
172.104.123.68 - - [10/Apr/2023:23:00:03 +0700] "ST / HTTP/2.0" 405 166 "-" "Wget/1.9 cvs-stable (Red Hat modified)"
172.104.121.252 - - [10/Apr/2023:23:00:03 +0700] "ST / HTTP/2.0" 405 568 "-" "Mozilla/4.0 (compatible; MSIE 8.0; Windows NT 6.0; Trident/4.0)"
172.104.121.252 - - [10/Apr/2023:23:00:03 +0700] "ST / HTTP/2.0" 405 568 "-" "Mozilla/4.0 (compatible; MSIE 8.0; Windows NT 6.0; Trident/4.0)"
172.104.121.252 - - [10/Apr/2023:23:00:03 +0700] "ST / HTTP/2.0" 405 568 "-" "Mozilla/4.0 (compatible; MSIE 8.0; Windows NT 6.0; Trident/4.0)"
172.104.121.252 - - [10/Apr/2023:23:00:04 +0700] "ST / HTTP/2.0" 405 568 "-" "Mozilla/5.0 Slackware/13.37 (X11; U; Linux x86_64; en-US) AppleWebKit/535.1 (KHTML, like Gecko) Chrome/13.0.782.41"
168.138.174.77 - - [10/Apr/2023:23:00:04 +0700] "POST / HTTP/2.0" 200 57540 "-" "Mozilla/5.0 (Macintosh; Intel Mac OS X 10_14_5) AppleWebKit/605.1.15 (KHTML, like Gecko) Version/12.1.1 Safari/605.1.15"
168.138.174.77 - - [10/Apr/2023:23:00:04 +0700] "ST / HTTP/2.0" 405 166 "-" "Mozilla/5.0 (Macintosh; Intel Mac OS X 10_14_5) AppleWebKit/605.1.15 (KHTML, like Gecko) Version/12.1.1 Safari/605.1.15"
168.138.174.77 - - [10/Apr/2023:23:00:04 +0700] "ST / HTTP/2.0" 405 166 "-" "Mozilla/5.0 (Macintosh; Intel Mac OS X 10_14_5) AppleWebKit/605.1.15 (KHTML, like Gecko) Version/12.1.1 Safari/605.1.15"
168.138.174.77 - - [10/Apr/2023:23:00:04 +0700] "ST / HTTP/2.0" 405 166 "-" "Mozilla/5.0 (Macintosh; Intel Mac OS X 10_14_5) AppleWebKit/605.1.15 (KHTML, like Gecko) Version/12.1.1 Safari/605.1.15"
168.138.174.77 - - [10/Apr/2023:23:00:04 +0700] "ST / HTTP/2.0" 405 166 "-" "Mozilla/5.0 (Macintosh; Intel Mac OS X 10_14_5) AppleWebKit/605.1.15 (KHTML, like Gecko) Version/12.1.1 Safari/605.1.15"
168.138.174.77 - - [10/Apr/2023:23:00:04 +0700] "ST / HTTP/2.0" 405 166 "-" "Mozilla/5.0 (Macintosh; Intel Mac OS X 10_14_5) AppleWebKit/605.1.15 (KHTML, like Gecko) Version/12.1.1 Safari/605.1.15"
168.138.174.77 - - [10/Apr/2023:23:00:04 +0700] "ST / HTTP/2.0" 405 166 "-" "Mozilla/5.0 (Macintosh; Intel Mac OS X 10_14_5) AppleWebKit/605.1.15 (KHTML, like Gecko) Version/12.1.1 Safari/605.1.15"
168.138.174.77 - - [10/Apr/2023:23:00:04 +0700] "ST / HTTP/2.0" 405 166 "-" "Mozilla/5.0 (Macintosh; Intel Mac OS X 10_14_5) AppleWebKit/605.1.15 (KHTML, like Gecko) Version/12.1.1 Safari/605.1.15"
168.138.174.77 - - [10/Apr/2023:23:00:04 +0700] "ST / HTTP/2.0" 405 166 "-" "Mozilla/5.0 (Macintosh; Intel Mac OS X 10_14_5) AppleWebKit/605.1.15 (KHTML, like Gecko) Version/12.1.1 Safari/605.1.15"
168.138.174.77 - - [10/Apr/2023:23:00:04 +0700] "ST / HTTP/2.0" 405 166 "-" "Mozilla/5.0 (Macintosh; Intel Mac OS X 10_14_5) AppleWebKit/605.1.15 (KHTML, like Gecko) Version/12.1.1 Safari/605.1.15"
168.138.174.77 - - [10/Apr/2023:23:00:04 +0700] "ST / HTTP/2.0" 405 166 "-" "Mozilla/5.0 (Macintosh; Intel Mac OS X 10_14_5) AppleWebKit/605.1.15 (KHTML, like Gecko) Version/12.1.1 Safari/605.1.15"
168.138.174.77 - - [10/Apr/2023:23:00:04 +0700] "ST / HTTP/2.0" 405 166 "-" "Mozilla/5.0 (Macintosh; Intel Mac OS X 10_14_5) AppleWebKit/605.1.15 (KHTML, like Gecko) Version/12.1.1 Safari/605.1.15"
168.138.174.77 - - [10/Apr/2023:23:00:04 +0700] "ST / HTTP/2.0" 405 166 "-" "Mozilla/5.0 (Macintosh; Intel Mac OS X 10_14_5) AppleWebKit/605.1.15 (KHTML, like Gecko) Version/12.1.1 Safari/605.1.15"
168.138.174.77 - - [10/Apr/2023:23:00:04 +0700] "ST / HTTP/2.0" 405 166 "-" "Mozilla/5.0 (Macintosh; Intel Mac OS X 10_14_5) AppleWebKit/605.1.15 (KHTML, like Gecko) Version/12.1.1 Safari/605.1.15"
168.138.174.77 - - [10/Apr/2023:23:00:04 +0700] "ST / HTTP/2.0" 405 166 "-" "Mozilla/5.0 (Macintosh; Intel Mac OS X 10_14_5) AppleWebKit/605.1.15 (KHTML, like Gecko) Version/12.1.1 Safari/605.1.15"
168.138.174.77 - - [10/Apr/2023:23:00:04 +0700] "ST / HTTP/2.0" 405 166 "-" "Mozilla/5.0 (Macintosh; Intel Mac OS X 10_14_5) AppleWebKit/605.1.15 (KHTML, like Gecko) Version/12.1.1 Safari/605.1.15"
168.138.174.77 - - [10/Apr/2023:23:00:04 +0700] "ST / HTTP/2.0" 405 166 "-" "Mozilla/5.0 (Macintosh; Intel Mac OS X 10_14_5) AppleWebKit/605.1.15 (KHTML, like Gecko) Version/12.1.1 Safari/605.1.15"
168.138.174.77 - - [10/Apr/2023:23:00:04 +0700] "ST / HTTP/2.0" 405 166 "-" "Mozilla/5.0 (Macintosh; Intel Mac OS X 10_14_5) AppleWebKit/605.1.15 (KHTML, like Gecko) Version/12.1.1 Safari/605.1.15"
168.138.174.77 - - [10/Apr/2023:23:00:04 +0700] "ST / HTTP/2.0" 405 166 "-" "Mozilla/5.0 (Macintosh; Intel Mac OS X 10_14_5) AppleWebKit/605.1.15 (KHTML, like Gecko) Version/12.1.1 Safari/605.1.15"
168.138.174.77 - - [10/Apr/2023:23:00:04 +0700] "ST / HTTP/2.0" 405 166 "-" "Mozilla/5.0 (Macintosh; Intel Mac OS X 10_14_5) AppleWebKit/605.1.15 (KHTML, like Gecko) Version/12.1.1 Safari/605.1.15"
168.138.174.77 - - [10/Apr/2023:23:00:04 +0700] "ST / HTTP/2.0" 405 166 "-" "Mozilla/5.0 (Macintosh; Intel Mac OS X 10_14_5) AppleWebKit/605.1.15 (KHTML, like Gecko) Version/12.1.1 Safari/605.1.15"
168.138.174.77 - - [10/Apr/2023:23:00:04 +0700] "ST / HTTP/2.0" 405 166 "-" "Mozilla/5.0 (Macintosh; Intel Mac OS X 10_14_5) AppleWebKit/605.1.15 (KHTML, like Gecko) Version/12.1.1 Safari/605.1.15"
168.138.174.77 - - [10/Apr/2023:23:00:04 +0700] "ST / HTTP/2.0" 405 166 "-" "Mozilla/5.0 (Macintosh; Intel Mac OS X 10_14_5) AppleWebKit/605.1.15 (KHTML, like Gecko) Version/12.1.1 Safari/605.1.15"
168.138.174.77 - - [10/Apr/2023:23:00:04 +0700] "ST / HTTP/2.0" 405 166 "-" "Mozilla/5.0 (Macintosh; Intel Mac OS X 10_14_5) AppleWebKit/605.1.15 (KHTML, like Gecko) Version/12.1.1 Safari/605.1.15"
168.138.174.77 - - [10/Apr/2023:23:00:04 +0700] "ST / HTTP/2.0" 405 166 "-" "Mozilla/5.0 (Macintosh; Intel Mac OS X 10_14_5) AppleWebKit/605.1.15 (KHTML, like Gecko) Version/12.1.1 Safari/605.1.15"
168.138.174.77 - - [10/Apr/2023:23:00:04 +0700] "ST / HTTP/2.0" 405 166 "-" "Mozilla/5.0 (Macintosh; Intel Mac OS X 10_14_5) AppleWebKit/605.1.15 (KHTML, like Gecko) Version/12.1.1 Safari/605.1.15"
168.138.174.77 - - [10/Apr/2023:23:00:04 +0700] "ST / HTTP/2.0" 405 166 "-" "Mozilla/5.0 (Macintosh; Intel Mac OS X 10_14_5) AppleWebKit/605.1.15 (KHTML, like Gecko) Version/12.1.1 Safari/605.1.15"
168.138.174.77 - - [10/Apr/2023:23:00:04 +0700] "ST / HTTP/2.0" 405 166 "-" "Mozilla/5.0 (Macintosh; Intel Mac OS X 10_14_5) AppleWebKit/605.1.15 (KHTML, like Gecko) Version/12.1.1 Safari/605.1.15"
168.138.174.77 - - [10/Apr/2023:23:00:04 +0700] "ST / HTTP/2.0" 405 166 "-" "Mozilla/5.0 (Macintosh; Intel Mac OS X 10_14_5) AppleWebKit/605.1.15 (KHTML, like Gecko) Version/12.1.1 Safari/605.1.15"
168.138.174.77 - - [10/Apr/2023:23:00:04 +0700] "ST / HTTP/2.0" 405 166 "-" "Mozilla/5.0 (Macintosh; Intel Mac OS X 10_14_5) AppleWebKit/605.1.15 (KHTML, like Gecko) Version/12.1.1 Safari/605.1.15"
168.138.174.77 - - [10/Apr/2023:23:00:04 +0700] "ST / HTTP/2.0" 405 166 "-" "Mozilla/5.0 (Macintosh; Intel Mac OS X 10_14_5) AppleWebKit/605.1.15 (KHTML, like Gecko) Version/12.1.1 Safari/605.1.15"
168.138.174.77 - - [10/Apr/2023:23:00:05 +0700] "ST / HTTP/2.0" 405 166 "-" "Mozilla/5.0 (Macintosh; Intel Mac OS X 10_14_5) AppleWebKit/605.1.15 (KHTML, like Gecko) Version/12.1.1 Safari/605.1.15"
168.138.174.77 - - [10/Apr/2023:23:00:05 +0700] "ST / HTTP/2.0" 405 166 "-" "Mozilla/5.0 (Macintosh; Intel Mac OS X 10_14_5) AppleWebKit/605.1.15 (KHTML, like Gecko) Version/12.1.1 Safari/605.1.15"
168.138.174.77 - - [10/Apr/2023:23:00:05 +0700] "ST / HTTP/2.0" 405 166 "-" "Mozilla/5.0 (Macintosh; Intel Mac OS X 10_14_5) AppleWebKit/605.1.15 (KHTML, like Gecko) Version/12.1.1 Safari/605.1.15"
168.138.174.77 - - [10/Apr/2023:23:00:05 +0700] "ST / HTTP/2.0" 405 166 "-" "Mozilla/5.0 (Macintosh; Intel Mac OS X 10_14_5) AppleWebKit/605.1.15 (KHTML, like Gecko) Version/12.1.1 Safari/605.1.15"
168.138.174.77 - - [10/Apr/2023:23:00:05 +0700] "ST / HTTP/2.0" 405 166 "-" "Mozilla/5.0 (Macintosh; Intel Mac OS X 10_14_5) AppleWebKit/605.1.15 (KHTML, like Gecko) Version/12.1.1 Safari/605.1.15"
168.138.174.77 - - [10/Apr/2023:23:00:05 +0700] "ST / HTTP/2.0" 405 166 "-" "Mozilla/5.0 (Macintosh; Intel Mac OS X 10_14_5) AppleWebKit/605.1.15 (KHTML, like Gecko) Version/12.1.1 Safari/605.1.15"
168.138.174.77 - - [10/Apr/2023:23:00:05 +0700] "ST / HTTP/2.0" 405 166 "-" "Mozilla/5.0 (Macintosh; Intel Mac OS X 10_14_5) AppleWebKit/605.1.15 (KHTML, like Gecko) Version/12.1.1 Safari/605.1.15"
172.104.123.68 - - [10/Apr/2023:23:00:05 +0700] "POST / HTTP/2.0" 200 57540 "-" "Mozilla/5.0 (Windows; U; Windows NT 6.1; tr-TR) AppleWebKit/533.20.25 (KHTML, like Gecko) Version/5.0.4 Safari/533.20.27"
157.245.62.201 - - [10/Apr/2023:23:00:05 +0700] "POST /wp-cron.php?doing_wp_cron=1681142404.7843749523162841796875 HTTP/2.0" 200 20 "-" "WordPress/6.2; https://tokoyafi.my.id"
168.138.174.77 - - [10/Apr/2023:23:00:05 +0700] "ST / HTTP/2.0" 405 166 "-" "Mozilla/5.0 (Macintosh; Intel Mac OS X 10_14_5) AppleWebKit/605.1.15 (KHTML, like Gecko) Version/12.1.1 Safari/605.1.15"
168.138.174.77 - - [10/Apr/2023:23:00:05 +0700] "ST / HTTP/2.0" 405 166 "-" "Mozilla/5.0 (Macintosh; Intel Mac OS X 10_14_5) AppleWebKit/605.1.15 (KHTML, like Gecko) Version/12.1.1 Safari/605.1.15"
168.138.174.77 - - [10/Apr/2023:23:00:05 +0700] "ST / HTTP/2.0" 405 166 "-" "Mozilla/5.0 (Macintosh; Intel Mac OS X 10_14_5) AppleWebKit/605.1.15 (KHTML, like Gecko) Version/12.1.1 Safari/605.1.15"
168.138.174.77 - - [10/Apr/2023:23:00:05 +0700] "ST / HTTP/2.0" 405 166 "-" "Mozilla/5.0 (Macintosh; Intel Mac OS X 10_14_5) AppleWebKit/605.1.15 (KHTML, like Gecko) Version/12.1.1 Safari/605.1.15"
168.138.174.77 - - [10/Apr/2023:23:00:05 +0700] "ST / HTTP/2.0" 405 166 "-" "Mozilla/5.0 (Macintosh; Intel Mac OS X 10_14_5) AppleWebKit/605.1.15 (KHTML, like Gecko) Version/12.1.1 Safari/605.1.15"
168.138.174.77 - - [10/Apr/2023:23:00:05 +0700] "ST / HTTP/2.0" 405 166 "-" "Mozilla/5.0 (Macintosh; Intel Mac OS X 10_14_5) AppleWebKit/605.1.15 (KHTML, like Gecko) Version/12.1.1 Safari/605.1.15"
168.138.174.77 - - [10/Apr/2023:23:00:05 +0700] "ST / HTTP/2.0" 405 166 "-" "Mozilla/5.0 (Macintosh; Intel Mac OS X 10_14_5) AppleWebKit/605.1.15 (KHTML, like Gecko) Version/12.1.1 Safari/605.1.15"
168.138.174.77 - - [10/Apr/2023:23:00:05 +0700] "ST / HTTP/2.0" 405 166 "-" "Mozilla/5.0 (Macintosh; Intel Mac OS X 10_14_5) AppleWebKit/605.1.15 (KHTML, like Gecko) Version/12.1.1 Safari/605.1.15"
168.138.174.77 - - [10/Apr/2023:23:00:05 +0700] "ST / HTTP/2.0" 405 166 "-" "Mozilla/5.0 (Macintosh; Intel Mac OS X 10_14_5) AppleWebKit/605.1.15 (KHTML, like Gecko) Version/12.1.1 Safari/605.1.15"
172.104.123.68 - - [10/Apr/2023:23:00:05 +0700] "ST / HTTP/2.0" 405 166 "-" "Mozilla/5.0 (Windows; U; Windows NT 6.1; tr-TR) AppleWebKit/533.20.25 (KHTML, like Gecko) Version/5.0.4 Safari/533.20.27"
172.104.123.68 - - [10/Apr/2023:23:00:05 +0700] "ST / HTTP/2.0" 405 166 "-" "Mozilla/5.0 (Windows; U; Windows NT 6.1; tr-TR) AppleWebKit/533.20.25 (KHTML, like Gecko) Version/5.0.4 Safari/533.20.27"
172.104.123.68 - - [10/Apr/2023:23:00:05 +0700] "ST / HTTP/2.0" 405 166 "-" "Mozilla/5.0 (Windows; U; Windows NT 6.1; tr-TR) AppleWebKit/533.20.25 (KHTML, like Gecko) Version/5.0.4 Safari/533.20.27"
172.104.123.68 - - [10/Apr/2023:23:00:05 +0700] "ST / HTTP/2.0" 405 166 "-" "Mozilla/5.0 (Windows; U; Windows NT 6.1; tr-TR) AppleWebKit/533.20.25 (KHTML, like Gecko) Version/5.0.4 Safari/533.20.27"
172.104.123.68 - - [10/Apr/2023:23:00:05 +0700] "ST / HTTP/2.0" 405 166 "-" "Mozilla/5.0 (Windows; U; Windows NT 6.1; tr-TR) AppleWebKit/533.20.25 (KHTML, like Gecko) Version/5.0.4 Safari/533.20.27"
172.104.123.68 - - [10/Apr/2023:23:00:05 +0700] "ST / HTTP/2.0" 405 166 "-" "Mozilla/5.0 (Windows; U; Windows NT 6.1; tr-TR) AppleWebKit/533.20.25 (KHTML, like Gecko) Version/5.0.4 Safari/533.20.27"
172.104.123.68 - - [10/Apr/2023:23:00:05 +0700] "ST / HTTP/2.0" 405 166 "-" "Mozilla/5.0 (Windows; U; Windows NT 6.1; tr-TR) AppleWebKit/533.20.25 (KHTML, like Gecko) Version/5.0.4 Safari/533.20.27"
172.104.121.252 - - [10/Apr/2023:23:00:05 +0700] "POST / HTTP/2.0" 200 57540 "-" "BlackBerry7520/4.0.0 Profile/MIDP-2.0 Configuration/CLDC-1.1 UP.Browser/5.0.3.3 UP.Link/5.1.2.12 (Google WAP Proxy/1.0)"
172.104.123.68 - - [10/Apr/2023:23:00:05 +0700] "ST / HTTP/2.0" 405 166 "-" "Mozilla/5.0 (Windows; U; Windows NT 6.1; tr-TR) AppleWebKit/533.20.25 (KHTML, like Gecko) Version/5.0.4 Safari/533.20.27"
172.104.123.68 - - [10/Apr/2023:23:00:05 +0700] "POST / HTTP/2.0" 200 57540 "-" "Mozilla/5.0 (Windows NT 6.1; WOW64) AppleWebKit/537.36 (KHTML, like Gecko) Chrome/56.0.2924.87 Safari/537.36 OPR/43.0.2442.1144"
172.104.123.68 - - [10/Apr/2023:23:00:06 +0700] "ST / HTTP/2.0" 405 166 "-" "Mozilla/5.0 (Windows; U; Windows NT 6.1; tr-TR) AppleWebKit/533.20.25 (KHTML, like Gecko) Version/5.0.4 Safari/533.20.27"
172.104.123.68 - - [10/Apr/2023:23:00:06 +0700] "ST / HTTP/2.0" 405 166 "-" "Mozilla/5.0 (Windows; U; Windows NT 6.1; tr-TR) AppleWebKit/533.20.25 (KHTML, like Gecko) Version/5.0.4 Safari/533.20.27"
172.104.121.252 - - [10/Apr/2023:23:00:06 +0700] "POST / HTTP/2.0" 200 57540 "-" "Mozilla/5.0 (Macintosh; U; Intel Mac OS X 10_7; en-us) AppleWebKit/534.20.8 (KHTML, like Gecko) Version/5.1 Safari/534.20.8"
172.104.121.252 - - [10/Apr/2023:23:00:06 +0700] "POST / HTTP/2.0" 200 57540 "-" "Mozilla/5.0 (Windows NT 6.1; WOW64; rv:7.0.1) Gecko/20100101 Firefox/7.0.1"
172.104.123.68 - - [10/Apr/2023:23:00:07 +0700] "POST / HTTP/2.0" 200 57540 "-" "POLARIS/6.01(BREW 3.1.5;U;en-us;LG;LX265;POLARIS/6.01/WAP;)MMP/2.0 profile/MIDP-201 Configuration /CLDC-1.1"
125.212.220.224 - - [10/Apr/2023:23:00:07 +0700] "POST / HTTP/2.0" 200 57540 "-" "Mozilla/4.0 (compatible; MSIE 6.0; Windows 98; en)"
172.104.121.252 - - [10/Apr/2023:23:00:07 +0700] "ST / HTTP/2.0" 405 568 "-" "Mozilla/4.0 (compatible; MSIE 8.0; Windows NT 6.0; Trident/4.0)"
172.104.121.252 - - [10/Apr/2023:23:00:07 +0700] "ST / HTTP/2.0" 405 568 "-" "Mozilla/4.0 (compatible; MSIE 8.0; Windows NT 6.0; Trident/4.0)"
172.104.121.252 - - [10/Apr/2023:23:00:07 +0700] "ST / HTTP/2.0" 405 568 "-" "Mozilla/4.0 (compatible; MSIE 8.0; Windows NT 6.0; Trident/4.0)"
172.104.121.252 - - [10/Apr/2023:23:00:07 +0700] "ST / HTTP/2.0" 405 568 "-" "Mozilla/4.0 (compatible; MSIE 8.0; Windows NT 6.0; Trident/4.0)"
172.104.123.68 - - [10/Apr/2023:23:00:09 +0700] "ST / HTTP/2.0" 405 166 "-" "Mozilla/5.0 (Windows; U; Windows NT 6.1; tr-TR) AppleWebKit/533.20.25 (KHTML, like Gecko) Version/5.0.4 Safari/533.20.27"
168.138.174.77 - - [10/Apr/2023:23:00:09 +0700] "POST / HTTP/2.0" 200 57540 "-" "Mozilla/5.0 (Linux; U; Android 1.6; es-es; SonyEricssonX10i Build/R1FA016) AppleWebKit/528.5 (KHTML, like Gecko) Version/3.1.2 Mobile Safari/525.20.1"
172.104.123.68 - - [10/Apr/2023:23:00:09 +0700] "POST / HTTP/2.0" 200 57540 "-" "Mozilla/5.0 (compatible; Konqueror/3.5; Linux 2.6.30-7.dmz.1-liquorix-686; X11) KHTML/3.5.10 (like Gecko) (Debian package 4:3.5.10.dfsg.1-1 b1)"
172.104.123.68 - - [10/Apr/2023:23:00:09 +0700] "ST / HTTP/2.0" 405 166 "-" "Mozilla/5.0 (compatible; Konqueror/3.5; Linux 2.6.30-7.dmz.1-liquorix-686; X11) KHTML/3.5.10 (like Gecko) (Debian package 4:3.5.10.dfsg.1-1 b1)"
172.104.123.68 - - [10/Apr/2023:23:00:09 +0700] "ST / HTTP/2.0" 405 166 "-" "Mozilla/5.0 (compatible; Konqueror/3.5; Linux 2.6.30-7.dmz.1-liquorix-686; X11) KHTML/3.5.10 (like Gecko) (Debian package 4:3.5.10.dfsg.1-1 b1)"
172.104.123.68 - - [10/Apr/2023:23:00:10 +0700] "POST / HTTP/2.0" 200 57540 "-" "Mozilla/5.0 (X11; U; Linux; en-US) AppleWebKit/527 (KHTML, like Gecko, Safari/419.3) Arora/0.10.1"
172.104.123.68 - - [10/Apr/2023:23:00:12 +0700] "POST / HTTP/2.0" 200 57540 "-" "AppleTV5,3/9.1.1"
172.104.121.252 - - [10/Apr/2023:23:00:12 +0700] "POST / HTTP/2.0" 200 57540 "-" "Mozilla/5.0 (Windows NT 6.1; rv:12.0) Gecko/20120403211507 Firefox/12.0"
172.104.123.68 - - [10/Apr/2023:23:00:12 +0700] "ST / HTTP/2.0" 405 166 "-" "AppleTV5,3/9.1.1"
172.104.121.252 - - [10/Apr/2023:23:00:12 +0700] "ST / HTTP/2.0" 405 166 "-" "Mozilla/5.0 (Windows NT 6.1; rv:12.0) Gecko/20120403211507 Firefox/12.0"
172.104.123.68 - - [10/Apr/2023:23:00:12 +0700] "ST / HTTP/2.0" 405 166 "-" "AppleTV5,3/9.1.1"
172.104.121.252 - - [10/Apr/2023:23:00:12 +0700] "ST / HTTP/2.0" 405 166 "-" "Mozilla/5.0 (Windows NT 6.1; rv:12.0) Gecko/20120403211507 Firefox/12.0"
172.104.123.68 - - [10/Apr/2023:23:00:12 +0700] "ST / HTTP/2.0" 405 166 "-" "AppleTV5,3/9.1.1"
172.104.121.252 - - [10/Apr/2023:23:00:12 +0700] "ST / HTTP/2.0" 405 166 "-" "Mozilla/5.0 (Windows NT 6.1; rv:12.0) Gecko/20120403211507 Firefox/12.0"
172.104.123.68 - - [10/Apr/2023:23:00:12 +0700] "ST / HTTP/2.0" 405 166 "-" "AppleTV5,3/9.1.1"
172.104.123.68 - - [10/Apr/2023:23:00:12 +0700] "ST / HTTP/2.0" 405 166 "-" "AppleTV5,3/9.1.1"
172.104.121.252 - - [10/Apr/2023:23:00:12 +0700] "ST / HTTP/2.0" 405 166 "-" "Mozilla/5.0 (Windows NT 6.1; rv:12.0) Gecko/20120403211507 Firefox/12.0"
172.104.123.68 - - [10/Apr/2023:23:00:12 +0700] "ST / HTTP/2.0" 405 166 "-" "AppleTV5,3/9.1.1"
172.104.121.252 - - [10/Apr/2023:23:00:12 +0700] "ST / HTTP/2.0" 405 166 "-" "Mozilla/5.0 (Windows NT 6.1; rv:12.0) Gecko/20120403211507 Firefox/12.0"
172.104.123.68 - - [10/Apr/2023:23:00:12 +0700] "ST / HTTP/2.0" 405 166 "-" "AppleTV5,3/9.1.1"
172.104.121.252 - - [10/Apr/2023:23:00:12 +0700] "ST / HTTP/2.0" 405 166 "-" "Mozilla/5.0 (Windows NT 6.1; rv:12.0) Gecko/20120403211507 Firefox/12.0"
172.104.123.68 - - [10/Apr/2023:23:00:12 +0700] "ST / HTTP/2.0" 405 166 "-" "AppleTV5,3/9.1.1"
172.104.121.252 - - [10/Apr/2023:23:00:12 +0700] "ST / HTTP/2.0" 405 166 "-" "Mozilla/5.0 (Windows NT 6.1; rv:12.0) Gecko/20120403211507 Firefox/12.0"
172.104.123.68 - - [10/Apr/2023:23:00:12 +0700] "ST / HTTP/2.0" 405 166 "-" "AppleTV5,3/9.1.1"
172.104.123.68 - - [10/Apr/2023:23:00:12 +0700] "ST / HTTP/2.0" 405 166 "-" "AppleTV5,3/9.1.1"
172.104.121.252 - - [10/Apr/2023:23:00:12 +0700] "ST / HTTP/2.0" 405 166 "-" "Mozilla/5.0 (Windows NT 6.1; rv:12.0) Gecko/20120403211507 Firefox/12.0"
172.104.123.68 - - [10/Apr/2023:23:00:13 +0700] "ST / HTTP/2.0" 405 166 "-" "AppleTV5,3/9.1.1"
172.104.121.252 - - [10/Apr/2023:23:00:13 +0700] "ST / HTTP/2.0" 405 166 "-" "Mozilla/5.0 (Windows NT 6.1; rv:12.0) Gecko/20120403211507 Firefox/12.0"
172.104.123.68 - - [10/Apr/2023:23:00:13 +0700] "ST / HTTP/2.0" 405 166 "-" "AppleTV5,3/9.1.1"
172.104.121.252 - - [10/Apr/2023:23:00:13 +0700] "ST / HTTP/2.0" 405 166 "-" "Mozilla/5.0 (Windows NT 6.1; rv:12.0) Gecko/20120403211507 Firefox/12.0"
172.104.123.68 - - [10/Apr/2023:23:00:13 +0700] "ST / HTTP/2.0" 405 166 "-" "AppleTV5,3/9.1.1"
172.104.123.68 - - [10/Apr/2023:23:00:13 +0700] "ST / HTTP/2.0" 405 166 "-" "AppleTV5,3/9.1.1"
172.104.123.68 - - [10/Apr/2023:23:00:13 +0700] "ST / HTTP/2.0" 405 166 "-" "AppleTV5,3/9.1.1"
172.104.123.68 - - [10/Apr/2023:23:00:13 +0700] "ST / HTTP/2.0" 405 166 "-" "Mozilla/5.0 (Windows; U; Windows NT 6.1; tr-TR) AppleWebKit/533.20.25 (KHTML, like Gecko) Version/5.0.4 Safari/533.20.27"
172.104.123.68 - - [10/Apr/2023:23:00:13 +0700] "ST / HTTP/2.0" 405 166 "-" "AppleTV5,3/9.1.1"
172.104.123.68 - - [10/Apr/2023:23:00:13 +0700] "ST / HTTP/2.0" 405 166 "-" "Mozilla/5.0 (Windows; U; Windows NT 6.1; tr-TR) AppleWebKit/533.20.25 (KHTML, like Gecko) Version/5.0.4 Safari/533.20.27"
172.104.123.68 - - [10/Apr/2023:23:00:13 +0700] "ST / HTTP/2.0" 405 166 "-" "AppleTV5,3/9.1.1"
172.104.123.68 - - [10/Apr/2023:23:00:13 +0700] "ST / HTTP/2.0" 405 166 "-" "Mozilla/5.0 (Windows; U; Windows NT 6.1; tr-TR) AppleWebKit/533.20.25 (KHTML, like Gecko) Version/5.0.4 Safari/533.20.27"
172.104.123.68 - - [10/Apr/2023:23:00:13 +0700] "ST / HTTP/2.0" 405 166 "-" "AppleTV5,3/9.1.1"
172.104.123.68 - - [10/Apr/2023:23:00:13 +0700] "ST / HTTP/2.0" 405 166 "-" "AppleTV5,3/9.1.1"
172.104.123.68 - - [10/Apr/2023:23:00:13 +0700] "ST / HTTP/2.0" 405 166 "-" "AppleTV5,3/9.1.1"
172.104.123.68 - - [10/Apr/2023:23:00:13 +0700] "ST / HTTP/2.0" 405 166 "-" "AppleTV5,3/9.1.1"
172.104.123.68 - - [10/Apr/2023:23:00:13 +0700] "ST / HTTP/2.0" 405 166 "-" "AppleTV5,3/9.1.1"
172.104.123.68 - - [10/Apr/2023:23:00:14 +0700] "ST / HTTP/2.0" 405 166 "-" "AppleTV5,3/9.1.1"
172.104.123.68 - - [10/Apr/2023:23:00:14 +0700] "ST / HTTP/2.0" 405 166 "-" "AppleTV5,3/9.1.1"
172.104.123.68 - - [10/Apr/2023:23:00:14 +0700] "ST / HTTP/2.0" 405 166 "-" "AppleTV5,3/9.1.1"
172.104.123.68 - - [10/Apr/2023:23:00:14 +0700] "ST / HTTP/2.0" 405 166 "-" "AppleTV5,3/9.1.1"
172.104.123.68 - - [10/Apr/2023:23:00:14 +0700] "ST / HTTP/2.0" 405 166 "-" "AppleTV5,3/9.1.1"
172.104.123.68 - - [10/Apr/2023:23:00:14 +0700] "POST / HTTP/2.0" 200 57540 "-" "Mozilla/5.0 (Windows; U; Windows NT 6.1; en-US) AppleWebKit/534.10 (KHTML, like Gecko) Chrome/8.0.552.215 Safari/534.10 ChromePlus/1.5.1.1"
68.71.254.6 - - [10/Apr/2023:23:00:14 +0700] "POST / HTTP/2.0" 200 57540 "-" "Opera/5.0 (SunOS 5.8 sun4m; U) [en]"
172.104.123.68 - - [10/Apr/2023:23:00:14 +0700] "ST / HTTP/2.0" 405 166 "-" "AppleTV5,3/9.1.1"
172.104.123.68 - - [10/Apr/2023:23:00:14 +0700] "ST / HTTP/2.0" 405 166 "-" "AppleTV5,3/9.1.1"
172.104.123.68 - - [10/Apr/2023:23:00:14 +0700] "ST / HTTP/2.0" 405 166 "-" "AppleTV5,3/9.1.1"
172.104.123.68 - - [10/Apr/2023:23:00:14 +0700] "ST / HTTP/2.0" 405 166 "-" "AppleTV5,3/9.1.1"
68.71.254.6 - - [10/Apr/2023:23:00:14 +0700] "ST / HTTP/2.0" 405 166 "-" "Opera/5.0 (SunOS 5.8 sun4m; U) [en]"
172.104.123.68 - - [10/Apr/2023:23:00:14 +0700] "ST / HTTP/2.0" 405 166 "-" "AppleTV5,3/9.1.1"
172.104.123.68 - - [10/Apr/2023:23:00:14 +0700] "ST / HTTP/2.0" 405 166 "-" "AppleTV5,3/9.1.1"
172.104.123.68 - - [10/Apr/2023:23:00:15 +0700] "ST / HTTP/2.0" 405 166 "-" "AppleTV5,3/9.1.1"
172.104.123.68 - - [10/Apr/2023:23:00:15 +0700] "ST / HTTP/2.0" 405 166 "-" "AppleTV5,3/9.1.1"
172.104.123.68 - - [10/Apr/2023:23:00:15 +0700] "ST / HTTP/2.0" 405 166 "-" "AppleTV5,3/9.1.1"
172.104.123.68 - - [10/Apr/2023:23:00:15 +0700] "ST / HTTP/2.0" 405 166 "-" "AppleTV5,3/9.1.1"
172.104.123.68 - - [10/Apr/2023:23:00:15 +0700] "ST / HTTP/2.0" 405 166 "-" "AppleTV5,3/9.1.1"
172.104.123.68 - - [10/Apr/2023:23:00:15 +0700] "ST / HTTP/2.0" 405 166 "-" "AppleTV5,3/9.1.1"
172.104.123.68 - - [10/Apr/2023:23:00:15 +0700] "POST / HTTP/2.0" 200 57540 "-" "Sqworm/2.9.85-BETA (beta_release; 20011115-775; i686-pc-linux-gnu)"
172.104.123.68 - - [10/Apr/2023:23:00:15 +0700] "ST / HTTP/2.0" 405 166 "-" "AppleTV5,3/9.1.1"
172.104.123.68 - - [10/Apr/2023:23:00:15 +0700] "ST / HTTP/2.0" 405 166 "-" "AppleTV5,3/9.1.1"
172.104.123.68 - - [10/Apr/2023:23:00:15 +0700] "ST / HTTP/2.0" 405 166 "-" "AppleTV5,3/9.1.1"
172.104.123.68 - - [10/Apr/2023:23:00:15 +0700] "ST / HTTP/2.0" 405 166 "-" "AppleTV5,3/9.1.1"
172.104.123.68 - - [10/Apr/2023:23:00:15 +0700] "ST / HTTP/2.0" 405 166 "-" "AppleTV5,3/9.1.1"
172.104.123.68 - - [10/Apr/2023:23:00:15 +0700] "ST / HTTP/2.0" 405 166 "-" "AppleTV5,3/9.1.1"
172.104.121.252 - - [10/Apr/2023:23:00:17 +0700] "POST / HTTP/2.0" 200 57540 "-" "Mozilla/5.0 (PLAYSTATION 3; 3.55)"
172.104.121.252 - - [10/Apr/2023:23:00:17 +0700] "POST / HTTP/2.0" 200 57540 "-" "Mozilla/5.0 (Android; Linux armv7l; rv:2.0.1) Gecko/20100101 Firefox/4.0.1 Fennec/2.0.1"
172.104.121.252 - - [10/Apr/2023:23:00:17 +0700] "ST / HTTP/2.0" 405 166 "-" "Mozilla/5.0 (PLAYSTATION 3; 3.55)"
172.104.121.252 - - [10/Apr/2023:23:00:17 +0700] "ST / HTTP/2.0" 405 166 "-" "Mozilla/5.0 (Android; Linux armv7l; rv:2.0.1) Gecko/20100101 Firefox/4.0.1 Fennec/2.0.1"
172.104.121.252 - - [10/Apr/2023:23:00:17 +0700] "ST / HTTP/2.0" 405 166 "-" "Mozilla/5.0 (PLAYSTATION 3; 3.55)"
172.104.121.252 - - [10/Apr/2023:23:00:17 +0700] "ST / HTTP/2.0" 405 166 "-" "Mozilla/5.0 (Android; Linux armv7l; rv:2.0.1) Gecko/20100101 Firefox/4.0.1 Fennec/2.0.1"
172.104.121.252 - - [10/Apr/2023:23:00:18 +0700] "ST / HTTP/2.0" 405 166 "-" "Mozilla/5.0 (PLAYSTATION 3; 3.55)"
172.104.121.252 - - [10/Apr/2023:23:00:18 +0700] "ST / HTTP/2.0" 405 166 "-" "Mozilla/5.0 (Android; Linux armv7l; rv:2.0.1) Gecko/20100101 Firefox/4.0.1 Fennec/2.0.1"
172.104.121.252 - - [10/Apr/2023:23:00:18 +0700] "ST / HTTP/2.0" 405 166 "-" "Mozilla/5.0 (PLAYSTATION 3; 3.55)"
172.104.121.252 - - [10/Apr/2023:23:00:18 +0700] "ST / HTTP/2.0" 405 166 "-" "Mozilla/5.0 (Android; Linux armv7l; rv:2.0.1) Gecko/20100101 Firefox/4.0.1 Fennec/2.0.1"
172.104.121.252 - - [10/Apr/2023:23:00:18 +0700] "ST / HTTP/2.0" 405 166 "-" "Mozilla/5.0 (PLAYSTATION 3; 3.55)"
172.104.121.252 - - [10/Apr/2023:23:00:18 +0700] "ST / HTTP/2.0" 405 166 "-" "Mozilla/5.0 (Android; Linux armv7l; rv:2.0.1) Gecko/20100101 Firefox/4.0.1 Fennec/2.0.1"
172.104.121.252 - - [10/Apr/2023:23:00:18 +0700] "ST / HTTP/2.0" 405 166 "-" "Mozilla/5.0 (PLAYSTATION 3; 3.55)"
172.104.121.252 - - [10/Apr/2023:23:00:18 +0700] "ST / HTTP/2.0" 405 166 "-" "Mozilla/5.0 (Android; Linux armv7l; rv:2.0.1) Gecko/20100101 Firefox/4.0.1 Fennec/2.0.1"
172.104.121.252 - - [10/Apr/2023:23:00:18 +0700] "ST / HTTP/2.0" 405 166 "-" "Mozilla/5.0 (PLAYSTATION 3; 3.55)"
172.104.121.252 - - [10/Apr/2023:23:00:18 +0700] "ST / HTTP/2.0" 405 166 "-" "Mozilla/5.0 (Android; Linux armv7l; rv:2.0.1) Gecko/20100101 Firefox/4.0.1 Fennec/2.0.1"
172.104.121.252 - - [10/Apr/2023:23:00:18 +0700] "ST / HTTP/2.0" 405 166 "-" "Mozilla/5.0 (PLAYSTATION 3; 3.55)"
172.104.121.252 - - [10/Apr/2023:23:00:18 +0700] "ST / HTTP/2.0" 405 166 "-" "Mozilla/5.0 (Android; Linux armv7l; rv:2.0.1) Gecko/20100101 Firefox/4.0.1 Fennec/2.0.1"
172.104.121.252 - - [10/Apr/2023:23:00:18 +0700] "ST / HTTP/2.0" 405 166 "-" "Mozilla/5.0 (PLAYSTATION 3; 3.55)"
172.104.121.252 - - [10/Apr/2023:23:00:18 +0700] "ST / HTTP/2.0" 405 166 "-" "Mozilla/5.0 (Android; Linux armv7l; rv:2.0.1) Gecko/20100101 Firefox/4.0.1 Fennec/2.0.1"
172.104.121.252 - - [10/Apr/2023:23:00:18 +0700] "ST / HTTP/2.0" 405 166 "-" "Mozilla/5.0 (PLAYSTATION 3; 3.55)"
172.104.121.252 - - [10/Apr/2023:23:00:18 +0700] "ST / HTTP/2.0" 405 166 "-" "Mozilla/5.0 (Android; Linux armv7l; rv:2.0.1) Gecko/20100101 Firefox/4.0.1 Fennec/2.0.1"
172.104.121.252 - - [10/Apr/2023:23:00:18 +0700] "ST / HTTP/2.0" 405 166 "-" "Mozilla/5.0 (PLAYSTATION 3; 3.55)"
172.104.121.252 - - [10/Apr/2023:23:00:18 +0700] "ST / HTTP/2.0" 405 166 "-" "Mozilla/5.0 (Android; Linux armv7l; rv:2.0.1) Gecko/20100101 Firefox/4.0.1 Fennec/2.0.1"
172.104.121.252 - - [10/Apr/2023:23:00:18 +0700] "ST / HTTP/2.0" 405 166 "-" "Mozilla/5.0 (PLAYSTATION 3; 3.55)"
172.104.121.252 - - [10/Apr/2023:23:00:18 +0700] "ST / HTTP/2.0" 405 166 "-" "Mozilla/5.0 (Android; Linux armv7l; rv:2.0.1) Gecko/20100101 Firefox/4.0.1 Fennec/2.0.1"
172.104.121.252 - - [10/Apr/2023:23:00:18 +0700] "ST / HTTP/2.0" 405 166 "-" "Mozilla/5.0 (PLAYSTATION 3; 3.55)"
172.104.121.252 - - [10/Apr/2023:23:00:18 +0700] "ST / HTTP/2.0" 405 166 "-" "Mozilla/5.0 (Android; Linux armv7l; rv:2.0.1) Gecko/20100101 Firefox/4.0.1 Fennec/2.0.1"
172.104.121.252 - - [10/Apr/2023:23:00:18 +0700] "ST / HTTP/2.0" 405 166 "-" "Mozilla/5.0 (PLAYSTATION 3; 3.55)"
172.104.121.252 - - [10/Apr/2023:23:00:18 +0700] "ST / HTTP/2.0" 405 166 "-" "Mozilla/5.0 (Android; Linux armv7l; rv:2.0.1) Gecko/20100101 Firefox/4.0.1 Fennec/2.0.1"
68.71.254.6 - - [10/Apr/2023:23:00:18 +0700] "ST / HTTP/2.0" 405 166 "-" "Opera/5.0 (SunOS 5.8 sun4m; U) [en]"
172.104.121.252 - - [10/Apr/2023:23:00:19 +0700] "ST / HTTP/2.0" 405 166 "-" "Mozilla/5.0 (PLAYSTATION 3; 3.55)"
172.104.121.252 - - [10/Apr/2023:23:00:19 +0700] "ST / HTTP/2.0" 405 166 "-" "Mozilla/5.0 (Android; Linux armv7l; rv:2.0.1) Gecko/20100101 Firefox/4.0.1 Fennec/2.0.1"
172.104.121.252 - - [10/Apr/2023:23:00:19 +0700] "ST / HTTP/2.0" 405 166 "-" "Mozilla/5.0 (PLAYSTATION 3; 3.55)"
172.104.121.252 - - [10/Apr/2023:23:00:19 +0700] "ST / HTTP/2.0" 405 166 "-" "Mozilla/5.0 (Android; Linux armv7l; rv:2.0.1) Gecko/20100101 Firefox/4.0.1 Fennec/2.0.1"
172.104.121.252 - - [10/Apr/2023:23:00:19 +0700] "ST / HTTP/2.0" 405 166 "-" "Mozilla/5.0 (PLAYSTATION 3; 3.55)"
172.104.121.252 - - [10/Apr/2023:23:00:19 +0700] "ST / HTTP/2.0" 405 166 "-" "Mozilla/5.0 (Android; Linux armv7l; rv:2.0.1) Gecko/20100101 Firefox/4.0.1 Fennec/2.0.1"
172.104.121.252 - - [10/Apr/2023:23:00:19 +0700] "ST / HTTP/2.0" 405 166 "-" "Mozilla/5.0 (PLAYSTATION 3; 3.55)"
172.104.121.252 - - [10/Apr/2023:23:00:19 +0700] "ST / HTTP/2.0" 405 166 "-" "Mozilla/5.0 (Android; Linux armv7l; rv:2.0.1) Gecko/20100101 Firefox/4.0.1 Fennec/2.0.1"
172.104.121.252 - - [10/Apr/2023:23:00:19 +0700] "ST / HTTP/2.0" 405 166 "-" "Mozilla/5.0 (PLAYSTATION 3; 3.55)"
172.104.121.252 - - [10/Apr/2023:23:00:19 +0700] "ST / HTTP/2.0" 405 166 "-" "Mozilla/5.0 (Android; Linux armv7l; rv:2.0.1) Gecko/20100101 Firefox/4.0.1 Fennec/2.0.1"
172.104.121.252 - - [10/Apr/2023:23:00:19 +0700] "ST / HTTP/2.0" 405 166 "-" "Mozilla/5.0 (PLAYSTATION 3; 3.55)"
172.104.121.252 - - [10/Apr/2023:23:00:19 +0700] "ST / HTTP/2.0" 405 166 "-" "Mozilla/5.0 (Android; Linux armv7l; rv:2.0.1) Gecko/20100101 Firefox/4.0.1 Fennec/2.0.1"
172.104.121.252 - - [10/Apr/2023:23:00:19 +0700] "ST / HTTP/2.0" 405 166 "-" "Mozilla/5.0 (PLAYSTATION 3; 3.55)"
172.104.121.252 - - [10/Apr/2023:23:00:19 +0700] "ST / HTTP/2.0" 405 166 "-" "Mozilla/5.0 (Android; Linux armv7l; rv:2.0.1) Gecko/20100101 Firefox/4.0.1 Fennec/2.0.1"
172.104.121.252 - - [10/Apr/2023:23:00:19 +0700] "ST / HTTP/2.0" 405 166 "-" "Mozilla/5.0 (PLAYSTATION 3; 3.55)"
172.104.121.252 - - [10/Apr/2023:23:00:19 +0700] "ST / HTTP/2.0" 405 166 "-" "Mozilla/5.0 (Android; Linux armv7l; rv:2.0.1) Gecko/20100101 Firefox/4.0.1 Fennec/2.0.1"
172.104.121.252 - - [10/Apr/2023:23:00:19 +0700] "ST / HTTP/2.0" 405 166 "-" "Mozilla/5.0 (PLAYSTATION 3; 3.55)"
172.104.121.252 - - [10/Apr/2023:23:00:19 +0700] "ST / HTTP/2.0" 405 166 "-" "Mozilla/5.0 (Android; Linux armv7l; rv:2.0.1) Gecko/20100101 Firefox/4.0.1 Fennec/2.0.1"
172.104.121.252 - - [10/Apr/2023:23:00:19 +0700] "ST / HTTP/2.0" 405 166 "-" "Mozilla/5.0 (PLAYSTATION 3; 3.55)"
172.104.121.252 - - [10/Apr/2023:23:00:19 +0700] "ST / HTTP/2.0" 405 166 "-" "Mozilla/5.0 (Android; Linux armv7l; rv:2.0.1) Gecko/20100101 Firefox/4.0.1 Fennec/2.0.1"
172.104.121.252 - - [10/Apr/2023:23:00:19 +0700] "ST / HTTP/2.0" 405 166 "-" "Mozilla/5.0 (PLAYSTATION 3; 3.55)"
172.104.121.252 - - [10/Apr/2023:23:00:19 +0700] "ST / HTTP/2.0" 405 166 "-" "Mozilla/5.0 (Android; Linux armv7l; rv:2.0.1) Gecko/20100101 Firefox/4.0.1 Fennec/2.0.1"
172.104.121.252 - - [10/Apr/2023:23:00:19 +0700] "ST / HTTP/2.0" 405 166 "-" "Mozilla/5.0 (PLAYSTATION 3; 3.55)"
172.104.121.252 - - [10/Apr/2023:23:00:19 +0700] "ST / HTTP/2.0" 405 166 "-" "Mozilla/5.0 (Android; Linux armv7l; rv:2.0.1) Gecko/20100101 Firefox/4.0.1 Fennec/2.0.1"
172.104.121.252 - - [10/Apr/2023:23:00:19 +0700] "ST / HTTP/2.0" 405 166 "-" "Mozilla/5.0 (PLAYSTATION 3; 3.55)"
172.104.121.252 - - [10/Apr/2023:23:00:20 +0700] "ST / HTTP/2.0" 405 166 "-" "Mozilla/5.0 (Android; Linux armv7l; rv:2.0.1) Gecko/20100101 Firefox/4.0.1 Fennec/2.0.1"
172.104.121.252 - - [10/Apr/2023:23:00:20 +0700] "ST / HTTP/2.0" 405 166 "-" "Mozilla/5.0 (PLAYSTATION 3; 3.55)"
172.104.121.252 - - [10/Apr/2023:23:00:20 +0700] "ST / HTTP/2.0" 405 166 "-" "Mozilla/5.0 (Android; Linux armv7l; rv:2.0.1) Gecko/20100101 Firefox/4.0.1 Fennec/2.0.1"
172.104.121.252 - - [10/Apr/2023:23:00:20 +0700] "ST / HTTP/2.0" 405 166 "-" "Mozilla/5.0 (PLAYSTATION 3; 3.55)"
172.104.121.252 - - [10/Apr/2023:23:00:20 +0700] "POST / HTTP/2.0" 200 57540 "-" "Mozilla/5.0 (BlackBerry; U; BlackBerry 9850; en-US) AppleWebKit/534.11+ (KHTML, like Gecko) Version/7.0.0.254 Mobile Safari/534.11+"
68.71.254.6 - - [10/Apr/2023:23:00:20 +0700] "ST / HTTP/2.0" 405 166 "-" "Opera/5.0 (SunOS 5.8 sun4m; U) [en]"
172.104.121.252 - - [10/Apr/2023:23:00:20 +0700] "ST / HTTP/2.0" 405 166 "-" "Mozilla/5.0 (Android; Linux armv7l; rv:2.0.1) Gecko/20100101 Firefox/4.0.1 Fennec/2.0.1"
172.104.121.252 - - [10/Apr/2023:23:00:20 +0700] "ST / HTTP/2.0" 405 166 "-" "Mozilla/5.0 (PLAYSTATION 3; 3.55)"
172.104.121.252 - - [10/Apr/2023:23:00:20 +0700] "ST / HTTP/2.0" 405 166 "-" "Mozilla/5.0 (BlackBerry; U; BlackBerry 9850; en-US) AppleWebKit/534.11+ (KHTML, like Gecko) Version/7.0.0.254 Mobile Safari/534.11+"
172.104.121.252 - - [10/Apr/2023:23:00:20 +0700] "ST / HTTP/2.0" 405 166 "-" "Mozilla/5.0 (Android; Linux armv7l; rv:2.0.1) Gecko/20100101 Firefox/4.0.1 Fennec/2.0.1"
172.104.121.252 - - [10/Apr/2023:23:00:20 +0700] "ST / HTTP/2.0" 405 166 "-" "Mozilla/5.0 (PLAYSTATION 3; 3.55)"
172.104.121.252 - - [10/Apr/2023:23:00:20 +0700] "ST / HTTP/2.0" 405 166 "-" "Mozilla/5.0 (Android; Linux armv7l; rv:2.0.1) Gecko/20100101 Firefox/4.0.1 Fennec/2.0.1"
172.104.121.252 - - [10/Apr/2023:23:00:20 +0700] "ST / HTTP/2.0" 405 166 "-" "Mozilla/5.0 (PLAYSTATION 3; 3.55)"
172.104.121.252 - - [10/Apr/2023:23:00:20 +0700] "ST / HTTP/2.0" 405 166 "-" "Mozilla/5.0 (Android; Linux armv7l; rv:2.0.1) Gecko/20100101 Firefox/4.0.1 Fennec/2.0.1"
172.104.121.252 - - [10/Apr/2023:23:00:20 +0700] "ST / HTTP/2.0" 405 166 "-" "Mozilla/5.0 (PLAYSTATION 3; 3.55)"
172.104.121.252 - - [10/Apr/2023:23:00:20 +0700] "ST / HTTP/2.0" 405 166 "-" "Mozilla/5.0 (Android; Linux armv7l; rv:2.0.1) Gecko/20100101 Firefox/4.0.1 Fennec/2.0.1"
68.71.254.6 - - [10/Apr/2023:23:00:20 +0700] "ST / HTTP/2.0" 405 166 "-" "Opera/5.0 (SunOS 5.8 sun4m; U) [en]"
172.104.121.252 - - [10/Apr/2023:23:00:20 +0700] "ST / HTTP/2.0" 405 166 "-" "Mozilla/5.0 (PLAYSTATION 3; 3.55)"
172.104.121.252 - - [10/Apr/2023:23:00:20 +0700] "ST / HTTP/2.0" 405 166 "-" "Mozilla/5.0 (Android; Linux armv7l; rv:2.0.1) Gecko/20100101 Firefox/4.0.1 Fennec/2.0.1"
172.104.121.252 - - [10/Apr/2023:23:00:20 +0700] "ST / HTTP/2.0" 405 166 "-" "Mozilla/5.0 (PLAYSTATION 3; 3.55)"
172.104.121.252 - - [10/Apr/2023:23:00:20 +0700] "ST / HTTP/2.0" 405 166 "-" "Mozilla/5.0 (Android; Linux armv7l; rv:2.0.1) Gecko/20100101 Firefox/4.0.1 Fennec/2.0.1"
172.104.121.252 - - [10/Apr/2023:23:00:20 +0700] "ST / HTTP/2.0" 405 166 "-" "Mozilla/5.0 (Android; Linux armv7l; rv:2.0.1) Gecko/20100101 Firefox/4.0.1 Fennec/2.0.1"
172.104.121.252 - - [10/Apr/2023:23:00:20 +0700] "ST / HTTP/2.0" 405 166 "-" "Mozilla/5.0 (Android; Linux armv7l; rv:2.0.1) Gecko/20100101 Firefox/4.0.1 Fennec/2.0.1"
172.104.121.252 - - [10/Apr/2023:23:00:20 +0700] "ST / HTTP/2.0" 405 166 "-" "Mozilla/5.0 (Android; Linux armv7l; rv:2.0.1) Gecko/20100101 Firefox/4.0.1 Fennec/2.0.1"
172.104.121.252 - - [10/Apr/2023:23:00:21 +0700] "ST / HTTP/2.0" 405 166 "-" "Mozilla/5.0 (Android; Linux armv7l; rv:2.0.1) Gecko/20100101 Firefox/4.0.1 Fennec/2.0.1"
172.104.121.252 - - [10/Apr/2023:23:00:21 +0700] "ST / HTTP/2.0" 405 166 "-" "Mozilla/5.0 (Android; Linux armv7l; rv:2.0.1) Gecko/20100101 Firefox/4.0.1 Fennec/2.0.1"
172.104.121.252 - - [10/Apr/2023:23:00:21 +0700] "ST / HTTP/2.0" 405 166 "-" "Mozilla/5.0 (Android; Linux armv7l; rv:2.0.1) Gecko/20100101 Firefox/4.0.1 Fennec/2.0.1"
172.104.121.252 - - [10/Apr/2023:23:00:21 +0700] "ST / HTTP/2.0" 405 166 "-" "Mozilla/5.0 (Android; Linux armv7l; rv:2.0.1) Gecko/20100101 Firefox/4.0.1 Fennec/2.0.1"
172.104.121.252 - - [10/Apr/2023:23:00:21 +0700] "ST / HTTP/2.0" 405 166 "-" "Mozilla/5.0 (Android; Linux armv7l; rv:2.0.1) Gecko/20100101 Firefox/4.0.1 Fennec/2.0.1"
172.104.121.252 - - [10/Apr/2023:23:00:21 +0700] "ST / HTTP/2.0" 405 166 "-" "Mozilla/5.0 (Android; Linux armv7l; rv:2.0.1) Gecko/20100101 Firefox/4.0.1 Fennec/2.0.1"
172.104.121.252 - - [10/Apr/2023:23:00:21 +0700] "ST / HTTP/2.0" 405 166 "-" "Mozilla/5.0 (Android; Linux armv7l; rv:2.0.1) Gecko/20100101 Firefox/4.0.1 Fennec/2.0.1"
172.104.121.252 - - [10/Apr/2023:23:00:21 +0700] "ST / HTTP/2.0" 405 166 "-" "Mozilla/5.0 (Android; Linux armv7l; rv:2.0.1) Gecko/20100101 Firefox/4.0.1 Fennec/2.0.1"
172.104.121.252 - - [10/Apr/2023:23:00:21 +0700] "POST / HTTP/2.0" 200 57540 "-" "Opera/9.80 (Windows NT 6.1; U; en) Presto/2.7.62 Version/11.01"
172.104.121.252 - - [10/Apr/2023:23:00:21 +0700] "ST / HTTP/2.0" 405 166 "-" "Mozilla/5.0 (Android; Linux armv7l; rv:2.0.1) Gecko/20100101 Firefox/4.0.1 Fennec/2.0.1"
172.104.121.252 - - [10/Apr/2023:23:00:21 +0700] "ST / HTTP/2.0" 405 166 "-" "Mozilla/5.0 (Android; Linux armv7l; rv:2.0.1) Gecko/20100101 Firefox/4.0.1 Fennec/2.0.1"
172.104.121.252 - - [10/Apr/2023:23:00:21 +0700] "POST / HTTP/2.0" 200 57540 "-" "nook browser/1.0"
172.104.121.252 - - [10/Apr/2023:23:00:21 +0700] "ST / HTTP/2.0" 405 166 "-" "Mozilla/5.0 (Android; Linux armv7l; rv:2.0.1) Gecko/20100101 Firefox/4.0.1 Fennec/2.0.1"
172.104.121.252 - - [10/Apr/2023:23:00:21 +0700] "ST / HTTP/2.0" 405 166 "-" "Mozilla/5.0 (Android; Linux armv7l; rv:2.0.1) Gecko/20100101 Firefox/4.0.1 Fennec/2.0.1"
172.104.121.252 - - [10/Apr/2023:23:00:22 +0700] "ST / HTTP/2.0" 405 166 "-" "Mozilla/5.0 (Android; Linux armv7l; rv:2.0.1) Gecko/20100101 Firefox/4.0.1 Fennec/2.0.1"
172.104.121.252 - - [10/Apr/2023:23:00:22 +0700] "ST / HTTP/2.0" 405 166 "-" "Mozilla/5.0 (Android; Linux armv7l; rv:2.0.1) Gecko/20100101 Firefox/4.0.1 Fennec/2.0.1"
172.104.121.252 - - [10/Apr/2023:23:00:22 +0700] "ST / HTTP/2.0" 405 166 "-" "Mozilla/5.0 (Android; Linux armv7l; rv:2.0.1) Gecko/20100101 Firefox/4.0.1 Fennec/2.0.1"
172.104.121.252 - - [10/Apr/2023:23:00:22 +0700] "ST / HTTP/2.0" 405 166 "-" "Mozilla/5.0 (Android; Linux armv7l; rv:2.0.1) Gecko/20100101 Firefox/4.0.1 Fennec/2.0.1"
172.104.121.252 - - [10/Apr/2023:23:00:22 +0700] "ST / HTTP/2.0" 405 166 "-" "Mozilla/5.0 (PLAYSTATION 3; 3.55)"
172.104.121.252 - - [10/Apr/2023:23:00:22 +0700] "ST / HTTP/2.0" 405 166 "-" "Mozilla/5.0 (PLAYSTATION 3; 3.55)"
172.104.121.252 - - [10/Apr/2023:23:00:23 +0700] "POST / HTTP/2.0" 200 57540 "-" "Opera/9.64 (Macintosh; PPC Mac OS X; U; en) Presto/2.1.1"
172.104.121.252 - - [10/Apr/2023:23:00:23 +0700] "ST / HTTP/2.0" 405 166 "-" "Opera/9.64 (Macintosh; PPC Mac OS X; U; en) Presto/2.1.1"
172.104.121.252 - - [10/Apr/2023:23:00:23 +0700] "ST / HTTP/2.0" 405 166 "-" "Opera/9.64 (Macintosh; PPC Mac OS X; U; en) Presto/2.1.1"
172.104.121.252 - - [10/Apr/2023:23:00:23 +0700] "POST / HTTP/2.0" 200 57540 "-" "Mozilla/5.0 (Macintosh; U; PPC Mac OS X; fr)"
172.104.121.252 - - [10/Apr/2023:23:00:23 +0700] "ST / HTTP/2.0" 405 166 "-" "Opera/9.64 (Macintosh; PPC Mac OS X; U; en) Presto/2.1.1"
172.104.121.252 - - [10/Apr/2023:23:00:23 +0700] "ST / HTTP/2.0" 405 166 "-" "Opera/9.64 (Macintosh; PPC Mac OS X; U; en) Presto/2.1.1"
172.104.121.252 - - [10/Apr/2023:23:00:23 +0700] "ST / HTTP/2.0" 405 166 "-" "Mozilla/5.0 (Macintosh; U; PPC Mac OS X; fr)"
172.104.121.252 - - [10/Apr/2023:23:00:24 +0700] "ST / HTTP/2.0" 405 166 "-" "Opera/9.64 (Macintosh; PPC Mac OS X; U; en) Presto/2.1.1"
172.104.121.252 - - [10/Apr/2023:23:00:24 +0700] "ST / HTTP/2.0" 405 166 "-" "Mozilla/5.0 (Macintosh; U; PPC Mac OS X; fr)"
172.104.121.252 - - [10/Apr/2023:23:00:24 +0700] "ST / HTTP/2.0" 405 166 "-" "Opera/9.64 (Macintosh; PPC Mac OS X; U; en) Presto/2.1.1"
172.104.121.252 - - [10/Apr/2023:23:00:24 +0700] "POST / HTTP/2.0" 200 57540 "-" "SearchExpress"
172.104.121.252 - - [10/Apr/2023:23:00:24 +0700] "ST / HTTP/2.0" 405 166 "-" "Opera/9.64 (Macintosh; PPC Mac OS X; U; en) Presto/2.1.1"
172.104.121.252 - - [10/Apr/2023:23:00:24 +0700] "ST / HTTP/2.0" 405 166 "-" "SearchExpress"
172.104.121.252 - - [10/Apr/2023:23:00:24 +0700] "ST / HTTP/2.0" 405 166 "-" "Opera/9.64 (Macintosh; PPC Mac OS X; U; en) Presto/2.1.1"
172.104.121.252 - - [10/Apr/2023:23:00:24 +0700] "ST / HTTP/2.0" 405 166 "-" "Mozilla/5.0 (Macintosh; U; PPC Mac OS X; fr)"
172.104.121.252 - - [10/Apr/2023:23:00:24 +0700] "ST / HTTP/2.0" 405 166 "-" "Mozilla/5.0 (Macintosh; U; PPC Mac OS X; fr)"
172.104.121.252 - - [10/Apr/2023:23:00:24 +0700] "ST / HTTP/2.0" 405 166 "-" "Mozilla/5.0 (Macintosh; U; PPC Mac OS X; fr)"
172.104.121.252 - - [10/Apr/2023:23:00:24 +0700] "ST / HTTP/2.0" 405 166 "-" "Mozilla/5.0 (Macintosh; U; PPC Mac OS X; fr)"
172.104.121.252 - - [10/Apr/2023:23:00:24 +0700] "ST / HTTP/2.0" 405 166 "-" "Mozilla/5.0 (Macintosh; U; PPC Mac OS X; fr)"
172.104.121.252 - - [10/Apr/2023:23:00:24 +0700] "ST / HTTP/2.0" 405 166 "-" "Mozilla/5.0 (Macintosh; U; PPC Mac OS X; fr)"
172.104.121.252 - - [10/Apr/2023:23:00:24 +0700] "ST / HTTP/2.0" 405 166 "-" "Mozilla/5.0 (Macintosh; U; PPC Mac OS X; fr)"
172.104.121.252 - - [10/Apr/2023:23:00:25 +0700] "ST / HTTP/2.0" 405 166 "-" "Mozilla/5.0 (Macintosh; U; PPC Mac OS X; fr)"
172.104.121.252 - - [10/Apr/2023:23:00:25 +0700] "ST / HTTP/2.0" 405 166 "-" "Mozilla/5.0 (Macintosh; U; PPC Mac OS X; fr)"
172.104.121.252 - - [10/Apr/2023:23:00:25 +0700] "ST / HTTP/2.0" 405 166 "-" "Mozilla/5.0 (Macintosh; U; PPC Mac OS X; fr)"
172.104.121.252 - - [10/Apr/2023:23:00:25 +0700] "ST / HTTP/2.0" 405 166 "-" "Mozilla/5.0 (Macintosh; U; PPC Mac OS X; fr)"
172.104.121.252 - - [10/Apr/2023:23:00:25 +0700] "POST / HTTP/2.0" 200 57540 "-" "Mozilla/4.0 (compatible; MSIE 6.0; Windows NT 5.2; SV1; .NET CLR 1.1.4322; InfoPath.1; .NET CLR 2.0.50727)"
172.104.123.68 - - [10/Apr/2023:23:00:25 +0700] "POST / HTTP/2.0" 200 57540 "-" "NokiaN70-1/5.0609.2.0.1 Series60/2.8 Profile/MIDP-2.0 Configuration/CLDC-1.1 UP.Link/6.3.1.13.0"
172.104.121.252 - - [10/Apr/2023:23:00:25 +0700] "ST / HTTP/2.0" 405 166 "-" "Mozilla/5.0 (Macintosh; U; PPC Mac OS X; fr)"
172.104.121.252 - - [10/Apr/2023:23:00:25 +0700] "POST / HTTP/2.0" 200 57540 "-" "Mozilla/5.0 (Linux; Android 6.0.1; SM-G920V Build/MMB29K) AppleWebKit/537.36 (KHTML, like Gecko) Chrome/52.0.2743.98 Mobile Safari/537.36"
172.104.121.252 - - [10/Apr/2023:23:00:25 +0700] "ST / HTTP/2.0" 405 166 "-" "Mozilla/5.0 (Macintosh; U; PPC Mac OS X; fr)"
172.104.121.252 - - [10/Apr/2023:23:00:25 +0700] "ST / HTTP/2.0" 405 166 "-" "Mozilla/5.0 (Macintosh; U; PPC Mac OS X; fr)"
172.104.121.252 - - [10/Apr/2023:23:00:25 +0700] "ST / HTTP/2.0" 405 166 "-" "Mozilla/5.0 (Macintosh; U; PPC Mac OS X; fr)"
172.104.121.252 - - [10/Apr/2023:23:00:25 +0700] "ST / HTTP/2.0" 405 166 "-" "Mozilla/5.0 (Macintosh; U; PPC Mac OS X; fr)"
172.104.121.252 - - [10/Apr/2023:23:00:25 +0700] "ST / HTTP/2.0" 405 166 "-" "Mozilla/5.0 (Macintosh; U; PPC Mac OS X; fr)"
172.104.121.252 - - [10/Apr/2023:23:00:25 +0700] "ST / HTTP/2.0" 405 166 "-" "Mozilla/5.0 (Macintosh; U; PPC Mac OS X; fr)"
172.104.121.252 - - [10/Apr/2023:23:00:26 +0700] "ST / HTTP/2.0" 405 166 "-" "Mozilla/5.0 (Macintosh; U; PPC Mac OS X; fr)"
172.104.121.252 - - [10/Apr/2023:23:00:26 +0700] "ST / HTTP/2.0" 405 166 "-" "Mozilla/5.0 (Macintosh; U; PPC Mac OS X; fr)"
172.104.121.252 - - [10/Apr/2023:23:00:26 +0700] "ST / HTTP/2.0" 405 166 "-" "Mozilla/5.0 (Macintosh; U; PPC Mac OS X; fr)"
172.104.121.252 - - [10/Apr/2023:23:00:26 +0700] "POST / HTTP/2.0" 200 57540 "-" "Opera/7.51 (Windows NT 5.1; U) [en]"
168.138.174.77 - - [10/Apr/2023:23:00:26 +0700] "POST / HTTP/2.0" 200 57540 "-" "SonyEricssonT650i/R7AA Browser/NetFront/3.3 Profile/MIDP-2.0 Configuration/CLDC-1.1"
72.37.216.68 - - [10/Apr/2023:23:00:26 +0700] "POST / HTTP/2.0" 200 57540 "-" "Mozilla/5.0 (compatible; Konqueror/3.4; Linux) KHTML/3.4.3 (like Gecko)"
168.138.174.77 - - [10/Apr/2023:23:00:26 +0700] "ST / HTTP/2.0" 405 166 "-" "SonyEricssonT650i/R7AA Browser/NetFront/3.3 Profile/MIDP-2.0 Configuration/CLDC-1.1"
168.138.174.77 - - [10/Apr/2023:23:00:26 +0700] "ST / HTTP/2.0" 405 166 "-" "SonyEricssonT650i/R7AA Browser/NetFront/3.3 Profile/MIDP-2.0 Configuration/CLDC-1.1"
172.104.121.252 - - [10/Apr/2023:23:00:26 +0700] "ST / HTTP/2.0" 405 166 "-" "Mozilla/5.0 (Android; Linux armv7l; rv:2.0.1) Gecko/20100101 Firefox/4.0.1 Fennec/2.0.1"
168.138.174.77 - - [10/Apr/2023:23:00:26 +0700] "ST / HTTP/2.0" 405 166 "-" "SonyEricssonT650i/R7AA Browser/NetFront/3.3 Profile/MIDP-2.0 Configuration/CLDC-1.1"
168.138.174.77 - - [10/Apr/2023:23:00:26 +0700] "ST / HTTP/2.0" 405 166 "-" "SonyEricssonT650i/R7AA Browser/NetFront/3.3 Profile/MIDP-2.0 Configuration/CLDC-1.1"
168.138.174.77 - - [10/Apr/2023:23:00:26 +0700] "ST / HTTP/2.0" 405 166 "-" "SonyEricssonT650i/R7AA Browser/NetFront/3.3 Profile/MIDP-2.0 Configuration/CLDC-1.1"
172.104.123.68 - - [10/Apr/2023:23:00:26 +0700] "POST / HTTP/2.0" 200 57540 "-" "Mozilla/4.0 (compatible; MSIE 6.1; Windows NT 5.1; Trident/4.0; SV1; .NET CLR 3.5.30729; InfoPath.2)"
168.138.174.77 - - [10/Apr/2023:23:00:26 +0700] "ST / HTTP/2.0" 405 166 "-" "SonyEricssonT650i/R7AA Browser/NetFront/3.3 Profile/MIDP-2.0 Configuration/CLDC-1.1"
168.138.174.77 - - [10/Apr/2023:23:00:26 +0700] "ST / HTTP/2.0" 405 166 "-" "SonyEricssonT650i/R7AA Browser/NetFront/3.3 Profile/MIDP-2.0 Configuration/CLDC-1.1"
168.138.174.77 - - [10/Apr/2023:23:00:26 +0700] "ST / HTTP/2.0" 405 166 "-" "SonyEricssonT650i/R7AA Browser/NetFront/3.3 Profile/MIDP-2.0 Configuration/CLDC-1.1"
168.138.174.77 - - [10/Apr/2023:23:00:26 +0700] "ST / HTTP/2.0" 405 166 "-" "SonyEricssonT650i/R7AA Browser/NetFront/3.3 Profile/MIDP-2.0 Configuration/CLDC-1.1"
168.138.174.77 - - [10/Apr/2023:23:00:26 +0700] "ST / HTTP/2.0" 405 166 "-" "SonyEricssonT650i/R7AA Browser/NetFront/3.3 Profile/MIDP-2.0 Configuration/CLDC-1.1"
172.104.123.68 - - [10/Apr/2023:23:00:26 +0700] "ST / HTTP/2.0" 405 568 "-" "Mozilla/4.0 (compatible; MSIE 6.1; Windows NT 5.1; Trident/4.0; SV1; .NET CLR 3.5.30729; InfoPath.2)"
72.37.216.68 - - [10/Apr/2023:23:00:27 +0700] "ST / HTTP/2.0" 405 166 "-" "Mozilla/5.0 (compatible; Konqueror/3.4; Linux) KHTML/3.4.3 (like Gecko)"
172.104.123.68 - - [10/Apr/2023:23:00:27 +0700] "ST / HTTP/2.0" 405 568 "-" "Mozilla/4.0 (compatible; MSIE 6.1; Windows NT 5.1; Trident/4.0; SV1; .NET CLR 3.5.30729; InfoPath.2)"
172.104.123.68 - - [10/Apr/2023:23:00:27 +0700] "ST / HTTP/2.0" 405 568 "-" "Mozilla/4.0 (compatible; MSIE 6.1; Windows NT 5.1; Trident/4.0; SV1; .NET CLR 3.5.30729; InfoPath.2)"
172.104.123.68 - - [10/Apr/2023:23:00:27 +0700] "ST / HTTP/2.0" 405 568 "-" "Mozilla/4.0 (compatible; MSIE 6.1; Windows NT 5.1; Trident/4.0; SV1; .NET CLR 3.5.30729; InfoPath.2)"
172.104.123.68 - - [10/Apr/2023:23:00:27 +0700] "ST / HTTP/2.0" 405 568 "-" "Mozilla/4.0 (compatible; MSIE 6.1; Windows NT 5.1; Trident/4.0; SV1; .NET CLR 3.5.30729; InfoPath.2)"
172.104.123.68 - - [10/Apr/2023:23:00:27 +0700] "ST / HTTP/2.0" 405 568 "-" "Mozilla/4.0 (compatible; MSIE 6.1; Windows NT 5.1; Trident/4.0; SV1; .NET CLR 3.5.30729; InfoPath.2)"
172.104.123.68 - - [10/Apr/2023:23:00:27 +0700] "ST / HTTP/2.0" 405 568 "-" "Mozilla/4.0 (compatible; MSIE 6.1; Windows NT 5.1; Trident/4.0; SV1; .NET CLR 3.5.30729; InfoPath.2)"
172.104.123.68 - - [10/Apr/2023:23:00:27 +0700] "ST / HTTP/2.0" 405 568 "-" "Mozilla/4.0 (compatible; MSIE 6.1; Windows NT 5.1; Trident/4.0; SV1; .NET CLR 3.5.30729; InfoPath.2)"
172.104.123.68 - - [10/Apr/2023:23:00:27 +0700] "ST / HTTP/2.0" 405 568 "-" "Mozilla/4.0 (compatible; MSIE 6.1; Windows NT 5.1; Trident/4.0; SV1; .NET CLR 3.5.30729; InfoPath.2)"
172.104.123.68 - - [10/Apr/2023:23:00:28 +0700] "ST / HTTP/2.0" 405 568 "-" "Mozilla/4.0 (compatible; MSIE 6.1; Windows NT 5.1; Trident/4.0; SV1; .NET CLR 3.5.30729; InfoPath.2)"
172.104.123.68 - - [10/Apr/2023:23:00:28 +0700] "POST / HTTP/2.0" 200 57540 "-" "Mozilla/4.5 [de] (Macintosh; I; PPC)"
172.104.123.68 - - [10/Apr/2023:23:00:28 +0700] "ST / HTTP/2.0" 405 568 "-" "Mozilla/4.0 (compatible; MSIE 6.1; Windows NT 5.1; Trident/4.0; SV1; .NET CLR 3.5.30729; InfoPath.2)"
172.104.121.252 - - [10/Apr/2023:23:00:33 +0700] "ST / HTTP/2.0" 405 166 "-" "Mozilla/5.0 (PLAYSTATION 3; 3.55)"
157.245.62.201 - - [10/Apr/2023:23:01:09 +0700] "POST / HTTP/2.0" 200 22 "-" "Cleantalk-Helper/1.0.0"
167.172.184.112 - - [10/Apr/2023:23:01:09 +0700] "POST / HTTP/2.0" 500 285 "-" "Mozilla/5.0 (X11; U; FreeBSD; i386; en-US; rv:1.7) Gecko"
157.245.62.201 - - [10/Apr/2023:23:01:09 +0700] "POST /wp-cron.php?doing_wp_cron=1681142469.3124299049377441406250 HTTP/2.0" 200 20 "-" "WordPress/6.2; https://tokoyafi.my.id"
192.252.220.92 - - [10/Apr/2023:23:01:09 +0700] "POST / HTTP/2.0" 200 57540 "-" "Mozilla/5.0 (Windows; U; Windows NT 6.0; en; rv:1.9.1.7) Gecko/20091221 Firefox/3.5.7"
192.252.220.92 - - [10/Apr/2023:23:01:10 +0700] "ST / HTTP/2.0" 405 166 "-" "Mozilla/5.0 (Windows; U; Windows NT 6.0; en; rv:1.9.1.7) Gecko/20091221 Firefox/3.5.7"
192.252.220.92 - - [10/Apr/2023:23:01:10 +0700] "ST / HTTP/2.0" 405 166 "-" "Mozilla/5.0 (Windows; U; Windows NT 6.0; en; rv:1.9.1.7) Gecko/20091221 Firefox/3.5.7"
192.252.220.92 - - [10/Apr/2023:23:01:10 +0700] "ST / HTTP/2.0" 405 166 "-" "Mozilla/5.0 (Windows; U; Windows NT 6.0; en; rv:1.9.1.7) Gecko/20091221 Firefox/3.5.7"
